Archive member included to satisfy reference by file (symbol)

/Applications/VEXcode Pro V5.app/Contents/Resources/sdk/vexv5/libv5rt.a(v5_startup.c.obj)
                              (vexStartup)
/Applications/VEXcode Pro V5.app/Contents/Resources/sdk/vexv5/libv5rt.a(v5_util.c.obj)
                              /Applications/VEXcode Pro V5.app/Contents/Resources/sdk/vexv5/libv5rt.a(v5_startup.c.obj) (vexStdlibVersionLinked)
/Applications/VEXcode Pro V5.app/Contents/Resources/sdk/vexv5/libv5rt.a(v5_apijump.c.obj)
                              /Applications/VEXcode Pro V5.app/Contents/Resources/sdk/vexv5/libv5rt.a(v5_startup.c.obj) (vexPrivateApiEnable)
/Applications/VEXcode Pro V5.app/Contents/Resources/sdk/vexv5/libv5rt.a(v5_apiversions.c.obj)
                              /Applications/VEXcode Pro V5.app/Contents/Resources/sdk/vexv5/libv5rt.a(v5_apijump.c.obj) (vexSystemVersion)
/Applications/VEXcode Pro V5.app/Contents/Resources/sdk/vexv5/libv5rt.a(vex_global.cpp.obj)
                              build/src/autons.o (vex::wait(double, vex::timeUnits))
/Applications/VEXcode Pro V5.app/Contents/Resources/sdk/vexv5/libv5rt.a(vex_motor.cpp.obj)
                              build/src/robot-config.o (vex::motor::~motor())
/Applications/VEXcode Pro V5.app/Contents/Resources/sdk/vexv5/libv5rt.a(vex_imu.cpp.obj)
                              build/src/robot-config.o (vex::inertial::~inertial())
/Applications/VEXcode Pro V5.app/Contents/Resources/sdk/vexv5/libv5rt.a(vex_controller.cpp.obj)
                              build/src/main.o (vex::controller::~controller())
/Applications/VEXcode Pro V5.app/Contents/Resources/sdk/vexv5/libv5rt.a(vex_thread.cpp.obj)
                              /Applications/VEXcode Pro V5.app/Contents/Resources/sdk/vexv5/libv5rt.a(vex_global.cpp.obj) (vex::this_thread::sleep_for(unsigned long))
/Applications/VEXcode Pro V5.app/Contents/Resources/sdk/vexv5/libv5rt.a(vex_event.cpp.obj)
                              /Applications/VEXcode Pro V5.app/Contents/Resources/sdk/vexv5/libv5rt.a(vex_imu.cpp.obj) (vex::event::init(unsigned long, unsigned long, void (*)()))
/Applications/VEXcode Pro V5.app/Contents/Resources/sdk/vexv5/libv5rt.a(vex_mevent.cpp.obj)
                              /Applications/VEXcode Pro V5.app/Contents/Resources/sdk/vexv5/libv5rt.a(vex_controller.cpp.obj) (vex::mevent::mevent(unsigned long, unsigned long))
/Applications/VEXcode Pro V5.app/Contents/Resources/sdk/vexv5/libv5rt.a(vex_brain.cpp.obj)
                              build/src/robot-config.o (vex::brain::lcd::setCursor(long, long))
/Applications/VEXcode Pro V5.app/Contents/Resources/sdk/vexv5/libv5rt.a(vex_competition.cpp.obj)
                              build/src/main.o (vex::competition::competition())
/Applications/VEXcode Pro V5.app/Contents/Resources/sdk/vexv5/libv5rt.a(vex_triport.cpp.obj)
                              /Applications/VEXcode Pro V5.app/Contents/Resources/sdk/vexv5/libv5rt.a(vex_brain.cpp.obj) (vex::triport::~triport())
/Applications/VEXcode Pro V5.app/Contents/Resources/sdk/vexv5/libv5rt.a(vex_color.cpp.obj)
                              /Applications/VEXcode Pro V5.app/Contents/Resources/sdk/vexv5/libv5rt.a(vex_brain.cpp.obj) (vex::color::operator unsigned long() const)
/Applications/VEXcode Pro V5.app/Contents/Resources/sdk/vexv5/libv5rt.a(vex_timer.cpp.obj)
                              /Applications/VEXcode Pro V5.app/Contents/Resources/sdk/vexv5/libv5rt.a(vex_brain.cpp.obj) (vex::timer::~timer())
/Applications/VEXcode Pro V5.app/Contents/Resources/sdk/vexv5/libv5rt.a(vex_motorgroup.cpp.obj)
                              build/src/robot-config.o (vex::motor_group::motor_group())
/Applications/VEXcode Pro V5.app/Contents/Resources/sdk/vexv5/libv5rt.a(vex_drivetrain.cpp.obj)
                              build/src/autons.o (vex::drivetrain::setDriveVelocity(double, vex::percentUnits))
/Applications/VEXcode Pro V5.app/Contents/Resources/sdk/vexv5/libv5rt.a(vex_smartdrive.cpp.obj)
                              build/src/robot-config.o (vex::smartdrive::~smartdrive())
/Applications/VEXcode Pro V5.app/Contents/Resources/sdk/vexv5/libv5rt.a(v5_apiuser.c.obj)
                              /Applications/VEXcode Pro V5.app/Contents/Resources/sdk/vexv5/libv5rt.a(vex_triport.cpp.obj) (vexAdiPortConfigSet)
/Applications/VEXcode Pro V5.app/Contents/Resources/sdk/vexv5/libv5rt.a(vex_device.cpp.obj)
                              /Applications/VEXcode Pro V5.app/Contents/Resources/sdk/vexv5/libv5rt.a(vex_motor.cpp.obj) (vex::device::~device())
/Applications/VEXcode Pro V5.app/Contents/Resources/sdk/vexv5/libv5rt.a(vex_task.cpp.obj)
                              /Applications/VEXcode Pro V5.app/Contents/Resources/sdk/vexv5/libv5rt.a(vex_competition.cpp.obj) (vex::task::task(int (*)()))
/Applications/VEXcode Pro V5.app/Contents/Resources/sdk/vexv5/gcc/libs/libc.a(lib_a-aeabi_memclr.o)
                              build/lvgl/src/misc/lv_mem.o (__aeabi_memclr)
[...]
Memory Configuration

Name             Origin             Length             Attributes
ps7_ddr_0_S_AXI_BASEADDR 0x0000000003800000 0x0000000004800000
*default*        0x0000000000000000 0xffffffffffffffff

Linker script and memory map

                0x0000000000002000                _STACK_SIZE = DEFINED (_STACK_SIZE)?_STACK_SIZE:0x2000
                0x0000000000100000                _HEAP_SIZE = DEFINED (_HEAP_SIZE)?_HEAP_SIZE:0x100000
                0x0000000000000400                _ABORT_STACK_SIZE = DEFINED (_ABORT_STACK_SIZE)?_ABORT_STACK_SIZE:0x400
                0x0000000000000800                _SUPERVISOR_STACK_SIZE = DEFINED (_SUPERVISOR_STACK_SIZE)?_SUPERVISOR_STACK_SIZE:0x800
                0x0000000000000400                _IRQ_STACK_SIZE = DEFINED (_IRQ_STACK_SIZE)?_IRQ_STACK_SIZE:0x400
                0x0000000000000400                _FIQ_STACK_SIZE = DEFINED (_FIQ_STACK_SIZE)?_FIQ_STACK_SIZE:0x400
                0x0000000000000400                _UNDEF_STACK_SIZE = DEFINED (_UNDEF_STACK_SIZE)?_UNDEF_STACK_SIZE:0x400

.text           0x0000000003800000    0x4a098
 *(.vectors)
 *(.boot_data)
 .boot_data     0x0000000003800000       0x20 /Applications/VEXcode Pro V5.app/Contents/Resources/sdk/vexv5/libv5rt.a(v5_startup.c.obj)
                0x0000000003800000                vexCodeSig
                0x0000000000000020                . = 0x20
 *(.boot)
 .boot          0x0000000003800020       0xbc /Applications/VEXcode Pro V5.app/Contents/Resources/sdk/vexv5/libv5rt.a(v5_startup.c.obj)
                0x0000000003800020                vexStartup
                0x0000000003800100                . = ALIGN (0x40)
 *fill*         0x00000000038000dc       0x24 
 *(.freertos_vectors)
 *(.text)
 .text          0x0000000003800100      0x170 build/src/v5lvgl.o
                0x0000000003800100                lvgltask
                0x0000000003800120                v5_lv_init
 .text          0x0000000003800270      0xaa4 build/lvgl/src/core/lv_disp.o
                0x0000000003800270                lv_disp_get_scr_act
                0x000000000380029c                lv_disp_get_scr_prev
                0x00000000038002c8                lv_disp_load_scr
                0x00000000038002f4                lv_scr_load_anim
                0x0000000003800790                lv_disp_get_layer_top
                0x00000000038007bc                lv_disp_get_layer_sys
                0x00000000038007e8                lv_disp_set_theme
                0x0000000003800870                lv_disp_get_theme
                0x0000000003800890                lv_disp_set_bg_color
                0x0000000003800910                lv_disp_set_bg_image
                0x0000000003800990                lv_disp_set_bg_opa
                0x0000000003800ba8                lv_disp_get_inactive_time
                0x0000000003800c0c                lv_disp_trig_activity
                0x0000000003800c3c                lv_disp_clean_dcache
                0x0000000003800c74                lv_disp_enable_invalidation
                0x0000000003800cb0                lv_disp_is_invalidation_enabled
                0x0000000003800ce8                _lv_disp_get_refr_timer
 .text          0x0000000003800d14      0x9c0 build/lvgl/src/core/lv_event.o
                0x0000000003800d14                lv_event_send
                0x0000000003801040                lv_obj_event_base
                0x00000000038010a0                lv_event_get_target
                0x00000000038010a8                lv_event_get_current_target
                0x00000000038010b0                lv_event_get_code
                0x00000000038010bc                lv_event_get_param
                0x00000000038010c4                lv_event_get_user_data
                0x00000000038010cc                lv_event_stop_bubbling
                0x00000000038010dc                lv_event_stop_processing
                0x00000000038010ec                lv_event_register_id
                0x0000000003801104                _lv_event_mark_deleted
                0x0000000003801140                lv_obj_add_event_cb
                0x0000000003801204                lv_obj_remove_event_cb
                0x000000000380130c                lv_obj_remove_event_cb_with_user_data
                0x0000000003801430                lv_obj_remove_event_dsc
                0x0000000003801544                lv_obj_get_event_user_data
                0x0000000003801594                lv_event_get_indev
                0x00000000038015b4                lv_event_get_draw_part_dsc
                0x00000000038015d0                lv_event_get_draw_ctx
                0x00000000038015f0                lv_event_get_old_size
                0x0000000003801608                lv_event_get_key
                0x000000000380162c                lv_event_get_scroll_anim
                0x0000000003801644                lv_event_set_ext_draw_size
                0x0000000003801668                lv_event_get_self_size_info
                0x0000000003801680                lv_event_get_hit_test_info
                0x0000000003801698                lv_event_get_cover_area
                0x00000000038016b4                lv_event_set_cover_res
 .text          0x00000000038016d4      0xb08 build/lvgl/src/core/lv_group.o
                0x00000000038016d4                _lv_group_init
                0x00000000038016e4                lv_group_create
                0x000000000380173c                lv_group_del
                0x00000000038018d0                lv_group_set_default
                0x00000000038018e0                lv_group_get_default
                0x00000000038018f0                lv_group_add_obj
                0x00000000038019c8                lv_group_remove_obj
                0x0000000003801b8c                lv_group_swap_obj
                0x0000000003801c3c                lv_group_focus_obj
                0x0000000003801d4c                lv_group_remove_all_objs
                0x0000000003801ddc                lv_group_set_editing
                0x0000000003801e44                lv_group_focus_next
                0x0000000003802070                lv_group_focus_prev
                0x00000000038020b8                lv_group_focus_freeze
                0x00000000038020d0                lv_group_send_data
                0x0000000003802138                lv_group_get_focused
                0x0000000003802154                lv_group_set_focus_cb
                0x000000000380215c                lv_group_set_edge_cb
                0x0000000003802164                lv_group_set_refocus_policy
                0x000000000380217c                lv_group_set_wrap
                0x0000000003802190                lv_group_get_focus_cb
                0x00000000038021a0                lv_group_get_edge_cb
                0x00000000038021b0                lv_group_get_editing
                0x00000000038021c4                lv_group_get_wrap
                0x00000000038021d8                lv_group_get_obj_count
 .text          0x00000000038021dc     0x1724 build/lvgl/src/core/lv_indev.o
                0x00000000038021dc                lv_indev_read_timer_cb
                0x0000000003802d18                lv_indev_enable
                0x0000000003802d74                lv_indev_get_act
                0x0000000003802d84                lv_indev_get_type
                0x0000000003802d98                lv_indev_reset
                0x0000000003802ecc                lv_indev_reset_long_press
                0x0000000003802ef8                lv_indev_set_cursor
                0x0000000003802f5c                lv_indev_set_group
                0x0000000003802f74                lv_indev_set_button_points
                0x0000000003802f88                lv_indev_get_point
                0x0000000003802fd4                lv_indev_get_gesture_dir
                0x0000000003802fe0                lv_indev_get_key
                0x0000000003802ffc                lv_indev_get_scroll_dir
                0x0000000003803028                lv_indev_get_scroll_obj
                0x0000000003803050                lv_indev_get_vect
                0x0000000003803088                lv_indev_wait_release
                0x000000000380309c                lv_indev_get_obj_act
                0x00000000038030ac                lv_indev_get_read_timer
                0x00000000038030bc                lv_indev_search_obj
 .text          0x0000000003803900     0x13ac build/lvgl/src/core/lv_indev_scroll.o
                0x0000000003803900                _lv_indev_scroll_handler
                0x000000000380441c                _lv_indev_scroll_throw_handler
                0x0000000003804bec                lv_indev_scroll_throw_predict
                0x0000000003804c6c                lv_indev_scroll_get_snap_dist
 .text          0x0000000003804cac     0x15a8 build/lvgl/src/core/lv_obj.o
                0x00000000038059f0                lv_is_initialized
                0x0000000003805a00                lv_init
                0x0000000003805a70                lv_deinit
                0x0000000003805a9c                lv_obj_create
                0x0000000003805ac4                lv_obj_add_flag
                0x0000000003805b7c                lv_obj_clear_flag
                0x0000000003805c38                lv_obj_add_state
                0x0000000003806048                lv_obj_clear_state
                0x000000000380605c                lv_obj_has_flag
                0x0000000003806074                lv_obj_has_flag_any
                0x0000000003806084                lv_obj_get_state
                0x000000000380608c                lv_obj_has_state
                0x000000000380609c                lv_obj_get_group
                0x00000000038060b0                lv_obj_allocate_spec_attr
                0x0000000003806120                lv_obj_check_type
                0x000000000380613c                lv_obj_has_class
                0x0000000003806164                lv_obj_get_class
                0x000000000380616c                lv_obj_is_valid
 .text          0x0000000003806254      0x340 build/lvgl/src/core/lv_obj_class.o
                0x0000000003806254                lv_obj_class_create_obj
                0x00000000038063dc                lv_obj_class_init_obj
                0x00000000038064ec                lv_obj_is_group_def
                0x0000000003806520                _lv_obj_destruct
                0x0000000003806560                lv_obj_is_editable
 .text          0x0000000003806594      0xbe8 build/lvgl/src/core/lv_obj_draw.o
                0x0000000003806594                lv_obj_init_draw_rect_dsc
                0x0000000003806a2c                lv_obj_init_draw_label_dsc
                0x0000000003806b60                lv_obj_init_draw_img_dsc
                0x0000000003806c90                lv_obj_init_draw_line_dsc
                0x0000000003806dd0                lv_obj_init_draw_arc_dsc
                0x0000000003806ef0                lv_obj_calculate_ext_draw_size
                0x0000000003807070                lv_obj_draw_dsc_init
                0x0000000003807090                lv_obj_draw_part_check_type
                0x00000000038070b8                lv_obj_refresh_ext_draw_size
                0x000000000380714c                _lv_obj_get_ext_draw_size
                0x0000000003807164                _lv_obj_get_layer_type
 .text          0x000000000380717c     0x2860 build/lvgl/src/core/lv_obj_pos.o
                0x000000000380717c                lv_obj_set_pos
                0x00000000038071a0                lv_obj_set_x
                0x00000000038071f8                lv_obj_set_y
                0x0000000003807250                lv_obj_refr_size
                0x0000000003807bfc                lv_obj_get_width
                0x0000000003807c14                lv_obj_get_content_width
                0x0000000003807c78                lv_clamp_width
                0x0000000003807d14                lv_obj_get_height
                0x0000000003807d2c                lv_obj_get_content_height
                0x0000000003807d90                lv_clamp_height
                0x0000000003807e2c                lv_obj_invalidate
                0x0000000003807e84                lv_obj_get_coords
                0x0000000003807ea8                lv_obj_get_content_coords
                0x0000000003807f6c                lv_obj_set_size
                0x0000000003807f90                lv_obj_set_width
                0x0000000003807fe8                lv_obj_set_height
                0x0000000003808040                lv_obj_set_content_width
                0x000000000380809c                lv_obj_set_content_height
                0x00000000038080f8                lv_obj_set_layout
                0x000000000380811c                lv_obj_mark_layout_as_dirty
                0x0000000003808158                lv_obj_is_layout_positioned
                0x00000000038081ac                lv_obj_update_layout
                0x00000000038082c8                lv_layout_register
                0x0000000003808334                lv_obj_set_align
                0x000000000380833c                lv_obj_align
                0x0000000003808374                lv_obj_align_to
                0x0000000003808aa0                lv_obj_get_x
                0x0000000003808b04                lv_obj_get_x2
                0x0000000003808b30                lv_obj_get_y
                0x0000000003808b94                lv_obj_get_y2
                0x0000000003808bc0                lv_obj_get_x_aligned
                0x0000000003808bdc                lv_obj_get_y_aligned
                0x0000000003808bf8                lv_obj_get_self_width
                0x0000000003808c28                lv_obj_get_self_height
                0x0000000003808c54                lv_obj_refresh_self_size
                0x0000000003808cac                lv_obj_refr_pos
                0x0000000003809000                lv_obj_move_to
                0x00000000038091dc                lv_obj_move_children_by
                0x000000000380928c                lv_obj_transform_point
                0x00000000038094b0                lv_obj_get_transformed_area
                0x0000000003809604                lv_obj_invalidate_area
                0x0000000003809674                lv_obj_area_is_visible
                0x0000000003809814                lv_obj_is_visible
                0x000000000380986c                lv_obj_set_ext_click_area
                0x000000000380988c                lv_obj_get_click_area
                0x00000000038098e8                lv_obj_hit_test
 .text          0x00000000038099dc     0x1dc8 build/lvgl/src/core/lv_obj_scroll.o
                0x00000000038099dc                lv_obj_set_scrollbar_mode
                0x0000000003809a20                lv_obj_set_scroll_dir
                0x0000000003809a58                lv_obj_set_scroll_snap_x
                0x0000000003809a88                lv_obj_set_scroll_snap_y
                0x0000000003809ab8                lv_obj_get_scrollbar_mode
                0x0000000003809ad0                lv_obj_get_scroll_dir
                0x0000000003809ae8                lv_obj_get_scroll_snap_x
                0x0000000003809b00                lv_obj_get_scroll_snap_y
                0x0000000003809b18                lv_obj_get_scroll_x
                0x0000000003809b34                lv_obj_get_scroll_y
                0x0000000003809b50                lv_obj_get_scroll_top
                0x0000000003809b6c                lv_obj_get_scroll_bottom
                0x0000000003809c90                lv_obj_get_scroll_left
                0x0000000003809dfc                lv_obj_get_scroll_right
                0x0000000003809f4c                lv_obj_get_scroll_end
                0x000000000380a034                lv_obj_scroll_by_bounded
                0x000000000380a1d8                lv_obj_scroll_by
                0x000000000380a3d8                _lv_obj_scroll_by_raw
                0x000000000380a454                lv_obj_scroll_to
                0x000000000380a484                lv_obj_scroll_to_x
                0x000000000380a4d4                lv_obj_scroll_to_y
                0x000000000380a524                lv_obj_scroll_to_view
                0x000000000380aa3c                lv_obj_scroll_to_view_recursive
                0x000000000380aaa8                lv_obj_is_scrolling
                0x000000000380ab00                lv_obj_update_snap
                0x000000000380ab40                lv_obj_get_scrollbar_area
                0x000000000380b614                lv_obj_scrollbar_invalidate
                0x000000000380b694                lv_obj_readjust_scroll
 .text          0x000000000380b7a4     0x18dc build/lvgl/src/core/lv_obj_style.o
                0x000000000380b7a4                _lv_obj_style_init
                0x000000000380b7b4                lv_obj_add_style
                0x000000000380b9cc                lv_obj_refresh_style
                0x000000000380bbfc                lv_obj_remove_style
                0x000000000380bddc                lv_obj_style_get_selector_state
                0x000000000380bde4                lv_obj_style_get_selector_part
                0x000000000380bdec                lv_obj_report_style_change
                0x000000000380bf64                lv_obj_enable_style_refresh
                0x000000000380bf74                lv_obj_get_style_prop
                0x000000000380c1dc                lv_obj_set_local_style_prop
                0x000000000380c34c                lv_obj_set_local_style_prop_meta
                0x000000000380c38c                lv_obj_get_local_style_prop
                0x000000000380c3e8                lv_obj_remove_local_style_prop
                0x000000000380c480                _lv_obj_style_create_transition
                0x000000000380cb2c                _lv_obj_style_apply_color_filter
                0x000000000380cb9c                _lv_obj_style_state_compare
                0x000000000380cf44                lv_obj_fade_in
                0x000000000380cfd0                lv_obj_fade_out
                0x000000000380d044                lv_obj_calculate_style_text_align
 .text          0x000000000380d080      0x540 build/lvgl/src/core/lv_obj_style_gen.o
                0x000000000380d080                lv_obj_set_style_width
                0x000000000380d090                lv_obj_set_style_min_width
                0x000000000380d0a0                lv_obj_set_style_max_width
                0x000000000380d0b0                lv_obj_set_style_height
                0x000000000380d0c0                lv_obj_set_style_min_height
                0x000000000380d0d0                lv_obj_set_style_max_height
                0x000000000380d0e0                lv_obj_set_style_x
                0x000000000380d0f0                lv_obj_set_style_y
                0x000000000380d100                lv_obj_set_style_align
                0x000000000380d110                lv_obj_set_style_transform_width
                0x000000000380d120                lv_obj_set_style_transform_height
                0x000000000380d130                lv_obj_set_style_translate_x
                0x000000000380d140                lv_obj_set_style_translate_y
                0x000000000380d150                lv_obj_set_style_transform_zoom
                0x000000000380d160                lv_obj_set_style_transform_angle
                0x000000000380d170                lv_obj_set_style_transform_pivot_x
                0x000000000380d180                lv_obj_set_style_transform_pivot_y
                0x000000000380d190                lv_obj_set_style_pad_top
                0x000000000380d1a0                lv_obj_set_style_pad_bottom
                0x000000000380d1b0                lv_obj_set_style_pad_left
                0x000000000380d1c0                lv_obj_set_style_pad_right
                0x000000000380d1d0                lv_obj_set_style_pad_row
                0x000000000380d1e0                lv_obj_set_style_pad_column
                0x000000000380d1f0                lv_obj_set_style_bg_color
                0x000000000380d200                lv_obj_set_style_bg_opa
                0x000000000380d210                lv_obj_set_style_bg_grad_color
                0x000000000380d220                lv_obj_set_style_bg_grad_dir
                0x000000000380d230                lv_obj_set_style_bg_main_stop
                0x000000000380d240                lv_obj_set_style_bg_grad_stop
                0x000000000380d250                lv_obj_set_style_bg_grad
                0x000000000380d260                lv_obj_set_style_bg_dither_mode
                0x000000000380d270                lv_obj_set_style_bg_img_src
                0x000000000380d280                lv_obj_set_style_bg_img_opa
                0x000000000380d290                lv_obj_set_style_bg_img_recolor
                0x000000000380d2a0                lv_obj_set_style_bg_img_recolor_opa
                0x000000000380d2b0                lv_obj_set_style_bg_img_tiled
                0x000000000380d2c0                lv_obj_set_style_border_color
                0x000000000380d2d0                lv_obj_set_style_border_opa
                0x000000000380d2e0                lv_obj_set_style_border_width
                0x000000000380d2f0                lv_obj_set_style_border_side
                0x000000000380d300                lv_obj_set_style_border_post
                0x000000000380d310                lv_obj_set_style_outline_width
                0x000000000380d320                lv_obj_set_style_outline_color
                0x000000000380d330                lv_obj_set_style_outline_opa
                0x000000000380d340                lv_obj_set_style_outline_pad
                0x000000000380d350                lv_obj_set_style_shadow_width
                0x000000000380d360                lv_obj_set_style_shadow_ofs_x
                0x000000000380d370                lv_obj_set_style_shadow_ofs_y
                0x000000000380d380                lv_obj_set_style_shadow_spread
                0x000000000380d390                lv_obj_set_style_shadow_color
                0x000000000380d3a0                lv_obj_set_style_shadow_opa
                0x000000000380d3b0                lv_obj_set_style_img_opa
                0x000000000380d3c0                lv_obj_set_style_img_recolor
                0x000000000380d3d0                lv_obj_set_style_img_recolor_opa
                0x000000000380d3e0                lv_obj_set_style_line_width
                0x000000000380d3f0                lv_obj_set_style_line_dash_width
                0x000000000380d400                lv_obj_set_style_line_dash_gap
                0x000000000380d410                lv_obj_set_style_line_rounded
                0x000000000380d420                lv_obj_set_style_line_color
                0x000000000380d430                lv_obj_set_style_line_opa
                0x000000000380d440                lv_obj_set_style_arc_width
                0x000000000380d450                lv_obj_set_style_arc_rounded
                0x000000000380d460                lv_obj_set_style_arc_color
                0x000000000380d470                lv_obj_set_style_arc_opa
                0x000000000380d480                lv_obj_set_style_arc_img_src
                0x000000000380d490                lv_obj_set_style_text_color
                0x000000000380d4a0                lv_obj_set_style_text_opa
                0x000000000380d4b0                lv_obj_set_style_text_font
                0x000000000380d4c0                lv_obj_set_style_text_letter_space
                0x000000000380d4d0                lv_obj_set_style_text_line_space
                0x000000000380d4e0                lv_obj_set_style_text_decor
                0x000000000380d4f0                lv_obj_set_style_text_align
                0x000000000380d500                lv_obj_set_style_radius
                0x000000000380d510                lv_obj_set_style_clip_corner
                0x000000000380d520                lv_obj_set_style_opa
                0x000000000380d530                lv_obj_set_style_color_filter_dsc
                0x000000000380d540                lv_obj_set_style_color_filter_opa
                0x000000000380d550                lv_obj_set_style_anim
                0x000000000380d560                lv_obj_set_style_anim_time
                0x000000000380d570                lv_obj_set_style_anim_speed
                0x000000000380d580                lv_obj_set_style_transition
                0x000000000380d590                lv_obj_set_style_blend_mode
                0x000000000380d5a0                lv_obj_set_style_layout
                0x000000000380d5b0                lv_obj_set_style_base_dir
 .text          0x000000000380d5c0      0x93c build/lvgl/src/core/lv_obj_tree.o
                0x000000000380d5c0                lv_obj_del
                0x000000000380d660                lv_obj_get_parent
                0x000000000380d670                lv_obj_get_disp
                0x000000000380d8c4                lv_obj_clean
                0x000000000380d928                lv_obj_get_child
                0x000000000380d95c                lv_obj_del_delayed
                0x000000000380d9b4                lv_obj_del_anim_ready_cb
                0x000000000380d9bc                lv_obj_del_async
                0x000000000380d9d0                lv_obj_set_parent
                0x000000000380db18                lv_obj_get_index
                0x000000000380dba0                lv_obj_get_child_cnt
                0x000000000380dbb4                lv_obj_move_to_index
                0x000000000380dce8                lv_obj_swap
                0x000000000380ddc8                lv_obj_get_screen
                0x000000000380dde4                lv_obj_tree_walk
 .text          0x000000000380defc     0x1ab0 build/lvgl/src/core/lv_refr.o
                0x000000000380defc                _lv_refr_init
                0x000000000380df00                lv_refr_now
                0x000000000380df64                _lv_disp_refr_timer
                0x000000000380e618                lv_obj_redraw
                0x000000000380ec74                _lv_inv_area
                0x000000000380ee24                _lv_refr_get_disp_refreshing
                0x000000000380ee34                _lv_refr_set_disp_refreshing
 .text          0x000000000380f9ac      0x160 build/lvgl/src/core/lv_theme.o
                0x000000000380f9ac                lv_theme_get_from_obj
                0x000000000380f9d0                lv_theme_apply
                0x000000000380fa54                lv_theme_set_parent
                0x000000000380fa5c                lv_theme_set_apply_cb
                0x000000000380fa64                lv_theme_get_font_small
                0x000000000380fa84                lv_theme_get_font_normal
                0x000000000380faa4                lv_theme_get_font_large
                0x000000000380fac4                lv_theme_get_color_primary
                0x000000000380fae8                lv_theme_get_color_secondary
 .text          0x000000000380fb0c       0x14 build/lvgl/src/draw/lv_draw.o
                0x000000000380fb0c                lv_draw_init
                0x000000000380fb10                lv_draw_wait_for_finish
 .text          0x000000000380fb20      0x624 build/lvgl/src/draw/lv_draw_arc.o
                0x000000000380fb20                lv_draw_arc_dsc_init
                0x000000000380fb50                lv_draw_arc
                0x000000000380fb98                lv_draw_arc_get_area
 .text          0x0000000003810144      0x55c build/lvgl/src/draw/lv_draw_img.o
                0x0000000003810144                lv_draw_img_dsc_init
                0x0000000003810180                lv_draw_img
                0x000000000381059c                lv_img_cf_get_px_size
                0x0000000003810608                lv_img_cf_is_chroma_keyed
                0x0000000003810620                lv_img_cf_has_alpha
                0x0000000003810640                lv_img_src_get_type
                0x0000000003810674                lv_draw_img_decoded
 .text          0x00000000038106a0      0x914 build/lvgl/src/draw/lv_draw_label.o
                0x00000000038106a0                lv_draw_label_dsc_init
                0x0000000003810700                lv_draw_label
                0x0000000003810fac                lv_draw_letter
 .text          0x0000000003810fb4      0x150 build/lvgl/src/draw/lv_draw_layer.o
                0x0000000003810fb4                lv_draw_layer_create
                0x0000000003811074                lv_draw_layer_adjust
                0x0000000003811084                lv_draw_layer_blend
                0x0000000003811094                lv_draw_layer_destroy
 .text          0x0000000003811104       0x54 build/lvgl/src/draw/lv_draw_line.o
                0x0000000003811104                lv_draw_line_dsc_init
                0x0000000003811134                lv_draw_line
 .text          0x0000000003811158     0x23b0 build/lvgl/src/draw/lv_draw_mask.o
                0x0000000003811158                lv_draw_mask_add
                0x00000000038111a0                lv_draw_mask_apply
                0x0000000003811234                lv_draw_mask_apply_ids
                0x00000000038112f4                lv_draw_mask_remove_id
                0x000000000381131c                lv_draw_mask_remove_custom
                0x0000000003811368                lv_draw_mask_free_param
                0x00000000038113d0                _lv_draw_mask_cleanup
                0x0000000003811410                lv_draw_mask_get_cnt
                0x0000000003811440                lv_draw_mask_is_any
                0x00000000038114dc                lv_draw_mask_line_points_init
                0x0000000003811d84                lv_draw_mask_line_angle_init
                0x0000000003811dec                lv_draw_mask_angle_init
                0x00000000038122c4                lv_draw_mask_radius_init
                0x0000000003812d38                lv_draw_mask_fade_init
                0x0000000003812f3c                lv_draw_mask_map_init
                0x000000000381305c                lv_draw_mask_polygon_init
 .text          0x0000000003813508       0xb8 build/lvgl/src/draw/lv_draw_rect.o
                0x0000000003813508                lv_draw_rect_dsc_init
                0x000000000381357c                lv_draw_rect
 .text          0x00000000038135c0       0x54 build/lvgl/src/draw/lv_draw_transform.o
                0x00000000038135c0                lv_draw_transform
 .text          0x0000000003813614      0x9cc build/lvgl/src/draw/lv_img_buf.o
                0x0000000003813614                lv_img_buf_get_px_color
                0x00000000038137b0                lv_img_buf_get_px_alpha
                0x00000000038138d8                lv_img_buf_set_px_alpha
                0x0000000003813a0c                lv_img_buf_set_px_color
                0x0000000003813be8                lv_img_buf_set_palette
                0x0000000003813c6c                lv_img_buf_alloc
                0x0000000003813d14                lv_img_buf_get_img_size
                0x0000000003813e48                lv_img_buf_free
                0x0000000003813e78                _lv_img_buf_get_transformed_area
 .text          0x0000000003813fe0       0xa8 build/lvgl/src/draw/lv_img_cache.o
                0x0000000003813fe0                _lv_img_cache_open
                0x0000000003814080                lv_img_cache_set_size
                0x0000000003814084                lv_img_cache_invalidate_src
 .text          0x0000000003814088      0xc3c build/lvgl/src/draw/lv_img_decoder.o
                0x0000000003814088                _lv_img_decoder_init
                0x00000000038140e0                lv_img_decoder_create
                0x0000000003814114                lv_img_decoder_set_info_cb
                0x000000000381411c                lv_img_decoder_built_in_info
                0x0000000003814240                lv_img_decoder_set_open_cb
                0x0000000003814248                lv_img_decoder_built_in_open
                0x0000000003814508                lv_img_decoder_set_read_line_cb
                0x0000000003814510                lv_img_decoder_built_in_read_line
                0x0000000003814974                lv_img_decoder_set_close_cb
                0x000000000381497c                lv_img_decoder_built_in_close
                0x00000000038149dc                lv_img_decoder_get_info
                0x0000000003814a90                lv_img_decoder_open
                0x0000000003814c04                lv_img_decoder_read_line
                0x0000000003814c50                lv_img_decoder_close
                0x0000000003814c9c                lv_img_decoder_delete
 .text          0x0000000003814cc4       0x14 build/lvgl/src/extra/lv_extra.o
                0x0000000003814cc4                lv_extra_init
 .text          0x0000000003814cd8      0x174 build/lvgl/src/font/lv_font.o
                0x0000000003814cd8                lv_font_get_glyph_bitmap
                0x0000000003814cec                lv_font_get_glyph_dsc
                0x0000000003814e18                lv_font_get_glyph_width
 .text          0x0000000003814e4c      0x424 build/lvgl/src/font/lv_font_fmt_txt.o
                0x0000000003814e4c                lv_font_get_bitmap_fmt_txt
                0x000000000381503c                lv_font_get_glyph_dsc_fmt_txt
                0x0000000003815224                _lv_font_clean_up_fmt_txt
 .text          0x0000000003815270      0xc50 build/lvgl/src/hal/lv_hal_disp.o
                0x0000000003815270                lv_disp_drv_init
                0x00000000038152e4                lv_disp_draw_buf_init
                0x0000000003815314                lv_disp_drv_register
                0x00000000038154f4                lv_disp_drv_update
                0x000000000381563c                lv_disp_get_hor_res
                0x0000000003815688                lv_disp_get_ver_res
                0x00000000038156e8                lv_disp_remove
                0x00000000038157b8                lv_disp_get_default
                0x00000000038157c8                lv_disp_set_default
                0x00000000038157d8                lv_disp_get_physical_hor_res
                0x000000000381583c                lv_disp_get_physical_ver_res
                0x00000000038158a0                lv_disp_get_offset_x
                0x0000000003815918                lv_disp_get_offset_y
                0x0000000003815990                lv_disp_get_antialiasing
                0x00000000038159c0                lv_disp_get_dpi
                0x00000000038159f0                lv_disp_flush_ready
                0x0000000003815a04                lv_disp_flush_is_last
                0x0000000003815a18                lv_disp_get_next
                0x0000000003815a3c                lv_disp_get_draw_buf
                0x0000000003815a48                lv_disp_set_rotation
                0x0000000003815a84                lv_disp_get_rotation
                0x0000000003815ab4                lv_disp_drv_use_generic_set_px_cb
 .text          0x0000000003815ec0      0x25c build/lvgl/src/hal/lv_hal_indev.o
                0x0000000003815ec0                lv_indev_drv_init
                0x0000000003815ef8                lv_indev_drv_register
                0x0000000003815f80                lv_indev_drv_update
                0x0000000003816024                lv_indev_delete
                0x000000000381607c                lv_indev_get_next
                0x00000000038160a0                _lv_indev_read
 .text          0x000000000381611c       0x84 build/lvgl/src/hal/lv_hal_tick.o
                0x000000000381611c                lv_tick_inc
                0x0000000003816144                lv_tick_get
                0x0000000003816170                lv_tick_elaps
 .text          0x00000000038161a0      0x9cc build/lvgl/src/misc/lv_anim.o
                0x00000000038161a0                _lv_anim_core_init
                0x00000000038164c8                lv_anim_init
                0x0000000003816518                lv_anim_path_linear
                0x0000000003816560                lv_anim_start
                0x000000000381664c                lv_anim_del
                0x00000000038166fc                lv_anim_get_playtime
                0x0000000003816770                lv_anim_del_all
                0x000000000381678c                lv_anim_get
                0x00000000038167f8                lv_anim_get_timer
                0x0000000003816808                lv_anim_count_running
                0x000000000381685c                lv_anim_speed_to_time
                0x0000000003816890                lv_anim_refr_now
                0x0000000003816898                lv_anim_path_ease_in
                0x00000000038168f4                lv_anim_path_ease_out
                0x0000000003816950                lv_anim_path_ease_in_out
                0x00000000038169ac                lv_anim_path_overshoot
                0x0000000003816a08                lv_anim_path_bounce
                0x0000000003816b50                lv_anim_path_step
 .text          0x0000000003816b6c      0xd58 build/lvgl/src/misc/lv_area.o
                0x0000000003816b6c                lv_area_set
                0x0000000003816b84                lv_area_set_width
                0x0000000003816b98                lv_area_set_height
                0x0000000003816bac                _lv_area_set_pos
                0x0000000003816be8                lv_area_get_size
                0x0000000003816c10                lv_area_increase
                0x0000000003816c4c                lv_area_move
                0x0000000003816c88                _lv_area_intersect
                0x0000000003816d00                _lv_area_join
                0x0000000003816d54                _lv_area_is_point_on
                0x0000000003816ed8                _lv_area_is_on
                0x0000000003816f28                _lv_area_is_in
                0x000000000381701c                _lv_area_is_out
                0x0000000003817110                _lv_area_is_equal
                0x0000000003817160                lv_area_align
                0x00000000038176f0                lv_point_transform
 .text          0x00000000038178c4      0x134 build/lvgl/src/misc/lv_async.o
                0x00000000038178c4                lv_async_call
                0x000000000381795c                lv_async_call_cancel
 .text          0x00000000038179f8      0x484 build/lvgl/src/misc/lv_color.o
                0x00000000038179f8                lv_color_fill
                0x0000000003817a6c                lv_color_lighten
                0x0000000003817ac0                lv_color_darken
                0x0000000003817b08                lv_color_change_lightness
                0x0000000003817b74                lv_color_hsv_to_rgb
                0x0000000003817cb8                lv_color_rgb_to_hsv
                0x0000000003817df0                lv_color_to_hsv
                0x0000000003817e04                lv_palette_main
                0x0000000003817e20                lv_palette_lighten
                0x0000000003817e50                lv_palette_darken
 .text          0x0000000003817e7c      0x9d0 build/lvgl/src/misc/lv_fs.o
                0x0000000003817e7c                _lv_fs_init
                0x0000000003817e8c                lv_fs_is_ready
                0x0000000003817ec4                lv_fs_get_drv
                0x0000000003817f1c                lv_fs_open
                0x000000000381800c                lv_fs_close
                0x0000000003818098                lv_fs_read
                0x000000000381830c                lv_fs_write
                0x000000000381838c                lv_fs_seek
                0x00000000038184ac                lv_fs_tell
                0x0000000003818510                lv_fs_dir_open
                0x00000000038185b8                lv_fs_dir_read
                0x0000000003818604                lv_fs_dir_close
                0x0000000003818658                lv_fs_drv_init
                0x0000000003818660                lv_fs_drv_register
                0x0000000003818688                lv_fs_get_letters
                0x00000000038186f8                lv_fs_get_ext
                0x0000000003818750                lv_fs_up
                0x00000000038187d8                lv_fs_get_last
 .text          0x000000000381884c      0x12c build/lvgl/src/misc/lv_gc.o
                0x000000000381884c                _lv_gc_clear_roots
 .text          0x0000000003818978      0x428 build/lvgl/src/misc/lv_ll.o
                0x0000000003818978                _lv_ll_init
                0x0000000003818990                _lv_ll_ins_head
                0x00000000038189e8                _lv_ll_ins_prev
                0x0000000003818a6c                _lv_ll_get_head
                0x0000000003818a7c                _lv_ll_get_prev
                0x0000000003818a88                _lv_ll_ins_tail
                0x0000000003818ae0                _lv_ll_remove
                0x0000000003818b70                _lv_ll_get_next
                0x0000000003818b80                _lv_ll_get_tail
                0x0000000003818b90                _lv_ll_clear
                0x0000000003818bdc                _lv_ll_chg_list
                0x0000000003818c98                _lv_ll_get_len
                0x0000000003818cd0                _lv_ll_move_before
                0x0000000003818d78                _lv_ll_is_empty
 .text          0x0000000003818da0      0x36c build/lvgl/src/misc/lv_math.o
                0x0000000003818da0                lv_trigo_sin
                0x0000000003818e34                lv_bezier3
                0x0000000003818e98                lv_sqrt
                0x0000000003818ee4                lv_atan2
                0x0000000003818fe8                lv_pow
                0x0000000003819060                lv_map
                0x00000000038190d0                lv_rand
 .text          0x000000000381910c      0x9e4 build/lvgl/src/misc/lv_mem.o
                0x000000000381910c                lv_mem_init
                0x0000000003819134                lv_mem_deinit
                0x0000000003819164                lv_mem_alloc
                0x00000000038191d8                lv_mem_free
                0x0000000003819230                lv_mem_realloc
                0x0000000003819284                lv_mem_test
                0x00000000038192e0                lv_mem_monitor
                0x0000000003819374                lv_memset
                0x00000000038194a8                lv_mem_buf_get
                0x00000000038195b4                lv_mem_buf_release
                0x00000000038195f8                lv_mem_buf_free_all
                0x0000000003819680                lv_memcpy
                0x0000000003819900                lv_memset_00
                0x00000000038199f0                lv_memset_ff
 .text          0x0000000003819af0      0xd90 build/lvgl/src/misc/lv_printf.o
                0x0000000003819af0                lv_snprintf
                0x000000000381a3d0                lv_vsnprintf
 .text          0x000000000381a880      0x8c8 build/lvgl/src/misc/lv_style.o
                0x000000000381a880                lv_style_init
                0x000000000381a888                lv_style_reset
                0x000000000381a8cc                lv_style_register_prop
                0x000000000381a9bc                lv_style_get_num_custom_props
                0x000000000381a9d4                lv_style_remove_prop
                0x000000000381ab20                lv_style_set_prop
                0x000000000381aca0                lv_style_set_prop_meta
                0x000000000381adf4                lv_style_get_prop
                0x000000000381af14                lv_style_transition_dsc_init
                0x000000000381af5c                lv_style_prop_get_default
                0x000000000381b0b8                lv_style_is_empty
                0x000000000381b0c8                _lv_style_get_prop_group
                0x000000000381b0d8                _lv_style_prop_lookup_flags
 .text          0x000000000381b148      0x3f0 build/lvgl/src/misc/lv_style_gen.o
                0x000000000381b148                lv_style_set_width
                0x000000000381b154                lv_style_set_min_width
                0x000000000381b160                lv_style_set_max_width
                0x000000000381b16c                lv_style_set_height
                0x000000000381b178                lv_style_set_min_height
                0x000000000381b184                lv_style_set_max_height
                0x000000000381b190                lv_style_set_x
                0x000000000381b19c                lv_style_set_y
                0x000000000381b1a8                lv_style_set_align
                0x000000000381b1b4                lv_style_set_transform_width
                0x000000000381b1c0                lv_style_set_transform_height
                0x000000000381b1cc                lv_style_set_translate_x
                0x000000000381b1d8                lv_style_set_translate_y
                0x000000000381b1e4                lv_style_set_transform_zoom
                0x000000000381b1f0                lv_style_set_transform_angle
                0x000000000381b1fc                lv_style_set_transform_pivot_x
                0x000000000381b208                lv_style_set_transform_pivot_y
                0x000000000381b214                lv_style_set_pad_top
                0x000000000381b220                lv_style_set_pad_bottom
                0x000000000381b22c                lv_style_set_pad_left
                0x000000000381b238                lv_style_set_pad_right
                0x000000000381b244                lv_style_set_pad_row
                0x000000000381b250                lv_style_set_pad_column
                0x000000000381b25c                lv_style_set_bg_color
                0x000000000381b268                lv_style_set_bg_opa
                0x000000000381b274                lv_style_set_bg_grad_color
                0x000000000381b280                lv_style_set_bg_grad_dir
                0x000000000381b28c                lv_style_set_bg_main_stop
                0x000000000381b298                lv_style_set_bg_grad_stop
                0x000000000381b2a4                lv_style_set_bg_grad
                0x000000000381b2b0                lv_style_set_bg_dither_mode
                0x000000000381b2bc                lv_style_set_bg_img_src
                0x000000000381b2c8                lv_style_set_bg_img_opa
                0x000000000381b2d4                lv_style_set_bg_img_recolor
                0x000000000381b2e0                lv_style_set_bg_img_recolor_opa
                0x000000000381b2ec                lv_style_set_bg_img_tiled
                0x000000000381b2f8                lv_style_set_border_color
                0x000000000381b304                lv_style_set_border_opa
                0x000000000381b310                lv_style_set_border_width
                0x000000000381b31c                lv_style_set_border_side
                0x000000000381b328                lv_style_set_border_post
                0x000000000381b334                lv_style_set_outline_width
                0x000000000381b340                lv_style_set_outline_color
                0x000000000381b34c                lv_style_set_outline_opa
                0x000000000381b358                lv_style_set_outline_pad
                0x000000000381b364                lv_style_set_shadow_width
                0x000000000381b370                lv_style_set_shadow_ofs_x
                0x000000000381b37c                lv_style_set_shadow_ofs_y
                0x000000000381b388                lv_style_set_shadow_spread
                0x000000000381b394                lv_style_set_shadow_color
                0x000000000381b3a0                lv_style_set_shadow_opa
                0x000000000381b3ac                lv_style_set_img_opa
                0x000000000381b3b8                lv_style_set_img_recolor
                0x000000000381b3c4                lv_style_set_img_recolor_opa
                0x000000000381b3d0                lv_style_set_line_width
                0x000000000381b3dc                lv_style_set_line_dash_width
                0x000000000381b3e8                lv_style_set_line_dash_gap
                0x000000000381b3f4                lv_style_set_line_rounded
                0x000000000381b400                lv_style_set_line_color
                0x000000000381b40c                lv_style_set_line_opa
                0x000000000381b418                lv_style_set_arc_width
                0x000000000381b424                lv_style_set_arc_rounded
                0x000000000381b430                lv_style_set_arc_color
                0x000000000381b43c                lv_style_set_arc_opa
                0x000000000381b448                lv_style_set_arc_img_src
                0x000000000381b454                lv_style_set_text_color
                0x000000000381b460                lv_style_set_text_opa
                0x000000000381b46c                lv_style_set_text_font
                0x000000000381b478                lv_style_set_text_letter_space
                0x000000000381b484                lv_style_set_text_line_space
                0x000000000381b490                lv_style_set_text_decor
                0x000000000381b49c                lv_style_set_text_align
                0x000000000381b4a8                lv_style_set_radius
                0x000000000381b4b4                lv_style_set_clip_corner
                0x000000000381b4c0                lv_style_set_opa
                0x000000000381b4cc                lv_style_set_color_filter_dsc
                0x000000000381b4d8                lv_style_set_color_filter_opa
                0x000000000381b4e4                lv_style_set_anim
                0x000000000381b4f0                lv_style_set_anim_time
                0x000000000381b4fc                lv_style_set_anim_speed
                0x000000000381b508                lv_style_set_transition
                0x000000000381b514                lv_style_set_blend_mode
                0x000000000381b520                lv_style_set_layout
                0x000000000381b52c                lv_style_set_base_dir
 .text          0x000000000381b538      0x430 build/lvgl/src/misc/lv_timer.o
                0x000000000381b538                _lv_timer_core_init
                0x000000000381b564                lv_timer_enable
                0x000000000381b574                lv_timer_handler
                0x000000000381b808                lv_timer_create_basic
                0x000000000381b818                lv_timer_create
                0x000000000381b888                lv_timer_set_cb
                0x000000000381b890                lv_timer_del
                0x000000000381b8c8                lv_timer_pause
                0x000000000381b8d8                lv_timer_resume
                0x000000000381b8e8                lv_timer_set_period
                0x000000000381b8f0                lv_timer_ready
                0x000000000381b914                lv_timer_set_repeat_count
                0x000000000381b91c                lv_timer_reset
                0x000000000381b934                lv_timer_get_idle
                0x000000000381b944                lv_timer_get_next
 .text          0x000000000381b968      0xd48 build/lvgl/src/misc/lv_tlsf.o
                0x000000000381b968                lv_tlsf_check
                0x000000000381bab8                lv_tlsf_walk_pool
                0x000000000381bb2c                lv_tlsf_block_size
                0x000000000381bb40                lv_tlsf_check_pool
                0x000000000381bba4                lv_tlsf_size
                0x000000000381bbac                lv_tlsf_align_size
                0x000000000381bbb4                lv_tlsf_block_size_min
                0x000000000381bbbc                lv_tlsf_block_size_max
                0x000000000381bbc4                lv_tlsf_pool_overhead
                0x000000000381bbcc                lv_tlsf_alloc_overhead
                0x000000000381bbd4                lv_tlsf_add_pool
                0x000000000381bcec                lv_tlsf_remove_pool
                0x000000000381bde4                lv_tlsf_create
                0x000000000381be54                lv_tlsf_create_with_pool
                0x000000000381bed8                lv_tlsf_destroy
                0x000000000381bedc                lv_tlsf_get_pool
                0x000000000381bee8                lv_tlsf_malloc
                0x000000000381c100                lv_tlsf_memalign
                0x000000000381c278                lv_tlsf_free
                0x000000000381c400                lv_tlsf_realloc
 .text          0x000000000381c6b0      0xdcc build/lvgl/src/misc/lv_txt.o
                0x000000000381cb48                lv_txt_get_size
                0x000000000381cc8c                _lv_txt_get_next_line
                0x000000000381d0f4                lv_txt_get_width
                0x000000000381d234                _lv_txt_encoded_letter_next_2
                0x000000000381d290                _lv_txt_is_cmd
                0x000000000381d2f4                _lv_txt_ins
                0x000000000381d394                _lv_txt_cut
                0x000000000381d40c                _lv_txt_set_text_vfmt
 .text          0x000000000381d47c       0x7c build/lvgl/src/misc/lv_utils.o
                0x000000000381d47c                _lv_utils_bsearch
 .text          0x000000000381d4f8     0x153c build/lvgl/src/widgets/lv_arc.o
                0x000000000381de18                lv_arc_create
                0x000000000381de40                lv_arc_set_start_angle
                0x000000000381e034                lv_arc_set_end_angle
                0x000000000381e0dc                lv_arc_set_angles
                0x000000000381e104                lv_arc_set_bg_start_angle
                0x000000000381e2e4                lv_arc_set_bg_end_angle
                0x000000000381e384                lv_arc_set_bg_angles
                0x000000000381e3ac                lv_arc_set_rotation
                0x000000000381e3b4                lv_arc_set_mode
                0x000000000381e450                lv_arc_set_value
                0x000000000381e490                lv_arc_set_range
                0x000000000381e4ec                lv_arc_set_change_rate
                0x000000000381e4f4                lv_arc_get_angle_start
                0x000000000381e4fc                lv_arc_get_angle_end
                0x000000000381e504                lv_arc_get_bg_angle_start
                0x000000000381e50c                lv_arc_get_bg_angle_end
                0x000000000381e514                lv_arc_get_value
                0x000000000381e51c                lv_arc_get_min_value
                0x000000000381e524                lv_arc_get_max_value
                0x000000000381e52c                lv_arc_get_mode
                0x000000000381e538                lv_arc_align_obj_to_angle
                0x000000000381e760                lv_arc_rotate_obj_to_angle
 *fill*         0x000000000381ea34        0x4 
 .text          0x000000000381ea38      0xd0c build/lvgl/src/widgets/lv_bar.o
                0x000000000381f3e4                lv_bar_create
                0x000000000381f40c                lv_bar_set_value
                0x000000000381f548                lv_bar_set_start_value
                0x000000000381f5b4                lv_bar_set_range
                0x000000000381f640                lv_bar_get_mode
                0x000000000381f64c                lv_bar_set_mode
                0x000000000381f670                lv_bar_get_value
                0x000000000381f688                lv_bar_get_start_value
                0x000000000381f6b8                lv_bar_get_min_value
                0x000000000381f6c0                lv_bar_get_max_value
 .text          0x000000000381f744       0x50 build/lvgl/src/widgets/lv_btn.o
                0x000000000381f76c                lv_btn_create
 .text          0x000000000381f794     0x18e4 build/lvgl/src/widgets/lv_btnmatrix.o
                0x000000000382046c                lv_btnmatrix_create
                0x0000000003820494                lv_btnmatrix_set_map
                0x00000000038208e4                lv_btnmatrix_set_ctrl_map
                0x0000000003820910                lv_btnmatrix_set_selected_btn
                0x0000000003820a88                lv_btnmatrix_set_btn_ctrl
                0x0000000003820b40                lv_btnmatrix_clear_btn_ctrl_all
                0x0000000003820b88                lv_btnmatrix_clear_btn_ctrl
                0x0000000003820bd8                lv_btnmatrix_set_btn_ctrl_all
                0x0000000003820c20                lv_btnmatrix_set_btn_width
                0x0000000003820c48                lv_btnmatrix_set_one_checked
                0x0000000003820d0c                lv_btnmatrix_get_map
                0x0000000003820d14                lv_btnmatrix_get_selected_btn
                0x0000000003820d1c                lv_btnmatrix_get_btn_text
                0x0000000003820dc8                lv_btnmatrix_has_btn_ctrl
                0x0000000003820dfc                lv_btnmatrix_get_one_checked
 .text          0x0000000003821078      0x5ac build/lvgl/src/widgets/lv_checkbox.o
                0x0000000003821540                lv_checkbox_create
                0x0000000003821568                lv_checkbox_set_text
                0x00000000038215d4                lv_checkbox_set_text_static
                0x000000000382161c                lv_checkbox_get_text
 .text          0x0000000003821624     0x180c build/lvgl/src/widgets/lv_dropdown.o
                0x0000000003821f8c                lv_dropdown_create
                0x0000000003821fb4                lv_dropdown_set_text
                0x0000000003821fc8                lv_dropdown_set_options
                0x00000000038220a4                lv_dropdown_set_options_static
                0x0000000003822150                lv_dropdown_add_option
                0x0000000003822360                lv_dropdown_clear_options
                0x00000000038223c0                lv_dropdown_set_selected
                0x00000000038223e4                lv_dropdown_set_dir
                0x0000000003822408                lv_dropdown_set_symbol
                0x0000000003822410                lv_dropdown_set_selected_highlight
                0x0000000003822434                lv_dropdown_get_list
                0x000000000382243c                lv_dropdown_get_text
                0x0000000003822444                lv_dropdown_get_options
                0x000000000382245c                lv_dropdown_get_selected
                0x0000000003822464                lv_dropdown_get_option_cnt
                0x000000000382246c                lv_dropdown_get_selected_str
                0x0000000003822554                lv_dropdown_get_option_index
                0x0000000003822604                lv_dropdown_get_symbol
                0x000000000382260c                lv_dropdown_get_selected_highlight
                0x0000000003822618                lv_dropdown_get_dir
                0x0000000003822624                lv_dropdown_open
                0x0000000003822a14                lv_dropdown_close
                0x0000000003822a50                lv_dropdown_is_open
 .text          0x0000000003822e30     0x117c build/lvgl/src/widgets/lv_img.o
                0x0000000003823820                lv_img_create
                0x0000000003823848                lv_img_set_src
                0x0000000003823a44                lv_img_set_offset_x
                0x0000000003823a4c                lv_img_set_offset_y
                0x0000000003823a54                lv_img_set_angle
                0x0000000003823bf8                lv_img_set_pivot
                0x0000000003823d50                lv_img_set_zoom
                0x0000000003823eb4                lv_img_set_antialias
                0x0000000003823ed4                lv_img_set_size_mode
                0x0000000003823efc                lv_img_get_src
                0x0000000003823f04                lv_img_get_offset_x
                0x0000000003823f0c                lv_img_get_offset_y
                0x0000000003823f14                lv_img_get_angle
                0x0000000003823f1c                lv_img_get_pivot
                0x0000000003823f30                lv_img_get_zoom
                0x0000000003823f38                lv_img_get_antialias
                0x0000000003823f44                lv_img_get_size_mode
 *fill*         0x0000000003823fac        0x4 
 .text          0x0000000003823fb0     0x1bd4 build/lvgl/src/widgets/lv_label.o
                0x000000000382451c                lv_label_create
                0x0000000003824544                lv_label_set_text
                0x0000000003824d88                lv_label_set_text_fmt
                0x0000000003824e14                lv_label_set_text_static
                0x0000000003824e68                lv_label_set_long_mode
                0x0000000003824f94                lv_label_set_recolor
                0x0000000003824fb4                lv_label_set_text_sel_start
                0x0000000003824fbc                lv_label_set_text_sel_end
                0x0000000003824fc4                lv_label_get_text
                0x0000000003824fcc                lv_label_get_long_mode
                0x0000000003824fd8                lv_label_get_recolor
                0x0000000003824fe4                lv_label_get_letter_pos
                0x000000000382534c                lv_label_get_letter_on
                0x00000000038256f8                lv_label_is_char_under_pos
                0x0000000003825a3c                lv_label_get_text_selection_start
                0x0000000003825a44                lv_label_get_text_selection_end
                0x0000000003825a4c                lv_label_ins_text
                0x0000000003825afc                lv_label_cut_text
 .text          0x0000000003825b84      0x300 build/lvgl/src/widgets/lv_line.o
                0x0000000003825e0c                lv_line_create
                0x0000000003825e34                lv_line_set_points
                0x0000000003825e58                lv_line_set_y_invert
                0x0000000003825e78                lv_line_get_y_invert
 .text          0x0000000003825e84     0x1154 build/lvgl/src/widgets/lv_roller.o
                0x0000000003826814                lv_roller_create
                0x000000000382683c                lv_roller_set_options
                0x0000000003826a4c                lv_roller_set_selected
                0x0000000003826cbc                lv_roller_set_visible_row_count
                0x0000000003826d20                lv_roller_get_selected
                0x0000000003826d6c                lv_roller_get_selected_str
                0x0000000003826e34                lv_roller_get_options
                0x0000000003826e4c                lv_roller_get_option_cnt
 .text          0x0000000003826fd8      0xc64 build/lvgl/src/widgets/lv_slider.o
                0x0000000003827ad8                lv_slider_create
                0x0000000003827b00                lv_slider_is_dragged
 .text          0x0000000003827c3c      0x448 build/lvgl/src/widgets/lv_switch.o
                0x0000000003828044                lv_switch_create
 .text          0x0000000003828084     0x1b24 build/lvgl/src/widgets/lv_table.o
                0x0000000003828d68                lv_table_create
                0x0000000003828d90                lv_table_set_cell_value
                0x0000000003828e6c                lv_table_set_col_cnt
                0x0000000003829024                lv_table_set_row_cnt
                0x00000000038292a8                lv_table_set_cell_value_fmt
                0x0000000003829548                lv_table_set_col_width
                0x0000000003829590                lv_table_add_cell_ctrl
                0x0000000003829648                lv_table_clear_cell_ctrl
                0x0000000003829700                lv_table_get_cell_value
                0x0000000003829744                lv_table_get_row_cnt
                0x000000000382974c                lv_table_get_col_cnt
                0x0000000003829754                lv_table_get_col_width
                0x0000000003829774                lv_table_has_cell_ctrl
                0x00000000038297c4                lv_table_get_selected_cell
 .text          0x0000000003829ba8     0x1b2c build/lvgl/src/widgets/lv_textarea.o
                0x000000000382a358                lv_textarea_create
                0x000000000382a380                lv_textarea_add_char
                0x000000000382a678                lv_textarea_clear_selection
                0x000000000382a750                lv_textarea_set_cursor_pos
                0x000000000382a8d0                lv_textarea_get_cursor_pos
                0x000000000382a8d8                lv_textarea_add_text
                0x000000000382aa68                lv_textarea_get_accepted_chars
                0x000000000382aa70                lv_textarea_get_max_length
                0x000000000382aa78                lv_textarea_del_char
                0x000000000382ab7c                lv_textarea_del_char_forward
                0x000000000382abac                lv_textarea_set_text
                0x000000000382ad10                lv_textarea_set_placeholder_text
                0x000000000382b144                lv_textarea_set_cursor_click_pos
                0x000000000382b158                lv_textarea_set_password_mode
                0x000000000382b1fc                lv_textarea_set_password_bullet
                0x000000000382b260                lv_textarea_set_one_line
                0x000000000382b2fc                lv_textarea_set_accepted_chars
                0x000000000382b304                lv_textarea_set_max_length
                0x000000000382b30c                lv_textarea_set_insert_replace
                0x000000000382b31c                lv_textarea_set_text_selection
                0x000000000382b338                lv_textarea_set_password_show_time
                0x000000000382b340                lv_textarea_set_align
                0x000000000382b38c                lv_textarea_get_label
                0x000000000382b394                lv_textarea_get_text
                0x000000000382b3ac                lv_textarea_get_placeholder_text
                0x000000000382b3c4                lv_textarea_get_cursor_click_pos
                0x000000000382b3d0                lv_textarea_get_password_mode
                0x000000000382b3dc                lv_textarea_get_password_bullet
                0x000000000382b440                lv_textarea_get_one_line
                0x000000000382b44c                lv_textarea_text_is_selected
                0x000000000382b488                lv_textarea_get_text_selection
                0x000000000382b494                lv_textarea_get_password_show_time
                0x000000000382b49c                lv_textarea_cursor_right
                0x000000000382b4a8                lv_textarea_cursor_left
                0x000000000382b4bc                lv_textarea_cursor_down
                0x000000000382b55c                lv_textarea_cursor_up
 .text          0x000000000382b6d4      0x190 build/lvgl/src/draw/sw/lv_draw_sw.o
                0x000000000382b6d4                lv_draw_sw_init_ctx
                0x000000000382b7ac                lv_draw_sw_wait_for_finish
                0x000000000382b7b0                lv_draw_sw_buffer_copy
                0x000000000382b858                lv_draw_sw_deinit_ctx
 .text          0x000000000382b864     0x106c build/lvgl/src/draw/sw/lv_draw_sw_arc.o
                0x000000000382b864                lv_draw_sw_arc
 .text          0x000000000382c8d0     0x1c68 build/lvgl/src/draw/sw/lv_draw_sw_blend.o
                0x000000000382c8d0                lv_draw_sw_blend
                0x000000000382c934                lv_draw_sw_blend_basic
 .text          0x000000000382e538      0x564 build/lvgl/src/draw/sw/lv_draw_sw_gradient.o
                0x000000000382e538                lv_gradient_free_cache
                0x000000000382e574                lv_gradient_set_cache_size
                0x000000000382e5cc                lv_gradient_get
                0x000000000382e8bc                lv_gradient_calculate
                0x000000000382e9f4                lv_gradient_cleanup
 .text          0x000000000382ea9c      0x768 build/lvgl/src/draw/sw/lv_draw_sw_img.o
                0x000000000382ea9c                lv_draw_sw_img_decoded
 .text          0x000000000382f204      0x2c8 build/lvgl/src/draw/sw/lv_draw_sw_layer.o
                0x000000000382f204                lv_draw_sw_layer_create
                0x000000000382f368                lv_draw_sw_layer_adjust
                0x000000000382f3e8                lv_draw_sw_layer_blend
                0x000000000382f4c4                lv_draw_sw_layer_destroy
 .text          0x000000000382f4cc      0x5c0 build/lvgl/src/draw/sw/lv_draw_sw_letter.o
                0x000000000382f4cc                lv_draw_sw_letter
 .text          0x000000000382fa8c      0xb34 build/lvgl/src/draw/sw/lv_draw_sw_line.o
                0x000000000382fa8c                lv_draw_sw_line
 .text          0x00000000038305c0      0x454 build/lvgl/src/draw/sw/lv_draw_sw_polygon.o
                0x00000000038305c0                lv_draw_sw_polygon
 .text          0x0000000003830a14     0x2a7c build/lvgl/src/draw/sw/lv_draw_sw_rect.o
                0x0000000003830a14                lv_draw_sw_rect
                0x000000000383288c                lv_draw_sw_bg
                0x00000000038328b8                draw_border_generic
 .text          0x0000000003833490      0x98c build/lvgl/src/draw/sw/lv_draw_sw_transform.o
                0x0000000003833490                lv_draw_sw_transform
 .text          0x0000000003833e1c     0x130c build/lvgl/src/extra/layouts/flex/lv_flex.o
                0x0000000003833e1c                lv_flex_init
                0x0000000003834438                lv_obj_set_flex_flow
                0x000000000383447c                lv_obj_set_style_flex_flow
                0x0000000003834494                lv_obj_set_flex_align
                0x0000000003834518                lv_obj_set_style_flex_main_place
                0x0000000003834530                lv_obj_set_style_flex_cross_place
                0x0000000003834548                lv_obj_set_style_flex_track_place
                0x0000000003834560                lv_obj_set_flex_grow
                0x0000000003834598                lv_obj_set_style_flex_grow
                0x00000000038345b0                lv_style_set_flex_flow
                0x00000000038345c4                lv_style_set_flex_main_place
                0x00000000038345d8                lv_style_set_flex_cross_place
                0x00000000038345ec                lv_style_set_flex_track_place
                0x0000000003834600                lv_style_set_flex_grow
 .text          0x0000000003835128     0x13e4 build/lvgl/src/extra/layouts/grid/lv_grid.o
                0x0000000003835128                lv_grid_init
                0x0000000003835ff0                lv_obj_set_grid_dsc_array
                0x0000000003836054                lv_obj_set_style_grid_column_dsc_array
                0x000000000383606c                lv_obj_set_style_grid_row_dsc_array
                0x0000000003836084                lv_obj_set_grid_align
                0x00000000038360d0                lv_obj_set_style_grid_column_align
                0x00000000038360e8                lv_obj_set_style_grid_row_align
                0x0000000003836100                lv_obj_set_grid_cell
                0x00000000038361c8                lv_obj_set_style_grid_cell_column_pos
                0x00000000038361e0                lv_obj_set_style_grid_cell_row_pos
                0x00000000038361f8                lv_obj_set_style_grid_cell_x_align
                0x0000000003836210                lv_obj_set_style_grid_cell_column_span
                0x0000000003836228                lv_obj_set_style_grid_cell_row_span
                0x0000000003836240                lv_obj_set_style_grid_cell_y_align
                0x0000000003836258                lv_style_set_grid_row_dsc_array
                0x000000000383626c                lv_style_set_grid_column_dsc_array
                0x0000000003836280                lv_style_set_grid_row_align
                0x0000000003836294                lv_style_set_grid_column_align
                0x00000000038362a8                lv_style_set_grid_cell_column_pos
                0x00000000038362bc                lv_style_set_grid_cell_column_span
                0x00000000038362d0                lv_style_set_grid_cell_row_pos
                0x00000000038362e4                lv_style_set_grid_cell_row_span
                0x00000000038362f8                lv_style_set_grid_cell_x_align
                0x000000000383630c                lv_style_set_grid_cell_y_align
 .text          0x000000000383650c     0x5e00 build/lvgl/src/extra/themes/default/lv_theme_default.o
                0x000000000383650c                lv_theme_default_init
                0x0000000003836604                lv_theme_default_is_inited
                0x000000000383c234                lv_theme_default_get
 .text          0x000000000383c30c      0x8b0 build/lvgl/src/extra/widgets/calendar/lv_calendar.o
                0x000000000383c444                lv_calendar_create
                0x000000000383c46c                lv_calendar_set_day_names
                0x000000000383c48c                lv_calendar_set_today_date
                0x000000000383c5ec                lv_calendar_set_highlighted_dates
                0x000000000383c604                lv_calendar_set_showed_date
                0x000000000383c9f0                lv_calendar_get_btnmatrix
                0x000000000383c9f8                lv_calendar_get_today_date
                0x000000000383ca00                lv_calendar_get_showed_date
                0x000000000383ca08                lv_calendar_get_highlighted_dates
                0x000000000383ca10                lv_calendar_get_highlighted_dates_num
                0x000000000383ca18                lv_calendar_get_pressed_date
 .text          0x000000000383cbbc      0x27c build/lvgl/src/extra/widgets/calendar/lv_calendar_header_arrow.o
                0x000000000383cd0c                lv_calendar_header_arrow_create
 .text          0x000000000383ce38      0x1f0 build/lvgl/src/extra/widgets/calendar/lv_calendar_header_dropdown.o
                0x000000000383cf0c                lv_calendar_header_dropdown_create
 .text          0x000000000383d028     0x37b8 build/lvgl/src/extra/widgets/chart/lv_chart.o
                0x000000000383edf8                lv_chart_create
                0x000000000383ee20                lv_chart_set_type
                0x000000000383ef00                lv_chart_refresh
                0x000000000383ef04                lv_chart_set_point_count
                0x000000000383f124                lv_chart_set_range
                0x000000000383f184                lv_chart_set_update_mode
                0x000000000383f1a8                lv_chart_set_div_line_count
                0x000000000383f1cc                lv_chart_set_zoom_x
                0x000000000383f208                lv_chart_set_zoom_y
                0x000000000383f244                lv_chart_get_zoom_x
                0x000000000383f24c                lv_chart_get_zoom_y
                0x000000000383f254                lv_chart_set_axis_tick
                0x000000000383f2f0                get_tick_gsc
                0x000000000383f33c                lv_chart_get_type
                0x000000000383f348                lv_chart_get_point_count
                0x000000000383f350                lv_chart_get_x_start_point
                0x000000000383f360                lv_chart_get_point_pos_by_id
                0x000000000383f60c                lv_chart_add_series
                0x000000000383f704                lv_chart_remove_series
                0x000000000383f754                lv_chart_hide_series
                0x000000000383f774                lv_chart_set_series_color
                0x000000000383f788                lv_chart_set_x_start_point
                0x000000000383f7a4                lv_chart_get_series_next
                0x000000000383f7b8                lv_chart_add_cursor
                0x000000000383f808                lv_chart_set_cursor_pos
                0x000000000383f834                lv_chart_set_cursor_point
                0x000000000383f884                lv_chart_get_cursor_point
                0x000000000383f894                lv_chart_set_all_value
                0x000000000383f8e0                lv_chart_set_next_value
                0x000000000383fbc0                lv_chart_set_next_value2
                0x000000000383fc2c                lv_chart_set_value_by_id
                0x000000000383fc58                lv_chart_set_value_by_id2
                0x000000000383fcb4                lv_chart_set_ext_y_array
                0x000000000383fd0c                lv_chart_set_ext_x_array
                0x000000000383fd64                lv_chart_get_y_array
                0x000000000383fd74                lv_chart_get_x_array
                0x000000000383fd84                lv_chart_get_pressed_point
 .text          0x00000000038407e0     0x1060 build/lvgl/src/extra/widgets/colorwheel/lv_colorwheel.o
                0x000000000384141c                lv_colorwheel_create
                0x0000000003841454                lv_colorwheel_set_hsv
                0x00000000038415f4                lv_colorwheel_set_rgb
                0x0000000003841624                lv_colorwheel_set_mode
                0x0000000003841658                lv_colorwheel_set_mode_fixed
                0x000000000384166c                lv_colorwheel_get_hsv
                0x0000000003841674                lv_colorwheel_get_rgb
                0x0000000003841684                lv_colorwheel_get_color_mode
                0x0000000003841690                lv_colorwheel_get_color_mode_fixed
 .text          0x0000000003841840      0x584 build/lvgl/src/extra/widgets/keyboard/lv_keyboard.o
                0x00000000038418d0                lv_keyboard_create
                0x00000000038418f8                lv_keyboard_set_textarea
                0x0000000003841940                lv_keyboard_set_mode
                0x000000000384197c                lv_keyboard_set_popovers
                0x0000000003841a4c                lv_keyboard_set_map
                0x0000000003841a8c                lv_keyboard_get_textarea
                0x0000000003841a94                lv_keyboard_get_mode
                0x0000000003841a9c                lv_btnmatrix_get_popovers
                0x0000000003841aa8                lv_keyboard_def_event_cb
 .text          0x0000000003841dc4      0x5c8 build/lvgl/src/extra/widgets/led/lv_led.o
                0x00000000038422f0                lv_led_create
                0x0000000003842318                lv_led_set_color
                0x0000000003842320                lv_led_set_brightness
                0x000000000384233c                lv_led_on
                0x0000000003842354                lv_led_off
                0x000000000384236c                lv_led_toggle
                0x0000000003842384                lv_led_get_brightness
 .text          0x000000000384238c      0xca4 build/lvgl/src/extra/widgets/menu/lv_menu.o
                0x000000000384262c                lv_menu_create
                0x0000000003842654                lv_menu_page_create
                0x00000000038426bc                lv_menu_cont_create
                0x00000000038426e4                lv_menu_section_create
                0x000000000384270c                lv_menu_separator_create
                0x0000000003842734                lv_menu_set_page
                0x00000000038428ac                lv_menu_clear_history
                0x0000000003842988                lv_menu_set_sidebar_page
                0x0000000003842d30                lv_menu_set_mode_header
                0x0000000003842d80                lv_menu_set_mode_root_back_btn
                0x0000000003842da4                lv_menu_set_load_page_event
                0x0000000003842f34                lv_menu_get_cur_main_page
                0x0000000003842f3c                lv_menu_get_cur_sidebar_page
                0x0000000003842f44                lv_menu_get_main_header
                0x0000000003842f4c                lv_menu_get_main_header_back_btn
                0x0000000003842f54                lv_menu_get_sidebar_header
                0x0000000003842f5c                lv_menu_get_sidebar_header_back_btn
                0x0000000003842f64                lv_menu_back_btn_is_root
 .text          0x0000000003843030     0x1414 build/lvgl/src/extra/widgets/meter/lv_meter.o
                0x0000000003843cbc                lv_meter_create
                0x0000000003843ce4                lv_meter_add_scale
                0x0000000003843d4c                lv_meter_set_scale_ticks
                0x0000000003843d74                lv_meter_set_scale_major_ticks
                0x0000000003843da4                lv_meter_set_scale_range
                0x0000000003843dcc                lv_meter_add_needle_line
                0x0000000003843e30                lv_meter_add_needle_img
                0x0000000003843e94                lv_meter_add_arc
                0x0000000003843ef8                lv_meter_add_scale_lines
                0x0000000003843f78                lv_meter_set_indicator_value
                0x0000000003844364                lv_meter_set_indicator_start_value
                0x00000000038443d4                lv_meter_set_indicator_end_value
 *fill*         0x0000000003844444        0x4 
 .text          0x0000000003844448      0x720 build/lvgl/src/extra/widgets/spinbox/lv_spinbox.o
                0x0000000003844708                lv_spinbox_create
                0x0000000003844730                lv_spinbox_set_value
                0x00000000038448f0                lv_spinbox_set_rollover
                0x0000000003844908                lv_spinbox_set_digit_format
                0x0000000003844980                lv_spinbox_set_step
                0x0000000003844988                lv_spinbox_set_range
                0x00000000038449bc                lv_spinbox_set_cursor_pos
                0x0000000003844a20                lv_spinbox_set_digit_step_direction
                0x0000000003844a3c                lv_spinbox_get_value
                0x0000000003844a44                lv_spinbox_get_step
                0x0000000003844a4c                lv_spinbox_step_next
                0x0000000003844a74                lv_spinbox_step_prev
                0x0000000003844aa4                lv_spinbox_get_rollover
                0x0000000003844ab0                lv_spinbox_increment
                0x0000000003844b0c                lv_spinbox_decrement
 .text          0x0000000003844b68      0x120 build/lvgl/src/extra/widgets/spinner/lv_spinner.o
                0x0000000003844c34                lv_spinner_create
 .text          0x0000000003844c88      0x804 build/lvgl/src/extra/widgets/tabview/lv_tabview.o
                0x0000000003844f7c                lv_tabview_create
                0x0000000003844fc0                lv_tabview_add_tab
                0x00000000038451bc                lv_tabview_get_content
                0x00000000038451c4                lv_tabview_get_tab_btns
                0x00000000038451cc                lv_tabview_set_act
                0x00000000038452c4                lv_tabview_rename_tab
                0x0000000003845334                lv_tabview_get_tab_act
 .text          0x000000000384548c      0x3c0 build/lvgl/src/extra/widgets/tileview/lv_tileview.o
                0x0000000003845588                lv_tileview_create
                0x00000000038455b0                lv_tileview_add_tile
                0x0000000003845600                lv_obj_set_tile
                0x0000000003845654                lv_obj_set_tile_id
                0x0000000003845714                lv_tileview_get_tile_act
 .text          0x000000000384584c      0x194 build/lvgl/src/extra/widgets/win/lv_win.o
                0x00000000038458f8                lv_win_create
                0x0000000003845930                lv_win_add_title
                0x0000000003845974                lv_win_get_header
                0x000000000384597c                lv_win_add_btn
                0x00000000038459d8                lv_win_get_content
 .text          0x00000000038459e0       0x9a /Applications/VEXcode Pro V5.app/Contents/Resources/sdk/vexv5/gcc/libs/libc.a(lib_a-aeabi_memset-soft.o)
                0x00000000038459e0                __aeabi_memset4
                0x00000000038459e0                __aeabi_memset8
                0x00000000038459e0                __aeabi_memset
 *(.text.*)
 *fill*         0x0000000003845a7a        0x6 
 .text._Z9ThreeBallv
                0x0000000003845a80      0x268 build/src/autons.o
                0x0000000003845a80                ThreeBall()
 .text._ZN5Drive10controllerEN3vex10controllerE
                0x0000000003845ce8       0x64 build/src/drive.o
                0x0000000003845ce8                Drive::controller(vex::controller)
 .text._Z16IntakeSolenoidUpv
                0x0000000003845d4c       0x10 build/src/fucntions.o
                0x0000000003845d4c                IntakeSolenoidUp()
 .text._Z18IntakeSolenoidDownv
                0x0000000003845d5c       0x10 build/src/fucntions.o
                0x0000000003845d5c                IntakeSolenoidDown()
 .text._ZN14IntakeCommands3RunEv
                0x0000000003845d6c       0x54 build/src/fucntions.o
                0x0000000003845d6c                IntakeCommands::Run()
 .text._ZN14IntakeCommands7ReverseEv
                0x0000000003845dc0       0x54 build/src/fucntions.o
                0x0000000003845dc0                IntakeCommands::Reverse()
 *fill*         0x0000000003845e14        0x4 
 .text._Z9pre_autonv
                0x0000000003845e18       0x80 build/src/main.o
                0x0000000003845e18                pre_auton()
 .text._Z10autonomousv
                0x0000000003845e98        0x4 build/src/main.o
                0x0000000003845e98                autonomous()
 .text._Z11usercontrolv
                0x0000000003845e9c      0x118 build/src/main.o
                0x0000000003845e9c                usercontrol()
 *fill*         0x0000000003845fb4        0x4 
 .text.main     0x0000000003845fb8       0x68 build/src/main.o
                0x0000000003845fb8                main
 .text._GLOBAL__sub_I_main.cpp
                0x0000000003846020       0x34 build/src/main.o
 *fill*         0x0000000003846054        0x4 
 .text._Z11vexcodeInitv
                0x0000000003846058      0x100 build/src/robot-config.o
                0x0000000003846058                vexcodeInit()
 .text._GLOBAL__sub_I_robot_config.cpp
                0x0000000003846158      0x31c build/src/robot-config.o
 .text.vexMain  0x0000000003846474       0xb0 /Applications/VEXcode Pro V5.app/Contents/Resources/sdk/vexv5/libv5rt.a(v5_startup.c.obj)
                0x0000000003846474                vexMain
 .text.__vex_function_prolog
                0x0000000003846524       0x18 /Applications/VEXcode Pro V5.app/Contents/Resources/sdk/vexv5/libv5rt.a(v5_startup.c.obj)
                0x0000000003846524                __vex_function_prolog
 .text._init    0x000000000384653c        0x4 /Applications/VEXcode Pro V5.app/Contents/Resources/sdk/vexv5/libv5rt.a(v5_startup.c.obj)
                0x000000000384653c                _init
 .text._fini    0x0000000003846540        0x4 /Applications/VEXcode Pro V5.app/Contents/Resources/sdk/vexv5/libv5rt.a(v5_startup.c.obj)
                0x0000000003846540                _fini
 .text.vexStdlibVersionLinked
                0x0000000003846544        0xc /Applications/VEXcode Pro V5.app/Contents/Resources/sdk/vexv5/libv5rt.a(v5_util.c.obj)
                0x0000000003846544                vexStdlibVersionLinked
 .text.vexStdlibVersionVerify
                0x0000000003846550       0x30 /Applications/VEXcode Pro V5.app/Contents/Resources/sdk/vexv5/libv5rt.a(v5_util.c.obj)
                0x0000000003846550                vexStdlibVersionVerify
 .text.vexPrivateApiEnable
                0x0000000003846580       0x10 /Applications/VEXcode Pro V5.app/Contents/Resources/sdk/vexv5/libv5rt.a(v5_apijump.c.obj)
                0x0000000003846580                vexPrivateApiEnable
 .text.vexStdlibMismatchError
                0x0000000003846590       0x3c /Applications/VEXcode Pro V5.app/Contents/Resources/sdk/vexv5/libv5rt.a(v5_apijump.c.obj)
                0x0000000003846590                vexStdlibMismatchError
 .text.vexTaskAdd
                0x00000000038465cc       0x10 /Applications/VEXcode Pro V5.app/Contents/Resources/sdk/vexv5/libv5rt.a(v5_apijump.c.obj)
                0x00000000038465cc                vexTaskAdd
 .text.vexTasksRun
                0x00000000038465dc       0x10 /Applications/VEXcode Pro V5.app/Contents/Resources/sdk/vexv5/libv5rt.a(v5_apijump.c.obj)
                0x00000000038465dc                vexTasksRun
 .text.vexTaskYield
                0x00000000038465ec       0x10 /Applications/VEXcode Pro V5.app/Contents/Resources/sdk/vexv5/libv5rt.a(v5_apijump.c.obj)
                0x00000000038465ec                vexTaskYield
 .text.vexTaskCheckTimeslice
                0x00000000038465fc       0x10 /Applications/VEXcode Pro V5.app/Contents/Resources/sdk/vexv5/libv5rt.a(v5_apijump.c.obj)
                0x00000000038465fc                vexTaskCheckTimeslice
 .text.vexTaskSleep
                0x000000000384660c       0x10 /Applications/VEXcode Pro V5.app/Contents/Resources/sdk/vexv5/libv5rt.a(v5_apijump.c.obj)
                0x000000000384660c                vexTaskSleep
 .text.vexTasksDump
                0x000000000384661c       0x1c /Applications/VEXcode Pro V5.app/Contents/Resources/sdk/vexv5/libv5rt.a(v5_apijump.c.obj)
                0x000000000384661c                vexTasksDump
 .text.vexTaskStateGet
                0x0000000003846638       0x10 /Applications/VEXcode Pro V5.app/Contents/Resources/sdk/vexv5/libv5rt.a(v5_apijump.c.obj)
                0x0000000003846638                vexTaskStateGet
 .text.vexTaskGetTaskIndex
                0x0000000003846648       0x10 /Applications/VEXcode Pro V5.app/Contents/Resources/sdk/vexv5/libv5rt.a(v5_apijump.c.obj)
                0x0000000003846648                vexTaskGetTaskIndex
 .text.vexTaskStopAll
                0x0000000003846658       0x10 /Applications/VEXcode Pro V5.app/Contents/Resources/sdk/vexv5/libv5rt.a(v5_apijump.c.obj)
                0x0000000003846658                vexTaskStopAll
 .text.vexTaskRemoveAllUser
                0x0000000003846668       0x34 /Applications/VEXcode Pro V5.app/Contents/Resources/sdk/vexv5/libv5rt.a(v5_apijump.c.obj)
                0x0000000003846668                vexTaskRemoveAllUser
 .text.vexTaskCompletionIdSet
                0x000000000384669c       0x10 /Applications/VEXcode Pro V5.app/Contents/Resources/sdk/vexv5/libv5rt.a(v5_apijump.c.obj)
                0x000000000384669c                vexTaskCompletionIdSet
 .text.vexTaskAddWithArg
                0x00000000038466ac       0x10 /Applications/VEXcode Pro V5.app/Contents/Resources/sdk/vexv5/libv5rt.a(v5_apijump.c.obj)
                0x00000000038466ac                vexTaskAddWithArg
 .text.vexTaskStopWithId
                0x00000000038466bc       0x10 /Applications/VEXcode Pro V5.app/Contents/Resources/sdk/vexv5/libv5rt.a(v5_apijump.c.obj)
                0x00000000038466bc                vexTaskStopWithId
 .text.vexCriticalSection
                0x00000000038466cc       0x2c /Applications/VEXcode Pro V5.app/Contents/Resources/sdk/vexv5/libv5rt.a(v5_apijump.c.obj)
                0x00000000038466cc                vexCriticalSection
 .text.vexEventAdd
                0x00000000038466f8       0x34 /Applications/VEXcode Pro V5.app/Contents/Resources/sdk/vexv5/libv5rt.a(v5_apijump.c.obj)
                0x00000000038466f8                vexEventAdd
 .text.vexEventUserIndexGet
                0x000000000384672c       0x1c /Applications/VEXcode Pro V5.app/Contents/Resources/sdk/vexv5/libv5rt.a(v5_apijump.c.obj)
                0x000000000384672c                vexEventUserIndexGet
 .text.vexEventAddWithArg
                0x0000000003846748       0x3c /Applications/VEXcode Pro V5.app/Contents/Resources/sdk/vexv5/libv5rt.a(v5_apijump.c.obj)
                0x0000000003846748                vexEventAddWithArg
 .text.vexEventsCleanup
                0x0000000003846784       0x2c /Applications/VEXcode Pro V5.app/Contents/Resources/sdk/vexv5/libv5rt.a(v5_apijump.c.obj)
                0x0000000003846784                vexEventsCleanup
 .text.vexDebug
                0x00000000038467b0       0x38 /Applications/VEXcode Pro V5.app/Contents/Resources/sdk/vexv5/libv5rt.a(v5_apijump.c.obj)
                0x00000000038467b0                vexDebug
 .text.vex_sprintf