Archive member included because of file (symbol)

c:\Users\chase\AppData\Roaming\Code\User\globalStorage\vexrobotics.vexcode\sdk\cpp\V5\V5_20220726_10_00_00/vexv5\libv5rt.a(v5_startup.c.obj)
                              (vexStartup)
c:\Users\chase\AppData\Roaming\Code\User\globalStorage\vexrobotics.vexcode\sdk\cpp\V5\V5_20220726_10_00_00/vexv5\libv5rt.a(v5_util.c.obj)
                              c:\Users\chase\AppData\Roaming\Code\User\globalStorage\vexrobotics.vexcode\sdk\cpp\V5\V5_20220726_10_00_00/vexv5\libv5rt.a(v5_startup.c.obj) (vexStdlibVersionLinked)
c:\Users\chase\AppData\Roaming\Code\User\globalStorage\vexrobotics.vexcode\sdk\cpp\V5\V5_20220726_10_00_00/vexv5\libv5rt.a(v5_apijump.c.obj)
                              c:\Users\chase\AppData\Roaming\Code\User\globalStorage\vexrobotics.vexcode\sdk\cpp\V5\V5_20220726_10_00_00/vexv5\libv5rt.a(v5_startup.c.obj) (vexPrivateApiEnable)
c:\Users\chase\AppData\Roaming\Code\User\globalStorage\vexrobotics.vexcode\sdk\cpp\V5\V5_20220726_10_00_00/vexv5\libv5rt.a(v5_apiversions.c.obj)
                              c:\Users\chase\AppData\Roaming\Code\User\globalStorage\vexrobotics.vexcode\sdk\cpp\V5\V5_20220726_10_00_00/vexv5\libv5rt.a(v5_apijump.c.obj) (vexSystemVersion)
c:\Users\chase\AppData\Roaming\Code\User\globalStorage\vexrobotics.vexcode\sdk\cpp\V5\V5_20220726_10_00_00/vexv5\libv5rt.a(vex_global.cpp.obj)
                              build/src/main.o (vex::wait(double, vex::timeUnits))
c:\Users\chase\AppData\Roaming\Code\User\globalStorage\vexrobotics.vexcode\sdk\cpp\V5\V5_20220726_10_00_00/vexv5\libv5rt.a(vex_motor.cpp.obj)
                              build/src/main.o (vex::motor::~motor())
c:\Users\chase\AppData\Roaming\Code\User\globalStorage\vexrobotics.vexcode\sdk\cpp\V5\V5_20220726_10_00_00/vexv5\libv5rt.a(vex_vision.cpp.obj)
                              build/src/robot-config.o (vex::vision::~vision())
c:\Users\chase\AppData\Roaming\Code\User\globalStorage\vexrobotics.vexcode\sdk\cpp\V5\V5_20220726_10_00_00/vexv5\libv5rt.a(vex_imu.cpp.obj)
                              build/src/JAR-Template/drive.o (vex::inertial::setRotation(double, vex::rotationUnits))
c:\Users\chase\AppData\Roaming\Code\User\globalStorage\vexrobotics.vexcode\sdk\cpp\V5\V5_20220726_10_00_00/vexv5\libv5rt.a(vex_rotation.cpp.obj)
                              build/src/main.o (vex::rotation::~rotation())
c:\Users\chase\AppData\Roaming\Code\User\globalStorage\vexrobotics.vexcode\sdk\cpp\V5\V5_20220726_10_00_00/vexv5\libv5rt.a(vex_optical.cpp.obj)
                              build/src/robot-config.o (vex::optical::~optical())
c:\Users\chase\AppData\Roaming\Code\User\globalStorage\vexrobotics.vexcode\sdk\cpp\V5\V5_20220726_10_00_00/vexv5\libv5rt.a(vex_controller.cpp.obj)
                              build/src/robot-config.o (vex::controller::~controller())
c:\Users\chase\AppData\Roaming\Code\User\globalStorage\vexrobotics.vexcode\sdk\cpp\V5\V5_20220726_10_00_00/vexv5\libv5rt.a(vex_task.cpp.obj)
                              build/src/JAR-Template/drive.o (vex::task::task())
c:\Users\chase\AppData\Roaming\Code\User\globalStorage\vexrobotics.vexcode\sdk\cpp\V5\V5_20220726_10_00_00/vexv5\libv5rt.a(vex_thread.cpp.obj)
                              build/src/display/pagehandler.o (vex::thread::thread(int (*)()))
c:\Users\chase\AppData\Roaming\Code\User\globalStorage\vexrobotics.vexcode\sdk\cpp\V5\V5_20220726_10_00_00/vexv5\libv5rt.a(vex_event.cpp.obj)
                              c:\Users\chase\AppData\Roaming\Code\User\globalStorage\vexrobotics.vexcode\sdk\cpp\V5\V5_20220726_10_00_00/vexv5\libv5rt.a(vex_imu.cpp.obj) (vex::event::init(unsigned long, unsigned long, void (*)()))
c:\Users\chase\AppData\Roaming\Code\User\globalStorage\vexrobotics.vexcode\sdk\cpp\V5\V5_20220726_10_00_00/vexv5\libv5rt.a(vex_mevent.cpp.obj)
                              c:\Users\chase\AppData\Roaming\Code\User\globalStorage\vexrobotics.vexcode\sdk\cpp\V5\V5_20220726_10_00_00/vexv5\libv5rt.a(vex_controller.cpp.obj) (vex::mevent::mevent(unsigned long, unsigned long))
c:\Users\chase\AppData\Roaming\Code\User\globalStorage\vexrobotics.vexcode\sdk\cpp\V5\V5_20220726_10_00_00/vexv5\libv5rt.a(vex_brain.cpp.obj)
                              build/src/robot-config.o (vex::brain::brain())
c:\Users\chase\AppData\Roaming\Code\User\globalStorage\vexrobotics.vexcode\sdk\cpp\V5\V5_20220726_10_00_00/vexv5\libv5rt.a(vex_competition.cpp.obj)
                              build/src/main.o (vex::competition::competition())
c:\Users\chase\AppData\Roaming\Code\User\globalStorage\vexrobotics.vexcode\sdk\cpp\V5\V5_20220726_10_00_00/vexv5\libv5rt.a(vex_triport.cpp.obj)
                              build/src/main.o (vex::triport::~triport())
c:\Users\chase\AppData\Roaming\Code\User\globalStorage\vexrobotics.vexcode\sdk\cpp\V5\V5_20220726_10_00_00/vexv5\libv5rt.a(vex_color.cpp.obj)
[...]
Memory Configuration

Name             Origin             Length             Attributes
ps7_ddr_0_S_AXI_BASEADDR 0x03800000         0x04800000
*default*        0x00000000         0xffffffff

Linker script and memory map

                0x00002000                _STACK_SIZE = DEFINED (_STACK_SIZE)?_STACK_SIZE:0x2000
                0x00100000                _HEAP_SIZE = DEFINED (_HEAP_SIZE)?_HEAP_SIZE:0x100000
                0x00000400                _ABORT_STACK_SIZE = DEFINED (_ABORT_STACK_SIZE)?_ABORT_STACK_SIZE:0x400
                0x00000800                _SUPERVISOR_STACK_SIZE = DEFINED (_SUPERVISOR_STACK_SIZE)?_SUPERVISOR_STACK_SIZE:0x800
                0x00000400                _IRQ_STACK_SIZE = DEFINED (_IRQ_STACK_SIZE)?_IRQ_STACK_SIZE:0x400
                0x00000400                _FIQ_STACK_SIZE = DEFINED (_FIQ_STACK_SIZE)?_FIQ_STACK_SIZE:0x400
                0x00000400                _UNDEF_STACK_SIZE = DEFINED (_UNDEF_STACK_SIZE)?_UNDEF_STACK_SIZE:0x400

.text           0x03800000    0x4be90
 *(.vectors)
 *(.boot_data)
 .boot_data     0x03800000       0x20 c:\Users\chase\AppData\Roaming\Code\User\globalStorage\vexrobotics.vexcode\sdk\cpp\V5\V5_20220726_10_00_00/vexv5\libv5rt.a(v5_startup.c.obj)
                0x03800000                vexCodeSig
                0x00000020                . = 0x20
 *(.boot)
 .boot          0x03800020       0xbc c:\Users\chase\AppData\Roaming\Code\User\globalStorage\vexrobotics.vexcode\sdk\cpp\V5\V5_20220726_10_00_00/vexv5\libv5rt.a(v5_startup.c.obj)
                0x03800020                vexStartup
                0x03800100                . = ALIGN (0x40)
 *fill*         0x038000dc       0x24 
 *(.freertos_vectors)
 *(.text)
 .text          0x03800100      0x170 build/src/v5lvgl.o
                0x03800100                lvgltask
                0x03800120                v5_lv_init
 .text          0x03800270     0x13ac build/lvgl/src/core/lv_indev_scroll.o
                0x03800270                _lv_indev_scroll_handler
                0x03800d8c                _lv_indev_scroll_throw_handler
                0x0380155c                lv_indev_scroll_throw_predict
                0x038015dc                lv_indev_scroll_get_snap_dist
 .text          0x0380161c     0x2860 build/lvgl/src/core/lv_obj_pos.o
                0x0380161c                lv_obj_set_pos
                0x03801640                lv_obj_set_x
                0x03801698                lv_obj_set_y
                0x038016f0                lv_obj_refr_size
                0x0380209c                lv_obj_get_width
                0x038020b4                lv_obj_get_content_width
                0x03802118                lv_clamp_width
                0x038021b4                lv_obj_get_height
                0x038021cc                lv_obj_get_content_height
                0x03802230                lv_clamp_height
                0x038022cc                lv_obj_invalidate
                0x03802324                lv_obj_get_coords
                0x03802348                lv_obj_get_content_coords
                0x0380240c                lv_obj_set_size
                0x03802430                lv_obj_set_width
                0x03802488                lv_obj_set_height
                0x038024e0                lv_obj_set_content_width
                0x0380253c                lv_obj_set_content_height
                0x03802598                lv_obj_set_layout
                0x038025bc                lv_obj_mark_layout_as_dirty
                0x038025f8                lv_obj_is_layout_positioned
                0x0380264c                lv_obj_update_layout
                0x03802768                lv_layout_register
                0x038027d4                lv_obj_set_align
                0x038027dc                lv_obj_align
                0x03802814                lv_obj_align_to
                0x03802f40                lv_obj_get_x
                0x03802fa4                lv_obj_get_x2
                0x03802fd0                lv_obj_get_y
                0x03803034                lv_obj_get_y2
                0x03803060                lv_obj_get_x_aligned
                0x0380307c                lv_obj_get_y_aligned
                0x03803098                lv_obj_get_self_width
                0x038030c8                lv_obj_get_self_height
                0x038030f4                lv_obj_refresh_self_size
                0x0380314c                lv_obj_refr_pos
                0x038034a0                lv_obj_move_to
                0x0380367c                lv_obj_move_children_by
                0x0380372c                lv_obj_transform_point
                0x03803950                lv_obj_get_transformed_area
                0x03803aa4                lv_obj_invalidate_area
                0x03803b14                lv_obj_area_is_visible
                0x03803cb4                lv_obj_is_visible
                0x03803d0c                lv_obj_set_ext_click_area
                0x03803d2c                lv_obj_get_click_area
                0x03803d88                lv_obj_hit_test
 .text          0x03803e7c      0x540 build/lvgl/src/core/lv_obj_style_gen.o
                0x03803e7c                lv_obj_set_style_width
                0x03803e8c                lv_obj_set_style_min_width
                0x03803e9c                lv_obj_set_style_max_width
                0x03803eac                lv_obj_set_style_height
                0x03803ebc                lv_obj_set_style_min_height
                0x03803ecc                lv_obj_set_style_max_height
                0x03803edc                lv_obj_set_style_x
                0x03803eec                lv_obj_set_style_y
                0x03803efc                lv_obj_set_style_align
                0x03803f0c                lv_obj_set_style_transform_width
                0x03803f1c                lv_obj_set_style_transform_height
                0x03803f2c                lv_obj_set_style_translate_x
                0x03803f3c                lv_obj_set_style_translate_y
                0x03803f4c                lv_obj_set_style_transform_zoom
                0x03803f5c                lv_obj_set_style_transform_angle
                0x03803f6c                lv_obj_set_style_transform_pivot_x
                0x03803f7c                lv_obj_set_style_transform_pivot_y
                0x03803f8c                lv_obj_set_style_pad_top
                0x03803f9c                lv_obj_set_style_pad_bottom
                0x03803fac                lv_obj_set_style_pad_left
                0x03803fbc                lv_obj_set_style_pad_right
                0x03803fcc                lv_obj_set_style_pad_row
                0x03803fdc                lv_obj_set_style_pad_column
                0x03803fec                lv_obj_set_style_bg_color
                0x03803ffc                lv_obj_set_style_bg_opa
                0x0380400c                lv_obj_set_style_bg_grad_color
                0x0380401c                lv_obj_set_style_bg_grad_dir
                0x0380402c                lv_obj_set_style_bg_main_stop
                0x0380403c                lv_obj_set_style_bg_grad_stop
                0x0380404c                lv_obj_set_style_bg_grad
                0x0380405c                lv_obj_set_style_bg_dither_mode
                0x0380406c                lv_obj_set_style_bg_img_src
                0x0380407c                lv_obj_set_style_bg_img_opa
                0x0380408c                lv_obj_set_style_bg_img_recolor
                0x0380409c                lv_obj_set_style_bg_img_recolor_opa
                0x038040ac                lv_obj_set_style_bg_img_tiled
                0x038040bc                lv_obj_set_style_border_color
                0x038040cc                lv_obj_set_style_border_opa
                0x038040dc                lv_obj_set_style_border_width
                0x038040ec                lv_obj_set_style_border_side
                0x038040fc                lv_obj_set_style_border_post
                0x0380410c                lv_obj_set_style_outline_width
                0x0380411c                lv_obj_set_style_outline_color
                0x0380412c                lv_obj_set_style_outline_opa
                0x0380413c                lv_obj_set_style_outline_pad
                0x0380414c                lv_obj_set_style_shadow_width
                0x0380415c                lv_obj_set_style_shadow_ofs_x
                0x0380416c                lv_obj_set_style_shadow_ofs_y
                0x0380417c                lv_obj_set_style_shadow_spread
                0x0380418c                lv_obj_set_style_shadow_color
                0x0380419c                lv_obj_set_style_shadow_opa
                0x038041ac                lv_obj_set_style_img_opa
                0x038041bc                lv_obj_set_style_img_recolor
                0x038041cc                lv_obj_set_style_img_recolor_opa
                0x038041dc                lv_obj_set_style_line_width
                0x038041ec                lv_obj_set_style_line_dash_width
                0x038041fc                lv_obj_set_style_line_dash_gap
                0x0380420c                lv_obj_set_style_line_rounded
                0x0380421c                lv_obj_set_style_line_color
                0x0380422c                lv_obj_set_style_line_opa
                0x0380423c                lv_obj_set_style_arc_width
                0x0380424c                lv_obj_set_style_arc_rounded
                0x0380425c                lv_obj_set_style_arc_color
                0x0380426c                lv_obj_set_style_arc_opa
                0x0380427c                lv_obj_set_style_arc_img_src
                0x0380428c                lv_obj_set_style_text_color
                0x0380429c                lv_obj_set_style_text_opa
                0x038042ac                lv_obj_set_style_text_font
                0x038042bc                lv_obj_set_style_text_letter_space
                0x038042cc                lv_obj_set_style_text_line_space
                0x038042dc                lv_obj_set_style_text_decor
                0x038042ec                lv_obj_set_style_text_align
                0x038042fc                lv_obj_set_style_radius
                0x0380430c                lv_obj_set_style_clip_corner
                0x0380431c                lv_obj_set_style_opa
                0x0380432c                lv_obj_set_style_color_filter_dsc
                0x0380433c                lv_obj_set_style_color_filter_opa
                0x0380434c                lv_obj_set_style_anim
                0x0380435c                lv_obj_set_style_anim_time
                0x0380436c                lv_obj_set_style_anim_speed
                0x0380437c                lv_obj_set_style_transition
                0x0380438c                lv_obj_set_style_blend_mode
                0x0380439c                lv_obj_set_style_layout
                0x038043ac                lv_obj_set_style_base_dir
 .text          0x038043bc     0x15a8 build/lvgl/src/core/lv_obj.o
                0x03805100                lv_is_initialized
                0x03805110                lv_init
                0x03805180                lv_deinit
                0x038051ac                lv_obj_create
                0x038051d4                lv_obj_add_flag
                0x0380528c                lv_obj_clear_flag
                0x03805348                lv_obj_add_state
                0x03805758                lv_obj_clear_state
                0x0380576c                lv_obj_has_flag
                0x03805784                lv_obj_has_flag_any
                0x03805794                lv_obj_get_state
                0x0380579c                lv_obj_has_state
                0x038057ac                lv_obj_get_group
                0x038057c0                lv_obj_allocate_spec_attr
                0x03805830                lv_obj_check_type
                0x0380584c                lv_obj_has_class
                0x03805874                lv_obj_get_class
                0x0380587c                lv_obj_is_valid
 .text          0x03805964     0x1dc8 build/lvgl/src/core/lv_obj_scroll.o
                0x03805964                lv_obj_set_scrollbar_mode
                0x038059a8                lv_obj_set_scroll_dir
                0x038059e0                lv_obj_set_scroll_snap_x
                0x03805a10                lv_obj_set_scroll_snap_y
                0x03805a40                lv_obj_get_scrollbar_mode
                0x03805a58                lv_obj_get_scroll_dir
                0x03805a70                lv_obj_get_scroll_snap_x
                0x03805a88                lv_obj_get_scroll_snap_y
                0x03805aa0                lv_obj_get_scroll_x
                0x03805abc                lv_obj_get_scroll_y
                0x03805ad8                lv_obj_get_scroll_top
                0x03805af4                lv_obj_get_scroll_bottom
                0x03805c18                lv_obj_get_scroll_left
                0x03805d84                lv_obj_get_scroll_right
                0x03805ed4                lv_obj_get_scroll_end
                0x03805fbc                lv_obj_scroll_by_bounded
                0x03806160                lv_obj_scroll_by
                0x03806360                _lv_obj_scroll_by_raw
                0x038063dc                lv_obj_scroll_to
                0x0380640c                lv_obj_scroll_to_x
                0x0380645c                lv_obj_scroll_to_y
                0x038064ac                lv_obj_scroll_to_view
                0x038069c4                lv_obj_scroll_to_view_recursive
                0x03806a30                lv_obj_is_scrolling
                0x03806a88                lv_obj_update_snap
                0x03806ac8                lv_obj_get_scrollbar_area
                0x0380759c                lv_obj_scrollbar_invalidate
                0x0380761c                lv_obj_readjust_scroll
 .text          0x0380772c      0x93c build/lvgl/src/core/lv_obj_tree.o
                0x0380772c                lv_obj_del
                0x038077cc                lv_obj_get_parent
                0x038077dc                lv_obj_get_disp
                0x03807a30                lv_obj_clean
                0x03807a94                lv_obj_get_child
                0x03807ac8                lv_obj_del_delayed
                0x03807b20                lv_obj_del_anim_ready_cb
                0x03807b28                lv_obj_del_async
                0x03807b3c                lv_obj_set_parent
                0x03807c84                lv_obj_get_index
                0x03807d0c                lv_obj_get_child_cnt
                0x03807d20                lv_obj_move_to_index
                0x03807e54                lv_obj_swap
                0x03807f34                lv_obj_get_screen
                0x03807f50                lv_obj_tree_walk
 .text          0x03808068     0x18dc build/lvgl/src/core/lv_obj_style.o
                0x03808068                _lv_obj_style_init
                0x03808078                lv_obj_add_style
                0x03808290                lv_obj_refresh_style
                0x038084c0                lv_obj_remove_style
                0x038086a0                lv_obj_style_get_selector_state
                0x038086a8                lv_obj_style_get_selector_part
                0x038086b0                lv_obj_report_style_change
                0x03808828                lv_obj_enable_style_refresh
                0x03808838                lv_obj_get_style_prop
                0x03808aa0                lv_obj_set_local_style_prop
                0x03808c10                lv_obj_set_local_style_prop_meta
                0x03808c50                lv_obj_get_local_style_prop
                0x03808cac                lv_obj_remove_local_style_prop
                0x03808d44                _lv_obj_style_create_transition
                0x038093f0                _lv_obj_style_apply_color_filter
                0x03809460                _lv_obj_style_state_compare
                0x03809808                lv_obj_fade_in
                0x03809894                lv_obj_fade_out
                0x03809908                lv_obj_calculate_style_text_align
 .text          0x03809944      0xb08 build/lvgl/src/core/lv_group.o
                0x03809944                _lv_group_init
                0x03809954                lv_group_create
                0x038099ac                lv_group_del
                0x03809b40                lv_group_set_default
                0x03809b50                lv_group_get_default
                0x03809b60                lv_group_add_obj
                0x03809c38                lv_group_remove_obj
                0x03809dfc                lv_group_swap_obj
                0x03809eac                lv_group_focus_obj
                0x03809fbc                lv_group_remove_all_objs
                0x0380a04c                lv_group_set_editing
                0x0380a0b4                lv_group_focus_next
                0x0380a2e0                lv_group_focus_prev
                0x0380a328                lv_group_focus_freeze
                0x0380a340                lv_group_send_data
                0x0380a3a8                lv_group_get_focused
                0x0380a3c4                lv_group_set_focus_cb
                0x0380a3cc                lv_group_set_edge_cb
                0x0380a3d4                lv_group_set_refocus_policy
                0x0380a3ec                lv_group_set_wrap
                0x0380a400                lv_group_get_focus_cb
                0x0380a410                lv_group_get_edge_cb
                0x0380a420                lv_group_get_editing
                0x0380a434                lv_group_get_wrap
                0x0380a448                lv_group_get_obj_count
 .text          0x0380a44c      0x160 build/lvgl/src/core/lv_theme.o
                0x0380a44c                lv_theme_get_from_obj
                0x0380a470                lv_theme_apply
                0x0380a4f4                lv_theme_set_parent
                0x0380a4fc                lv_theme_set_apply_cb
                0x0380a504                lv_theme_get_font_small
                0x0380a524                lv_theme_get_font_normal
                0x0380a544                lv_theme_get_font_large
                0x0380a564                lv_theme_get_color_primary
                0x0380a588                lv_theme_get_color_secondary
 .text          0x0380a5ac      0x9c0 build/lvgl/src/core/lv_event.o
                0x0380a5ac                lv_event_send
                0x0380a8d8                lv_obj_event_base
                0x0380a938                lv_event_get_target
                0x0380a940                lv_event_get_current_target
                0x0380a948                lv_event_get_code
                0x0380a954                lv_event_get_param
                0x0380a95c                lv_event_get_user_data
                0x0380a964                lv_event_stop_bubbling
                0x0380a974                lv_event_stop_processing
                0x0380a984                lv_event_register_id
                0x0380a99c                _lv_event_mark_deleted
                0x0380a9d8                lv_obj_add_event_cb
                0x0380aa9c                lv_obj_remove_event_cb
                0x0380aba4                lv_obj_remove_event_cb_with_user_data
                0x0380acc8                lv_obj_remove_event_dsc
                0x0380addc                lv_obj_get_event_user_data
                0x0380ae2c                lv_event_get_indev
                0x0380ae4c                lv_event_get_draw_part_dsc
                0x0380ae68                lv_event_get_draw_ctx
                0x0380ae88                lv_event_get_old_size
                0x0380aea0                lv_event_get_key
                0x0380aec4                lv_event_get_scroll_anim
                0x0380aedc                lv_event_set_ext_draw_size
                0x0380af00                lv_event_get_self_size_info
                0x0380af18                lv_event_get_hit_test_info
                0x0380af30                lv_event_get_cover_area
                0x0380af4c                lv_event_set_cover_res
 .text          0x0380af6c     0x1ae4 build/lvgl/src/core/lv_refr.o
                0x0380af6c                _lv_refr_init
                0x0380af70                lv_refr_now
                0x0380afd4                _lv_disp_refr_timer
                0x0380b688                lv_obj_redraw
                0x0380bce4                _lv_inv_area
                0x0380be94                _lv_refr_get_disp_refreshing
                0x0380bea4                _lv_refr_set_disp_refreshing
 .text          0x0380ca50      0xbe8 build/lvgl/src/core/lv_obj_draw.o
                0x0380ca50                lv_obj_init_draw_rect_dsc
                0x0380cee8                lv_obj_init_draw_label_dsc
                0x0380d01c                lv_obj_init_draw_img_dsc
                0x0380d14c                lv_obj_init_draw_line_dsc
                0x0380d28c                lv_obj_init_draw_arc_dsc
                0x0380d3ac                lv_obj_calculate_ext_draw_size
                0x0380d52c                lv_obj_draw_dsc_init
                0x0380d54c                lv_obj_draw_part_check_type
                0x0380d574                lv_obj_refresh_ext_draw_size
                0x0380d608                _lv_obj_get_ext_draw_size
                0x0380d620                _lv_obj_get_layer_type
 .text          0x0380d638     0x1724 build/lvgl/src/core/lv_indev.o
                0x0380d638                lv_indev_read_timer_cb
                0x0380e174                lv_indev_enable
                0x0380e1d0                lv_indev_get_act
                0x0380e1e0                lv_indev_get_type
                0x0380e1f4                lv_indev_reset
                0x0380e328                lv_indev_reset_long_press
                0x0380e354                lv_indev_set_cursor
                0x0380e3b8                lv_indev_set_group
                0x0380e3d0                lv_indev_set_button_points
                0x0380e3e4                lv_indev_get_point
                0x0380e430                lv_indev_get_gesture_dir
                0x0380e43c                lv_indev_get_key
                0x0380e458                lv_indev_get_scroll_dir
                0x0380e484                lv_indev_get_scroll_obj
                0x0380e4ac                lv_indev_get_vect
                0x0380e4e4                lv_indev_wait_release
                0x0380e4f8                lv_indev_get_obj_act
                0x0380e508                lv_indev_get_read_timer
                0x0380e518                lv_indev_search_obj
 .text          0x0380ed5c      0x340 build/lvgl/src/core/lv_obj_class.o
                0x0380ed5c                lv_obj_class_create_obj
                0x0380eee4                lv_obj_class_init_obj
                0x0380eff4                lv_obj_is_group_def
                0x0380f028                _lv_obj_destruct
                0x0380f068                lv_obj_is_editable
 .text          0x0380f09c      0xaa4 build/lvgl/src/core/lv_disp.o
                0x0380f09c                lv_disp_get_scr_act
                0x0380f0c8                lv_disp_get_scr_prev
                0x0380f0f4                lv_disp_load_scr
                0x0380f120                lv_scr_load_anim
                0x0380f5bc                lv_disp_get_layer_top
                0x0380f5e8                lv_disp_get_layer_sys
                0x0380f614                lv_disp_set_theme
                0x0380f69c                lv_disp_get_theme
                0x0380f6bc                lv_disp_set_bg_color
                0x0380f73c                lv_disp_set_bg_image
                0x0380f7bc                lv_disp_set_bg_opa
                0x0380f9d4                lv_disp_get_inactive_time
                0x0380fa38                lv_disp_trig_activity
                0x0380fa68                lv_disp_clean_dcache
                0x0380faa0                lv_disp_enable_invalidation
                0x0380fadc                lv_disp_is_invalidation_enabled
                0x0380fb14                _lv_disp_get_refr_timer
 .text          0x0380fb40      0x624 build/lvgl/src/draw/lv_draw_arc.o
                0x0380fb40                lv_draw_arc_dsc_init
                0x0380fb70                lv_draw_arc
                0x0380fbb8                lv_draw_arc_get_area
 .text          0x03810164      0x55c build/lvgl/src/draw/lv_draw_img.o
                0x03810164                lv_draw_img_dsc_init
                0x038101a0                lv_draw_img
                0x038105bc                lv_img_cf_get_px_size
                0x03810628                lv_img_cf_is_chroma_keyed
                0x03810640                lv_img_cf_has_alpha
                0x03810660                lv_img_src_get_type
                0x03810694                lv_draw_img_decoded
 .text          0x038106c0     0x23b0 build/lvgl/src/draw/lv_draw_mask.o
                0x038106c0                lv_draw_mask_add
                0x03810708                lv_draw_mask_apply
                0x0381079c                lv_draw_mask_apply_ids
                0x0381085c                lv_draw_mask_remove_id
                0x03810884                lv_draw_mask_remove_custom
                0x038108d0                lv_draw_mask_free_param
                0x03810938                _lv_draw_mask_cleanup
                0x03810978                lv_draw_mask_get_cnt
                0x038109a8                lv_draw_mask_is_any
                0x03810a44                lv_draw_mask_line_points_init
                0x038112ec                lv_draw_mask_line_angle_init
                0x03811354                lv_draw_mask_angle_init
                0x0381182c                lv_draw_mask_radius_init
                0x038122a0                lv_draw_mask_fade_init
                0x038124a4                lv_draw_mask_map_init
                0x038125c4                lv_draw_mask_polygon_init
 .text          0x03812a70       0xa8 build/lvgl/src/draw/lv_img_cache.o
                0x03812a70                _lv_img_cache_open
                0x03812b10                lv_img_cache_set_size
                0x03812b14                lv_img_cache_invalidate_src
 .text          0x03812b18       0x14 build/lvgl/src/draw/lv_draw.o
                0x03812b18                lv_draw_init
                0x03812b1c                lv_draw_wait_for_finish
 .text          0x03812b2c      0x150 build/lvgl/src/draw/lv_draw_layer.o
                0x03812b2c                lv_draw_layer_create
                0x03812bec                lv_draw_layer_adjust
                0x03812bfc                lv_draw_layer_blend
                0x03812c0c                lv_draw_layer_destroy
 .text          0x03812c7c       0x54 build/lvgl/src/draw/lv_draw_transform.o
                0x03812c7c                lv_draw_transform
 .text          0x03812cd0       0xb8 build/lvgl/src/draw/lv_draw_rect.o
                0x03812cd0                lv_draw_rect_dsc_init
                0x03812d44                lv_draw_rect
 .text          0x03812d88      0x914 build/lvgl/src/draw/lv_draw_label.o
                0x03812d88                lv_draw_label_dsc_init
                0x03812de8                lv_draw_label
                0x03813694                lv_draw_letter
 .text          0x0381369c      0xc3c build/lvgl/src/draw/lv_img_decoder.o
                0x0381369c                _lv_img_decoder_init
                0x038136f4                lv_img_decoder_create
                0x03813728                lv_img_decoder_set_info_cb
                0x03813730                lv_img_decoder_built_in_info
                0x03813854                lv_img_decoder_set_open_cb
                0x0381385c                lv_img_decoder_built_in_open
                0x03813b1c                lv_img_decoder_set_read_line_cb
                0x03813b24                lv_img_decoder_built_in_read_line
                0x03813f88                lv_img_decoder_set_close_cb
                0x03813f90                lv_img_decoder_built_in_close
                0x03813ff0                lv_img_decoder_get_info
                0x038140a4                lv_img_decoder_open
                0x03814218                lv_img_decoder_read_line
                0x03814264                lv_img_decoder_close
                0x038142b0                lv_img_decoder_delete
 .text          0x038142d8       0x54 build/lvgl/src/draw/lv_draw_line.o
                0x038142d8                lv_draw_line_dsc_init
                0x03814308                lv_draw_line
 .text          0x0381432c      0x9cc build/lvgl/src/draw/lv_img_buf.o
                0x0381432c                lv_img_buf_get_px_color
                0x038144c8                lv_img_buf_get_px_alpha
                0x038145f0                lv_img_buf_set_px_alpha
                0x03814724                lv_img_buf_set_px_color
                0x03814900                lv_img_buf_set_palette
                0x03814984                lv_img_buf_alloc
                0x03814a2c                lv_img_buf_get_img_size
                0x03814b60                lv_img_buf_free
                0x03814b90                _lv_img_buf_get_transformed_area
 .text          0x03814cf8       0x14 build/lvgl/src/extra/lv_extra.o
                0x03814cf8                lv_extra_init
 .text          0x03814d0c      0x424 build/lvgl/src/font/lv_font_fmt_txt.o
                0x03814d0c                lv_font_get_bitmap_fmt_txt
                0x03814efc                lv_font_get_glyph_dsc_fmt_txt
                0x038150e4                _lv_font_clean_up_fmt_txt
 .text          0x03815130      0x174 build/lvgl/src/font/lv_font.o
                0x03815130                lv_font_get_glyph_bitmap
                0x03815144                lv_font_get_glyph_dsc
                0x03815270                lv_font_get_glyph_width
 .text          0x038152a4      0x25c build/lvgl/src/hal/lv_hal_indev.o
                0x038152a4                lv_indev_drv_init
                0x038152dc                lv_indev_drv_register
                0x03815364                lv_indev_drv_update
                0x03815408                lv_indev_delete
                0x03815460                lv_indev_get_next
                0x03815484                _lv_indev_read
 .text          0x03815500      0xc50 build/lvgl/src/hal/lv_hal_disp.o
                0x03815500                lv_disp_drv_init
                0x03815574                lv_disp_draw_buf_init
                0x038155a4                lv_disp_drv_register
                0x03815784                lv_disp_drv_update
                0x038158cc                lv_disp_get_hor_res
                0x03815918                lv_disp_get_ver_res
                0x03815978                lv_disp_remove
                0x03815a48                lv_disp_get_default
                0x03815a58                lv_disp_set_default
                0x03815a68                lv_disp_get_physical_hor_res
                0x03815acc                lv_disp_get_physical_ver_res
                0x03815b30                lv_disp_get_offset_x
                0x03815ba8                lv_disp_get_offset_y
                0x03815c20                lv_disp_get_antialiasing
                0x03815c50                lv_disp_get_dpi
                0x03815c80                lv_disp_flush_ready
                0x03815c94                lv_disp_flush_is_last
                0x03815ca8                lv_disp_get_next
                0x03815ccc                lv_disp_get_draw_buf
                0x03815cd8                lv_disp_set_rotation
                0x03815d14                lv_disp_get_rotation
                0x03815d44                lv_disp_drv_use_generic_set_px_cb
 .text          0x03816150       0x84 build/lvgl/src/hal/lv_hal_tick.o
                0x03816150                lv_tick_inc
                0x03816178                lv_tick_get
                0x038161a4                lv_tick_elaps
 .text          0x038161d4      0x484 build/lvgl/src/misc/lv_color.o
                0x038161d4                lv_color_fill
                0x03816248                lv_color_lighten
                0x0381629c                lv_color_darken
                0x038162e4                lv_color_change_lightness
                0x03816350                lv_color_hsv_to_rgb
                0x03816494                lv_color_rgb_to_hsv
                0x038165cc                lv_color_to_hsv
                0x038165e0                lv_palette_main
                0x038165fc                lv_palette_lighten
                0x0381662c                lv_palette_darken
 .text          0x03816658      0x134 build/lvgl/src/misc/lv_async.o
                0x03816658                lv_async_call
                0x038166f0                lv_async_call_cancel
 .text          0x0381678c      0x12c build/lvgl/src/misc/lv_gc.o
                0x0381678c                _lv_gc_clear_roots
 .text          0x038168b8      0x9cc build/lvgl/src/misc/lv_anim.o
                0x038168b8                _lv_anim_core_init
                0x03816be0                lv_anim_init
                0x03816c30                lv_anim_path_linear
                0x03816c78                lv_anim_start
                0x03816d64                lv_anim_del
                0x03816e14                lv_anim_get_playtime
                0x03816e88                lv_anim_del_all
                0x03816ea4                lv_anim_get
                0x03816f10                lv_anim_get_timer
                0x03816f20                lv_anim_count_running
                0x03816f74                lv_anim_speed_to_time
                0x03816fa8                lv_anim_refr_now
                0x03816fb0                lv_anim_path_ease_in
                0x0381700c                lv_anim_path_ease_out
                0x03817068                lv_anim_path_ease_in_out
                0x038170c4                lv_anim_path_overshoot
                0x03817120                lv_anim_path_bounce
                0x03817268                lv_anim_path_step
 .text          0x03817284      0xd58 build/lvgl/src/misc/lv_area.o
                0x03817284                lv_area_set
                0x0381729c                lv_area_set_width
                0x038172b0                lv_area_set_height
                0x038172c4                _lv_area_set_pos
                0x03817300                lv_area_get_size
                0x03817328                lv_area_increase
                0x03817364                lv_area_move
                0x038173a0                _lv_area_intersect
                0x03817418                _lv_area_join
                0x0381746c                _lv_area_is_point_on
                0x038175f0                _lv_area_is_on
                0x03817640                _lv_area_is_in
                0x03817734                _lv_area_is_out
                0x03817828                _lv_area_is_equal
                0x03817878                lv_area_align
                0x03817e08                lv_point_transform
 .text          0x03817fdc      0x36c build/lvgl/src/misc/lv_math.o
                0x03817fdc                lv_trigo_sin
                0x03818070                lv_bezier3
                0x038180d4                lv_sqrt
                0x03818120                lv_atan2
                0x03818224                lv_pow
                0x0381829c                lv_map
                0x0381830c                lv_rand
 .text          0x03818348      0x9d0 build/lvgl/src/misc/lv_fs.o
                0x03818348                _lv_fs_init
                0x03818358                lv_fs_is_ready
                0x03818390                lv_fs_get_drv
                0x038183e8                lv_fs_open
                0x038184d8                lv_fs_close
                0x03818564                lv_fs_read
                0x038187d8                lv_fs_write
                0x03818858                lv_fs_seek
                0x03818978                lv_fs_tell
                0x038189dc                lv_fs_dir_open
                0x03818a84                lv_fs_dir_read
                0x03818ad0                lv_fs_dir_close
                0x03818b24                lv_fs_drv_init
                0x03818b2c                lv_fs_drv_register
                0x03818b54                lv_fs_get_letters
                0x03818bc4                lv_fs_get_ext
                0x03818c1c                lv_fs_up
                0x03818ca4                lv_fs_get_last
 .text          0x03818d18      0x428 build/lvgl/src/misc/lv_ll.o
                0x03818d18                _lv_ll_init
                0x03818d30                _lv_ll_ins_head
                0x03818d88                _lv_ll_ins_prev
                0x03818e0c                _lv_ll_get_head
                0x03818e1c                _lv_ll_get_prev
                0x03818e28                _lv_ll_ins_tail
                0x03818e80                _lv_ll_remove
                0x03818f10                _lv_ll_get_next
                0x03818f20                _lv_ll_get_tail
                0x03818f30                _lv_ll_clear
                0x03818f7c                _lv_ll_chg_list
                0x03819038                _lv_ll_get_len
                0x03819070                _lv_ll_move_before
                0x03819118                _lv_ll_is_empty
 .text          0x03819140      0x3f0 build/lvgl/src/misc/lv_style_gen.o
                0x03819140                lv_style_set_width
                0x0381914c                lv_style_set_min_width
                0x03819158                lv_style_set_max_width
                0x03819164                lv_style_set_height
                0x03819170                lv_style_set_min_height
                0x0381917c                lv_style_set_max_height
                0x03819188                lv_style_set_x
                0x03819194                lv_style_set_y
                0x038191a0                lv_style_set_align
                0x038191ac                lv_style_set_transform_width
                0x038191b8                lv_style_set_transform_height
                0x038191c4                lv_style_set_translate_x
                0x038191d0                lv_style_set_translate_y
                0x038191dc                lv_style_set_transform_zoom
                0x038191e8                lv_style_set_transform_angle
                0x038191f4                lv_style_set_transform_pivot_x
                0x03819200                lv_style_set_transform_pivot_y
                0x0381920c                lv_style_set_pad_top
                0x03819218                lv_style_set_pad_bottom
                0x03819224                lv_style_set_pad_left
                0x03819230                lv_style_set_pad_right
                0x0381923c                lv_style_set_pad_row
                0x03819248                lv_style_set_pad_column
                0x03819254                lv_style_set_bg_color
                0x03819260                lv_style_set_bg_opa
                0x0381926c                lv_style_set_bg_grad_color
                0x03819278                lv_style_set_bg_grad_dir
                0x03819284                lv_style_set_bg_main_stop
                0x03819290                lv_style_set_bg_grad_stop
                0x0381929c                lv_style_set_bg_grad
                0x038192a8                lv_style_set_bg_dither_mode
                0x038192b4                lv_style_set_bg_img_src
                0x038192c0                lv_style_set_bg_img_opa
                0x038192cc                lv_style_set_bg_img_recolor
                0x038192d8                lv_style_set_bg_img_recolor_opa
                0x038192e4                lv_style_set_bg_img_tiled
                0x038192f0                lv_style_set_border_color
                0x038192fc                lv_style_set_border_opa
                0x03819308                lv_style_set_border_width
                0x03819314                lv_style_set_border_side
                0x03819320                lv_style_set_border_post
                0x0381932c                lv_style_set_outline_width
                0x03819338                lv_style_set_outline_color
                0x03819344                lv_style_set_outline_opa
                0x03819350                lv_style_set_outline_pad
                0x0381935c                lv_style_set_shadow_width
                0x03819368                lv_style_set_shadow_ofs_x
                0x03819374                lv_style_set_shadow_ofs_y
                0x03819380                lv_style_set_shadow_spread
                0x0381938c                lv_style_set_shadow_color
                0x03819398                lv_style_set_shadow_opa
                0x038193a4                lv_style_set_img_opa
                0x038193b0                lv_style_set_img_recolor
                0x038193bc                lv_style_set_img_recolor_opa
                0x038193c8                lv_style_set_line_width
                0x038193d4                lv_style_set_line_dash_width
                0x038193e0                lv_style_set_line_dash_gap
                0x038193ec                lv_style_set_line_rounded
                0x038193f8                lv_style_set_line_color
                0x03819404                lv_style_set_line_opa
                0x03819410                lv_style_set_arc_width
                0x0381941c                lv_style_set_arc_rounded
                0x03819428                lv_style_set_arc_color
                0x03819434                lv_style_set_arc_opa
                0x03819440                lv_style_set_arc_img_src
                0x0381944c                lv_style_set_text_color
                0x03819458                lv_style_set_text_opa
                0x03819464                lv_style_set_text_font
                0x03819470                lv_style_set_text_letter_space
                0x0381947c                lv_style_set_text_line_space
                0x03819488                lv_style_set_text_decor
                0x03819494                lv_style_set_text_align
                0x038194a0                lv_style_set_radius
                0x038194ac                lv_style_set_clip_corner
                0x038194b8                lv_style_set_opa
                0x038194c4                lv_style_set_color_filter_dsc
                0x038194d0                lv_style_set_color_filter_opa
                0x038194dc                lv_style_set_anim
                0x038194e8                lv_style_set_anim_time
                0x038194f4                lv_style_set_anim_speed
                0x03819500                lv_style_set_transition
                0x0381950c                lv_style_set_blend_mode
                0x03819518                lv_style_set_layout
                0x03819524                lv_style_set_base_dir
 .text          0x03819530      0xd48 build/lvgl/src/misc/lv_tlsf.o
                0x03819530                lv_tlsf_check
                0x03819680                lv_tlsf_walk_pool
                0x038196f4                lv_tlsf_block_size
                0x03819708                lv_tlsf_check_pool
                0x0381976c                lv_tlsf_size
                0x03819774                lv_tlsf_align_size
                0x0381977c                lv_tlsf_block_size_min
                0x03819784                lv_tlsf_block_size_max
                0x0381978c                lv_tlsf_pool_overhead
                0x03819794                lv_tlsf_alloc_overhead
                0x0381979c                lv_tlsf_add_pool
                0x038198b4                lv_tlsf_remove_pool
                0x038199ac                lv_tlsf_create
                0x03819a1c                lv_tlsf_create_with_pool
                0x03819aa0                lv_tlsf_destroy
                0x03819aa4                lv_tlsf_get_pool
                0x03819ab0                lv_tlsf_malloc
                0x03819cc8                lv_tlsf_memalign
                0x03819e40                lv_tlsf_free
                0x03819fc8                lv_tlsf_realloc
 .text          0x0381a278      0x9e4 build/lvgl/src/misc/lv_mem.o
                0x0381a278                lv_mem_init
                0x0381a2a0                lv_mem_deinit
                0x0381a2d0                lv_mem_alloc
                0x0381a344                lv_mem_free
                0x0381a39c                lv_mem_realloc
                0x0381a3f0                lv_mem_test
                0x0381a44c                lv_mem_monitor
                0x0381a4e0                lv_memset
                0x0381a614                lv_mem_buf_get
                0x0381a720                lv_mem_buf_release
                0x0381a764                lv_mem_buf_free_all
                0x0381a7ec                lv_memcpy
                0x0381aa6c                lv_memset_00
                0x0381ab5c                lv_memset_ff
 .text          0x0381ac5c      0x430 build/lvgl/src/misc/lv_timer.o
                0x0381ac5c                _lv_timer_core_init
                0x0381ac88                lv_timer_enable
                0x0381ac98                lv_timer_handler
                0x0381af2c                lv_timer_create_basic
                0x0381af3c                lv_timer_create
                0x0381afac                lv_timer_set_cb
                0x0381afb4                lv_timer_del
                0x0381afec                lv_timer_pause
                0x0381affc                lv_timer_resume
                0x0381b00c                lv_timer_set_period
                0x0381b014                lv_timer_ready
                0x0381b038                lv_timer_set_repeat_count
                0x0381b040                lv_timer_reset
                0x0381b058                lv_timer_get_idle
                0x0381b068                lv_timer_get_next
 .text          0x0381b08c      0xdcc build/lvgl/src/misc/lv_txt.o
                0x0381b524                lv_txt_get_size
                0x0381b668                _lv_txt_get_next_line
                0x0381bad0                lv_txt_get_width
                0x0381bc10                _lv_txt_encoded_letter_next_2
                0x0381bc6c                _lv_txt_is_cmd
                0x0381bcd0                _lv_txt_ins
                0x0381bd70                _lv_txt_cut
                0x0381bde8                _lv_txt_set_text_vfmt
 .text          0x0381be58      0x8c8 build/lvgl/src/misc/lv_style.o
                0x0381be58                lv_style_init
                0x0381be60                lv_style_reset
                0x0381bea4                lv_style_register_prop
                0x0381bf94                lv_style_get_num_custom_props
                0x0381bfac                lv_style_remove_prop
                0x0381c0f8                lv_style_set_prop
                0x0381c278                lv_style_set_prop_meta
                0x0381c3cc                lv_style_get_prop
                0x0381c4ec                lv_style_transition_dsc_init
                0x0381c534                lv_style_prop_get_default
                0x0381c690                lv_style_is_empty
                0x0381c6a0                _lv_style_get_prop_group
                0x0381c6b0                _lv_style_prop_lookup_flags
 .text          0x0381c720       0x7c build/lvgl/src/misc/lv_utils.o
                0x0381c720                _lv_utils_bsearch
 .text          0x0381c79c      0x300 build/lvgl/src/widgets/lv_line.o
                0x0381ca24                lv_line_create
                0x0381ca4c                lv_line_set_points
                0x0381ca70                lv_line_set_y_invert
                0x0381ca90                lv_line_get_y_invert
 *fill*         0x0381ca9c        0x4 
 .text          0x0381caa0      0xd0c build/lvgl/src/widgets/lv_bar.o
                0x0381d44c                lv_bar_create
                0x0381d474                lv_bar_set_value
                0x0381d5b0                lv_bar_set_start_value
                0x0381d61c                lv_bar_set_range
                0x0381d6a8                lv_bar_get_mode
                0x0381d6b4                lv_bar_set_mode
                0x0381d6d8                lv_bar_get_value
                0x0381d6f0                lv_bar_get_start_value
                0x0381d720                lv_bar_get_min_value
                0x0381d728                lv_bar_get_max_value
 *fill*         0x0381d7ac        0x4 
 .text          0x0381d7b0     0x1bd4 build/lvgl/src/widgets/lv_label.o
                0x0381dd1c                lv_label_create
                0x0381dd44                lv_label_set_text
                0x0381e588                lv_label_set_text_fmt
                0x0381e614                lv_label_set_text_static
                0x0381e668                lv_label_set_long_mode
                0x0381e794                lv_label_set_recolor
                0x0381e7b4                lv_label_set_text_sel_start
                0x0381e7bc                lv_label_set_text_sel_end
                0x0381e7c4                lv_label_get_text
                0x0381e7cc                lv_label_get_long_mode
                0x0381e7d8                lv_label_get_recolor
                0x0381e7e4                lv_label_get_letter_pos
                0x0381eb4c                lv_label_get_letter_on
                0x0381eef8                lv_label_is_char_under_pos
                0x0381f23c                lv_label_get_text_selection_start
                0x0381f244                lv_label_get_text_selection_end
                0x0381f24c                lv_label_ins_text
                0x0381f2fc                lv_label_cut_text
 .text          0x0381f384      0x5ac build/lvgl/src/widgets/lv_checkbox.o
                0x0381f84c                lv_checkbox_create
                0x0381f874                lv_checkbox_set_text
                0x0381f8e0                lv_checkbox_set_text_static
                0x0381f928                lv_checkbox_get_text
 .text          0x0381f930     0x153c build/lvgl/src/widgets/lv_arc.o
                0x03820250                lv_arc_create
                0x03820278                lv_arc_set_start_angle
                0x0382046c                lv_arc_set_end_angle
                0x03820514                lv_arc_set_angles
                0x0382053c                lv_arc_set_bg_start_angle
                0x0382071c                lv_arc_set_bg_end_angle
                0x038207bc                lv_arc_set_bg_angles
                0x038207e4                lv_arc_set_rotation
                0x038207ec                lv_arc_set_mode
                0x03820888                lv_arc_set_value
                0x038208c8                lv_arc_set_range
                0x03820924                lv_arc_set_change_rate
                0x0382092c                lv_arc_get_angle_start
                0x03820934                lv_arc_get_angle_end
                0x0382093c                lv_arc_get_bg_angle_start
                0x03820944                lv_arc_get_bg_angle_end
                0x0382094c                lv_arc_get_value
                0x03820954                lv_arc_get_min_value
                0x0382095c                lv_arc_get_max_value
                0x03820964                lv_arc_get_mode
                0x03820970                lv_arc_align_obj_to_angle
                0x03820b98                lv_arc_rotate_obj_to_angle
 .text          0x03820e6c     0x18e4 build/lvgl/src/widgets/lv_btnmatrix.o
                0x03821b44                lv_btnmatrix_create
                0x03821b6c                lv_btnmatrix_set_map
                0x03821fbc                lv_btnmatrix_set_ctrl_map
                0x03821fe8                lv_btnmatrix_set_selected_btn
                0x03822160                lv_btnmatrix_set_btn_ctrl
                0x03822218                lv_btnmatrix_clear_btn_ctrl_all
                0x03822260                lv_btnmatrix_clear_btn_ctrl
                0x038222b0                lv_btnmatrix_set_btn_ctrl_all
                0x038222f8                lv_btnmatrix_set_btn_width
                0x03822320                lv_btnmatrix_set_one_checked
                0x038223e4                lv_btnmatrix_get_map
                0x038223ec                lv_btnmatrix_get_selected_btn
                0x038223f4                lv_btnmatrix_get_btn_text
                0x038224a0                lv_btnmatrix_has_btn_ctrl
                0x038224d4                lv_btnmatrix_get_one_checked
 .text          0x03822750     0x1b24 build/lvgl/src/widgets/lv_table.o
                0x03823434                lv_table_create
                0x0382345c                lv_table_set_cell_value
                0x03823538                lv_table_set_col_cnt
                0x038236f0                lv_table_set_row_cnt
                0x03823974                lv_table_set_cell_value_fmt
                0x03823c14                lv_table_set_col_width
                0x03823c5c                lv_table_add_cell_ctrl
                0x03823d14                lv_table_clear_cell_ctrl
                0x03823dcc                lv_table_get_cell_value
                0x03823e10                lv_table_get_row_cnt
                0x03823e18                lv_table_get_col_cnt
                0x03823e20                lv_table_get_col_width
                0x03823e40                lv_table_has_cell_ctrl
                0x03823e90                lv_table_get_selected_cell
 .text          0x03824274     0x1b2c build/lvgl/src/widgets/lv_textarea.o
                0x03824a24                lv_textarea_create
                0x03824a4c                lv_textarea_add_char
                0x03824d44                lv_textarea_clear_selection
                0x03824e1c                lv_textarea_set_cursor_pos
                0x03824f9c                lv_textarea_get_cursor_pos
                0x03824fa4                lv_textarea_add_text
                0x03825134                lv_textarea_get_accepted_chars
                0x0382513c                lv_textarea_get_max_length
                0x03825144                lv_textarea_del_char
                0x03825248                lv_textarea_del_char_forward
                0x03825278                lv_textarea_set_text
                0x038253dc                lv_textarea_set_placeholder_text
                0x03825810                lv_textarea_set_cursor_click_pos
                0x03825824                lv_textarea_set_password_mode
                0x038258c8                lv_textarea_set_password_bullet
                0x0382592c                lv_textarea_set_one_line
                0x038259c8                lv_textarea_set_accepted_chars
                0x038259d0                lv_textarea_set_max_length
                0x038259d8                lv_textarea_set_insert_replace
                0x038259e8                lv_textarea_set_text_selection
                0x03825a04                lv_textarea_set_password_show_time
                0x03825a0c                lv_textarea_set_align
                0x03825a58                lv_textarea_get_label
                0x03825a60                lv_textarea_get_text
                0x03825a78                lv_textarea_get_placeholder_text
                0x03825a90                lv_textarea_get_cursor_click_pos
                0x03825a9c                lv_textarea_get_password_mode
                0x03825aa8                lv_textarea_get_password_bullet
                0x03825b0c                lv_textarea_get_one_line
                0x03825b18                lv_textarea_text_is_selected
                0x03825b54                lv_textarea_get_text_selection
                0x03825b60                lv_textarea_get_password_show_time
                0x03825b68                lv_textarea_cursor_right
                0x03825b74                lv_textarea_cursor_left
                0x03825b88                lv_textarea_cursor_down
                0x03825c28                lv_textarea_cursor_up
 .text          0x03825da0     0x180c build/lvgl/src/widgets/lv_dropdown.o
                0x03826708                lv_dropdown_create
                0x03826730                lv_dropdown_set_text
                0x03826744                lv_dropdown_set_options
                0x03826820                lv_dropdown_set_options_static
                0x038268cc                lv_dropdown_add_option
                0x03826adc                lv_dropdown_clear_options
                0x03826b3c                lv_dropdown_set_selected
                0x03826b60                lv_dropdown_set_dir
                0x03826b84                lv_dropdown_set_symbol
                0x03826b8c                lv_dropdown_set_selected_highlight
                0x03826bb0                lv_dropdown_get_list
                0x03826bb8                lv_dropdown_get_text
                0x03826bc0                lv_dropdown_get_options
                0x03826bd8                lv_dropdown_get_selected
                0x03826be0                lv_dropdown_get_option_cnt
                0x03826be8                lv_dropdown_get_selected_str
                0x03826cd0                lv_dropdown_get_option_index
                0x03826d80                lv_dropdown_get_symbol
                0x03826d88                lv_dropdown_get_selected_highlight
                0x03826d94                lv_dropdown_get_dir
                0x03826da0                lv_dropdown_open
                0x03827190                lv_dropdown_close
                0x038271cc                lv_dropdown_is_open
 .text          0x038275ac     0x117c build/lvgl/src/widgets/lv_img.o
                0x03827f9c                lv_img_create
                0x03827fc4                lv_img_set_src
                0x038281c0                lv_img_set_offset_x
                0x038281c8                lv_img_set_offset_y
                0x038281d0                lv_img_set_angle
                0x03828374                lv_img_set_pivot
                0x038284cc                lv_img_set_zoom
                0x03828630                lv_img_set_antialias
                0x03828650                lv_img_set_size_mode
                0x03828678                lv_img_get_src
                0x03828680                lv_img_get_offset_x
                0x03828688                lv_img_get_offset_y
                0x03828690                lv_img_get_angle
                0x03828698                lv_img_get_pivot
                0x038286ac                lv_img_get_zoom
                0x038286b4                lv_img_get_antialias
                0x038286c0                lv_img_get_size_mode
 .text          0x03828728     0x1154 build/lvgl/src/widgets/lv_roller.o
                0x038290b8                lv_roller_create
                0x038290e0                lv_roller_set_options
                0x038292f0                lv_roller_set_selected
                0x03829560                lv_roller_set_visible_row_count
                0x038295c4                lv_roller_get_selected
                0x03829610                lv_roller_get_selected_str
                0x038296d8                lv_roller_get_options
                0x038296f0                lv_roller_get_option_cnt
 .text          0x0382987c      0xc64 build/lvgl/src/widgets/lv_slider.o
                0x0382a37c                lv_slider_create
                0x0382a3a4                lv_slider_is_dragged
 .text          0x0382a4e0       0x50 build/lvgl/src/widgets/lv_btn.o
                0x0382a508                lv_btn_create
 .text          0x0382a530      0x448 build/lvgl/src/widgets/lv_switch.o
                0x0382a938                lv_switch_create
 .text          0x0382a978     0x106c build/lvgl/src/draw/sw/lv_draw_sw_arc.o
                0x0382a978                lv_draw_sw_arc
 .text          0x0382b9e4     0x2aa0 build/lvgl/src/draw/sw/lv_draw_sw_rect.o
                0x0382b9e4                lv_draw_sw_rect
                0x0382d85c                lv_draw_sw_bg
                0x0382d8ac                draw_border_generic
 .text          0x0382e484     0x2820 build/lvgl/src/draw/sw/lv_draw_sw_blend.o
                0x0382e484                lv_draw_sw_blend
                0x0382e4e8                lv_draw_sw_blend_basic
 .text          0x03830ca4      0x454 build/lvgl/src/draw/sw/lv_draw_sw_polygon.o
                0x03830ca4                lv_draw_sw_polygon
 .text          0x038310f8      0x190 build/lvgl/src/draw/sw/lv_draw_sw.o
                0x038310f8                lv_draw_sw_init_ctx
                0x038311d0                lv_draw_sw_wait_for_finish
                0x038311d4                lv_draw_sw_buffer_copy
                0x0383127c                lv_draw_sw_deinit_ctx
 .text          0x03831288      0x2c8 build/lvgl/src/draw/sw/lv_draw_sw_layer.o
                0x03831288                lv_draw_sw_layer_create
                0x038313ec                lv_draw_sw_layer_adjust
                0x0383146c                lv_draw_sw_layer_blend
                0x03831548                lv_draw_sw_layer_destroy
 .text          0x03831550      0x98c build/lvgl/src/draw/sw/lv_draw_sw_transform.o
                0x03831550                lv_draw_sw_transform
 .text          0x03831edc      0x564 build/lvgl/src/draw/sw/lv_draw_sw_gradient.o
                0x03831edc                lv_gradient_free_cache
                0x03831f18                lv_gradient_set_cache_size
                0x03831f70                lv_gradient_get
                0x03832260                lv_gradient_calculate
                0x03832398                lv_gradient_cleanup
 .text          0x03832440      0x5c0 build/lvgl/src/draw/sw/lv_draw_sw_letter.o
                0x03832440                lv_draw_sw_letter
 .text          0x03832a00      0xb34 build/lvgl/src/draw/sw/lv_draw_sw_line.o
                0x03832a00                lv_draw_sw_line
 .text          0x03833534      0x768 build/lvgl/src/draw/sw/lv_draw_sw_img.o
                0x03833534                lv_draw_sw_img_decoded
 .text          0x03833c9c     0x130c build/lvgl/src/extra/layouts/flex/lv_flex.o
                0x03833c9c                lv_flex_init
                0x038342b8                lv_obj_set_flex_flow
                0x038342fc                lv_obj_set_style_flex_flow
                0x03834314                lv_obj_set_flex_align
                0x03834398                lv_obj_set_style_flex_main_place
                0x038343b0                lv_obj_set_style_flex_cross_place
                0x038343c8                lv_obj_set_style_flex_track_place
                0x038343e0                lv_obj_set_flex_grow
                0x03834418                lv_obj_set_style_flex_grow
                0x03834430                lv_style_set_flex_flow
                0x03834444                lv_style_set_flex_main_place
                0x03834458                lv_style_set_flex_cross_place
                0x0383446c                lv_style_set_flex_track_place
                0x03834480                lv_style_set_flex_grow
 .text          0x03834fa8     0x13e4 build/lvgl/src/extra/layouts/grid/lv_grid.o
                0x03834fa8                lv_grid_init
                0x03835e70                lv_obj_set_grid_dsc_array
                0x03835ed4                lv_obj_set_style_grid_column_dsc_array
                0x03835eec                lv_obj_set_style_grid_row_dsc_array
                0x03835f04                lv_obj_set_grid_align
                0x03835f50                lv_obj_set_style_grid_column_align
                0x03835f68                lv_obj_set_style_grid_row_align
                0x03835f80                lv_obj_set_grid_cell
                0x03836048                lv_obj_set_style_grid_cell_column_pos
                0x03836060                lv_obj_set_style_grid_cell_row_pos
                0x03836078                lv_obj_set_style_grid_cell_x_align
                0x03836090                lv_obj_set_style_grid_cell_column_span
                0x038360a8                lv_obj_set_style_grid_cell_row_span
                0x038360c0                lv_obj_set_style_grid_cell_y_align
                0x038360d8                lv_style_set_grid_row_dsc_array
                0x038360ec                lv_style_set_grid_column_dsc_array
                0x03836100                lv_style_set_grid_row_align
                0x03836114                lv_style_set_grid_column_align
                0x03836128                lv_style_set_grid_cell_column_pos
                0x0383613c                lv_style_set_grid_cell_column_span
                0x03836150                lv_style_set_grid_cell_row_pos
                0x03836164                lv_style_set_grid_cell_row_span
                0x03836178                lv_style_set_grid_cell_x_align
                0x0383618c                lv_style_set_grid_cell_y_align
 .text          0x0383638c     0x5e00 build/lvgl/src/extra/themes/default/lv_theme_default.o
                0x0383638c                lv_theme_default_init
                0x03836484                lv_theme_default_is_inited
                0x0383c0b4                lv_theme_default_get
 .text          0x0383c18c      0x1f0 build/lvgl/src/extra/widgets/calendar/lv_calendar_header_dropdown.o
                0x0383c260                lv_calendar_header_dropdown_create
 .text          0x0383c37c      0x27c build/lvgl/src/extra/widgets/calendar/lv_calendar_header_arrow.o
                0x0383c4cc                lv_calendar_header_arrow_create
 .text          0x0383c5f8      0x8b0 build/lvgl/src/extra/widgets/calendar/lv_calendar.o
                0x0383c730                lv_calendar_create
                0x0383c758                lv_calendar_set_day_names
                0x0383c778                lv_calendar_set_today_date
                0x0383c8d8                lv_calendar_set_highlighted_dates
                0x0383c8f0                lv_calendar_set_showed_date
                0x0383ccdc                lv_calendar_get_btnmatrix
                0x0383cce4                lv_calendar_get_today_date
                0x0383ccec                lv_calendar_get_showed_date
                0x0383ccf4                lv_calendar_get_highlighted_dates
                0x0383ccfc                lv_calendar_get_highlighted_dates_num
                0x0383cd04                lv_calendar_get_pressed_date
 .text          0x0383cea8     0x37b8 build/lvgl/src/extra/widgets/chart/lv_chart.o
                0x0383ec78                lv_chart_create
                0x0383eca0                lv_chart_set_type
                0x0383ed80                lv_chart_refresh
                0x0383ed84                lv_chart_set_point_count
                0x0383efa4                lv_chart_set_range
                0x0383f004                lv_chart_set_update_mode
                0x0383f028                lv_chart_set_div_line_count
                0x0383f04c                lv_chart_set_zoom_x
                0x0383f088                lv_chart_set_zoom_y
                0x0383f0c4                lv_chart_get_zoom_x
                0x0383f0cc                lv_chart_get_zoom_y
                0x0383f0d4                lv_chart_set_axis_tick
                0x0383f170                get_tick_gsc
                0x0383f1bc                lv_chart_get_type
                0x0383f1c8                lv_chart_get_point_count
                0x0383f1d0                lv_chart_get_x_start_point
                0x0383f1e0                lv_chart_get_point_pos_by_id
                0x0383f48c                lv_chart_add_series
                0x0383f584                lv_chart_remove_series
                0x0383f5d4                lv_chart_hide_series
                0x0383f5f4                lv_chart_set_series_color
                0x0383f608                lv_chart_set_x_start_point
                0x0383f624                lv_chart_get_series_next
                0x0383f638                lv_chart_add_cursor
                0x0383f688                lv_chart_set_cursor_pos
                0x0383f6b4                lv_chart_set_cursor_point
                0x0383f704                lv_chart_get_cursor_point
                0x0383f714                lv_chart_set_all_value
                0x0383f760                lv_chart_set_next_value
                0x0383fa40                lv_chart_set_next_value2
                0x0383faac                lv_chart_set_value_by_id
                0x0383fad8                lv_chart_set_value_by_id2
                0x0383fb34                lv_chart_set_ext_y_array
                0x0383fb8c                lv_chart_set_ext_x_array
                0x0383fbe4                lv_chart_get_y_array
                0x0383fbf4                lv_chart_get_x_array
                0x0383fc04                lv_chart_get_pressed_point
 .text          0x03840660     0x1060 build/lvgl/src/extra/widgets/colorwheel/lv_colorwheel.o
                0x0384129c                lv_colorwheel_create
                0x038412d4                lv_colorwheel_set_hsv
                0x03841474                lv_colorwheel_set_rgb
                0x038414a4                lv_colorwheel_set_mode
                0x038414d8                lv_colorwheel_set_mode_fixed
                0x038414ec                lv_colorwheel_get_hsv
                0x038414f4                lv_colorwheel_get_rgb
                0x03841504                lv_colorwheel_get_color_mode
                0x03841510                lv_colorwheel_get_color_mode_fixed
 .text          0x038416c0      0x584 build/lvgl/src/extra/widgets/keyboard/lv_keyboard.o
                0x03841750                lv_keyboard_create
                0x03841778                lv_keyboard_set_textarea
                0x038417c0                lv_keyboard_set_mode
                0x038417fc                lv_keyboard_set_popovers
                0x038418cc                lv_keyboard_set_map
                0x0384190c                lv_keyboard_get_textarea
                0x03841914                lv_keyboard_get_mode
                0x0384191c                lv_btnmatrix_get_popovers
                0x03841928                lv_keyboard_def_event_cb
 .text          0x03841c44      0x5c8 build/lvgl/src/extra/widgets/led/lv_led.o
                0x03842170                lv_led_create
                0x03842198                lv_led_set_color
                0x038421a0                lv_led_set_brightness
                0x038421bc                lv_led_on
                0x038421d4                lv_led_off
                0x038421ec                lv_led_toggle
                0x03842204                lv_led_get_brightness
 .text          0x0384220c      0xca4 build/lvgl/src/extra/widgets/menu/lv_menu.o
                0x038424ac                lv_menu_create
                0x038424d4                lv_menu_page_create
                0x0384253c                lv_menu_cont_create
                0x03842564                lv_menu_section_create
                0x0384258c                lv_menu_separator_create
                0x038425b4                lv_menu_set_page
                0x0384272c                lv_menu_clear_history
                0x03842808                lv_menu_set_sidebar_page
                0x03842bb0                lv_menu_set_mode_header
                0x03842c00                lv_menu_set_mode_root_back_btn
                0x03842c24                lv_menu_set_load_page_event
                0x03842db4                lv_menu_get_cur_main_page
                0x03842dbc                lv_menu_get_cur_sidebar_page
                0x03842dc4                lv_menu_get_main_header
                0x03842dcc                lv_menu_get_main_header_back_btn
                0x03842dd4                lv_menu_get_sidebar_header
                0x03842ddc                lv_menu_get_sidebar_header_back_btn
                0x03842de4                lv_menu_back_btn_is_root
 .text          0x03842eb0     0x1414 build/lvgl/src/extra/widgets/meter/lv_meter.o
                0x03843b3c                lv_meter_create
                0x03843b64                lv_meter_add_scale
                0x03843bcc                lv_meter_set_scale_ticks
                0x03843bf4                lv_meter_set_scale_major_ticks
                0x03843c24                lv_meter_set_scale_range
                0x03843c4c                lv_meter_add_needle_line
                0x03843cb0                lv_meter_add_needle_img
                0x03843d14                lv_meter_add_arc
                0x03843d78                lv_meter_add_scale_lines
                0x03843df8                lv_meter_set_indicator_value
                0x038441e4                lv_meter_set_indicator_start_value
                0x03844254                lv_meter_set_indicator_end_value
 *fill*         0x038442c4        0x4 
 .text          0x038442c8      0x720 build/lvgl/src/extra/widgets/spinbox/lv_spinbox.o
                0x03844588                lv_spinbox_create
                0x038445b0                lv_spinbox_set_value
                0x03844770                lv_spinbox_set_rollover
                0x03844788                lv_spinbox_set_digit_format
                0x03844800                lv_spinbox_set_step
                0x03844808                lv_spinbox_set_range
                0x0384483c                lv_spinbox_set_cursor_pos
                0x038448a0                lv_spinbox_set_digit_step_direction
                0x038448bc                lv_spinbox_get_value
                0x038448c4                lv_spinbox_get_step
                0x038448cc                lv_spinbox_step_next
                0x038448f4                lv_spinbox_step_prev
                0x03844924                lv_spinbox_get_rollover
                0x03844930                lv_spinbox_increment
                0x0384498c                lv_spinbox_decrement
 .text          0x038449e8      0x120 build/lvgl/src/extra/widgets/spinner/lv_spinner.o
                0x03844ab4                lv_spinner_create
 .text          0x03844b08      0x804 build/lvgl/src/extra/widgets/tabview/lv_tabview.o
                0x03844dfc                lv_tabview_create
                0x03844e40                lv_tabview_add_tab
                0x0384503c                lv_tabview_get_content
                0x03845044                lv_tabview_get_tab_btns
                0x0384504c                lv_tabview_set_act
                0x03845144                lv_tabview_rename_tab
                0x038451b4                lv_tabview_get_tab_act
 .text          0x0384530c      0x3c0 build/lvgl/src/extra/widgets/tileview/lv_tileview.o
                0x03845408                lv_tileview_create
                0x03845430                lv_tileview_add_tile
                0x03845480                lv_obj_set_tile
                0x038454d4                lv_obj_set_tile_id
                0x03845594                lv_tileview_get_tile_act
 .text          0x038456cc      0x194 build/lvgl/src/extra/widgets/win/lv_win.o
                0x03845778                lv_win_create
                0x038457b0                lv_win_add_title
                0x038457f4                lv_win_get_header
                0x038457fc                lv_win_add_btn
                0x03845858                lv_win_get_content
 .text          0x03845860       0x9a c:\Users\chase\AppData\Roaming\Code\User\globalStorage\vexrobotics.vexcode\sdk\cpp\V5\V5_20220726_10_00_00/vexv5/gcc/libs\libc.a(lib_a-aeabi_memset-soft.o)
                0x03845860                __aeabi_memset8
                0x03845860                __aeabi_memset
                0x03845860                __aeabi_memset4
 *(.text.*)
 *fill*         0x038458fa        0x6 
 .text._ZN14IntakeControls4initEv
                0x03845900       0x40 build/src/functions.o
                0x03845900                IntakeControls::init()
 .text._Z6HangCBv
                0x03845940       0x40 build/src/functions.o
                0x03845940                HangCB()
 .text._Z9BlockerCBv
                0x03845980       0x40 build/src/functions.o
                0x03845980                BlockerCB()
 .text._Z7Turn180v
                0x038459c0       0x8c build/src/functions.o
                0x038459c0                Turn180()
 .text._Z14getBaseTempAvgv
                0x03845a4c       0xc4 build/src/functions.o
                0x03845a4c                getBaseTempAvg()
 .text._ZN3vex11motor_groupC2IJNS_5motorES2_EEERS2_DpRT_
                0x03845b10       0x44 build/src/main.o
                0x03845b10                vex::motor_group::motor_group<vex::motor, vex::motor>(vex::motor&, vex::motor&, vex::motor&)
 .text._ZN5DriveD2Ev
                0x03845b54       0x7c build/src/main.o
                0x03845b54                Drive::~Drive()
 .text._Z9pre_autonv
                0x03845bd0       0xa8 build/src/main.o
                0x03845bd0                pre_auton()
 .text._Z10autonomousv
                0x03845c78       0x60 build/src/main.o
                0x03845c78                autonomous()
 .text._Z11usercontrolv
                0x03845cd8      0x1b8 build/src/main.o
                0x03845cd8                usercontrol()
 .text.main     0x03845e90       0x98 build/src/main.o
                0x03845e90                main
 .text._GLOBAL__sub_I_main.cpp
                0x03845f28      0x178 build/src/main.o
 .text._Z17default_constantsv
                0x038460a0      0x10c build/src/autons.o
                0x038460a0                default_constants()
 *fill*         0x038461ac        0x4 
 .text._Z11SkillsAutonv
                0x038461b0       0x88 build/src/autons.o
                0x038461b0                SkillsAuton()
 .text._Z16rd_winpoint_codev
                0x03846238      0x108 build/src/autons.o
                0x03846238                rd_winpoint_code()
 .text._Z13bo_6ball_codev
                0x03846340      0x2c8 build/src/autons.o
                0x03846340                bo_6ball_code()
 .text._Z11vexcodeInitv
                0x03846608        0x4 build/src/robot-config.o
                0x03846608                vexcodeInit()
 .text._GLOBAL__sub_I_robot_config.cpp
                0x0384660c      0x3b0 build/src/robot-config.o
 *fill*         0x038469bc        0x4 
 .text._ZN6Vision6UpdateEN3vex6vision9signatureE
                0x038469c0      0x120 build/src/Vision.o
                0x038469c0                Vision::Update(vex::vision::signature)
 .text._ZN6Vision12GetTrtgtDistEv
                0x03846ae0       0x80 build/src/Vision.o
                0x03846ae0                Vision::GetTrtgtDist()
 .text.getCurrentAuton
                0x03846b60       0x10 build/src/display/screen.o
                0x03846b60                getCurrentAuton
 .text._ZL11BackHandlerP11_lv_event_t
                0x03846b70       0x20 build/src/display/screen.o
 .text.autonSelectorNew
                0x03846b90      0x29c build/src/display/screen.o
                0x03846b90                autonSelectorNew
 .text._ZL10newAutonCBP11_lv_event_t
                0x03846e2c      0x178 build/src/display/screen.o
 .text._ZL8skillsCBP11_lv_event_t
                0x03846fa4       0x50 build/src/display/screen.o
 .text.UpdateDebug
                0x03846ff4       0x44 build/src/display/screen.o
                0x03846ff4                UpdateDebug
 .text.debugScreen
                0x03847038      0x164 build/src/display/screen.o
                0x03847038                debugScreen
 .text.initScreen
                0x0384719c      0x11c build/src/display/screen.o
                0x0384719c                initScreen
 .text._ZL19buttonPressCallbackP11_lv_event_t
                0x038472b8       0x58 build/src/display/screen.o
 .text._Z11pageHandleri
                0x03847310       0x64 build/src/display/pagehandler.o
                0x03847310                pageHandler(int)
 .text._Z15reduce_0_to_360f
                0x03847374       0x7c build/src/JAR-Template/util.o
                0x03847374                reduce_0_to_360(float)
 .text._Z26reduce_negative_180_to_180f
                0x038473f0       0x90 build/src/JAR-Template/util.o
                0x038473f0                reduce_negative_180_to_180(float)
 .text._Z6to_radf
                0x03847480       0x28 build/src/JAR-Template/util.o
                0x03847480                to_rad(float)
 .text._Z5clampfff
                0x038474a8       0x2c build/src/JAR-Template/util.o
                0x038474a8                clamp(float, float, float)
 .text._Z11is_reversedd
                0x038474d4       0x18 build/src/JAR-Template/util.o
                0x038474d4                is_reversed(double)
 *fill*         0x038474ec        0x4 
 .text._Z7to_voltf
                0x038474f0       0x30 build/src/JAR-Template/util.o
                0x038474f0                to_volt(float)
 .text._Z7to_porti
                0x03847520       0x14 build/src/JAR-Template/util.o
                0x03847520                to_port(int)
 .text._Z8deadbandff
                0x03847534       0x28 build/src/JAR-Template/util.o
                0x03847534                deadband(float, float)
 .text._ZN4Odom22set_physical_distancesEff
                0x0384755c        0x8 build/src/JAR-Template/odom.o
                0x0384755c                Odom::set_physical_distances(float, float)
 .text._ZN4Odom12set_positionEfffff
                0x03847564       0x1c build/src/JAR-Template/odom.o
                0x03847564                Odom::set_position(float, float, float, float, float)
 .text._ZN4Odom15update_positionEfff
                0x03847580      0x1a4 build/src/JAR-Template/odom.o
                0x03847580                Odom::update_position(float, float, float)
 *fill*         0x03847724        0x4 
 .text._ZN5DriveC2E11drive_setupN3vex11motor_groupES2_ifffiiiiiffiff
                0x03847728      0x238 build/src/JAR-Template/drive.o
                0x03847728                Drive::Drive(drive_setup, vex::motor_group, vex::motor_group, int, float, float, float, int, int, int, int, int, float, float, int, float, float)
                0x03847728                Drive::Drive(drive_setup, vex::motor_group, vex::motor_group, int, float, float, float, int, int, int, int, int, float, float, int, float, float)
 .text._ZN5Drive18drive_with_voltageEff
                0x03847960       0x6c build/src/JAR-Template/drive.o
                0x03847960                Drive::drive_with_voltage(float, float)
 .text._ZN5Drive18set_turn_constantsEfffff
                0x038479cc       0x1c build/src/JAR-Template/drive.o
                0x038479cc                Drive::set_turn_constants(float, float, float, float, float)
 .text._ZN5Drive19set_drive_constantsEfffff
                0x038479e8       0x1c build/src/JAR-Template/drive.o
                0x038479e8                Drive::set_drive_constants(float, float, float, float, float)
 .text._ZN5Drive21set_heading_constantsEfffff
                0x03847a04       0x1c build/src/JAR-Template/drive.o
                0x03847a04                Drive::set_heading_constants(float, float, float, float, float)
 .text._ZN5Drive19set_swing_constantsEfffff
                0x03847a20       0x1c build/src/JAR-Template/drive.o
                0x03847a20                Drive::set_swing_constants(float, float, float, float, float)
 .text._ZN5Drive24set_turn_exit_conditionsEfff
                0x03847a3c        0xc build/src/JAR-Template/drive.o
                0x03847a3c                Drive::set_turn_exit_conditions(float, float, float)
 .text._ZN5Drive25set_drive_exit_conditionsEfff
                0x03847a48        0xc build/src/JAR-Template/drive.o
                0x03847a48                Drive::set_drive_exit_conditions(float, float, float)
 .text._ZN5Drive25set_swing_exit_conditionsEfff
                0x03847a54        0xc build/src/JAR-Template/drive.o
                0x03847a54                Drive::set_swing_exit_conditions(float, float, float)
 .text._ZN5Drive20get_absolute_headingEv
                0x03847a60       0x48 build/src/JAR-Template/drive.o
                0x03847a60                Drive::get_absolute_heading()
 .text._ZN5Drive13turn_to_angleEf
                0x03847aa8       0x50 build/src/JAR-Template/drive.o
                0x03847aa8                Drive::turn_to_angle(float)
 .text._ZN5Drive13turn_to_angleEfffffffff
                0x03847af8      0x178 build/src/JAR-Template/drive.o
                0x03847af8                Drive::turn_to_angle(float, float, float, float, float, float, float, float, float)
 .text._ZN5Drive14drive_distanceEf
                0x03847c70       0x80 build/src/JAR-Template/drive.o
                0x03847c70                Drive::drive_distance(float)
 .text._ZN5Drive14drive_distanceEfffffffffffffff
                0x03847cf0      0x2e0 build/src/JAR-Template/drive.o
                0x03847cf0                Drive::drive_distance(float, float, float, float, float, float, float, float, float, float, float, float, float, float, float)
 .text._ZN5Drive14drive_distanceEff
                0x03847fd0       0x7c build/src/JAR-Template/drive.o
                0x03847fd0                Drive::drive_distance(float, float)
 .text._ZN5Drive27get_ForwardTracker_positionEv
                0x0384804c       0xa8 build/src/JAR-Template/drive.o
                0x0384804c                Drive::get_ForwardTracker_position()
 .text._ZN5Drive28get_SidewaysTracker_positionEv
                0x038480f4       0x7c build/src/JAR-Template/drive.o
                0x038480f4                Drive::get_SidewaysTracker_position()
 .text._ZN5Drive14position_trackEv
                0x03848170       0x88 build/src/JAR-Template/drive.o
                0x03848170                Drive::position_track()
 .text._ZN5Drive15set_coordinatesEfff
                0x038481f8       0xb0 build/src/JAR-Template/drive.o
                0x038481f8                Drive::set_coordinates(float, float, float)
 .text._ZN5Drive19position_track_taskEv
                0x038482a8       0x14 build/src/JAR-Template/drive.o
                0x038482a8                Drive::position_track_task()
 .text._ZN5Drive14control_arcadeEv
                0x038482bc      0x134 build/src/JAR-Template/drive.o
                0x038482bc                Drive::control_arcade()
 .text._ZN3PIDC2Efffff
                0x038483f0       0x2c build/src/JAR-Template/PID.o
                0x038483f0                PID::PID(float, float, float, float, float)
                0x038483f0                PID::PID(float, float, float, float, float)
 .text._ZN3PIDC2Effffffff
                0x0384841c       0x44 build/src/JAR-Template/PID.o
                0x0384841c                PID::PID(float, float, float, float, float, float, float, float)
                0x0384841c                PID::PID(float, float, float, float, float, float, float, float)
 .text._ZN3PID7computeEf
                0x03848460       0xd0 build/src/JAR-Template/PID.o
                0x03848460                PID::compute(float)
 .text._ZN3PID10is_settledEv
                0x03848530       0x44 build/src/JAR-Template/PID.o
                0x03848530                PID::is_settled()
 .text.vexMain  0x03848574       0xb0 c:\Users\chase\AppData\Roaming\Code\User\globalStorage\vexrobotics.vexcode\sdk\cpp\V5\V5_20220726_10_00_00/vexv5\libv5rt.a(v5_startup.c.obj)
                0x03848574                vexMain
 .text.__vex_function_prolog
                0x03848624       0x18 c:\Users\chase\AppData\Roaming\Code\User\globalStorage\vexrobotics.vexcode\sdk\cpp\V5\V5_20220726_10_00_00/vexv5\libv5rt.a(v5_startup.c.obj)
                0x03848624                __vex_function_prolog
 .text._init    0x0384863c        0x4 c:\Users\chase\AppData\Roaming\Code\User\globalStorage\vexrobotics.vexcode\sdk\cpp\V5\V5_20220726_10_00_00/vexv5\libv5rt.a(v5_startup.c.obj)
                0x0384863c                _init
 .text._fini    0x03848640        0x4 c:\Users\chase\AppData\Roaming\Code\User\globalStorage\vexrobotics.vexcode\sdk\cpp\V5\V5_20220726_10_00_00/vexv5\libv5rt.a(v5_startup.c.obj)
                0x03848640                _fini
 .text.vexStdlibVersionLinked
                0x03848644        0xc c:\Users\chase\AppData\Roaming\Code\User\globalStorage\vexrobotics.vexcode\sdk\cpp\V5\V5_20220726_10_00_00/vexv5\libv5rt.a(v5_util.c.obj)
                0x03848644                vexStdlibVersionLinked
 .text.vexStdlibVersionVerify
                0x03848650       0x30 c:\Users\chase\AppData\Roaming\Code\User\globalStorage\vexrobotics.vexcode\sdk\cpp\V5\V5_20220726_10_00_00/vexv5\libv5rt.a(v5_util.c.obj)
                0x03848650                vexStdlibVersionVerify
 .text.vexPrivateApiEnable
                0x03848680       0x10 c:\Users\chase\AppData\Roaming\Code\User\globalStorage\vexrobotics.vexcode\sdk\cpp\V5\V5_20220726_10_00_00/vexv5\libv5rt.a(v5_apijump.c.obj)
                0x03848680                vexPrivateApiEnable
 .text.vexStdlibMismatchError
                0x03848690       0x3c c:\Users\chase\AppData\Roaming\Code\User\globalStorage\vexrobotics.vexcode\sdk\cpp\V5\V5_20220726_10_00_00/vexv5\libv5rt.a(v5_apijump.c.obj)
                0x03848690                vexStdlibMismatchError
 .text.vexTaskAdd
                0x038486cc       0x10 c:\Users\chase\AppData\Roaming\Code\User\globalStorage\vexrobotics.vexcode\sdk\cpp\V5\V5_20220726_10_00_00/vexv5\libv5rt.a(v5_apijump.c.obj)
                0x038486cc                vexTaskAdd
 .text.vexTasksRun
                0x038486dc       0x10 c:\Users\chase\AppData\Roaming\Code\User\globalStorage\vexrobotics.vexcode\sdk\cpp\V5\V5_20220726_10_00_00/vexv5\libv5rt.a(v5_apijump.c.obj)
                0x038486dc                vexTasksRun
 .text.vexTaskYield
                0x038486ec       0x10 c:\Users\chase\AppData\Roaming\Code\User\globalStorage\vexrobotics.vexcode\sdk\cpp\V5\V5_20220726_10_00_00/vexv5\libv5rt.a(v5_apijump.c.obj)
                0x038486ec                vexTaskYield
 .text.vexTaskCheckTimeslice
                0x038486fc       0x10 c:\Users\chase\AppData\Roaming\Code\User\globalStorage\vexrobotics.vexcode\sdk\cpp\V5\V5_20220726_10_00_00/vexv5\libv5rt.a(v5_apijump.c.obj)
                0x038486fc                vexTaskCheckTimeslice
 .text.vexTaskGetIndex
                0x0384870c       0x10 c:\Users\chase\AppData\Roaming\Code\User\globalStorage\vexrobotics.vexcode\sdk\cpp\V5\V5_20220726_10_00_00/vexv5\libv5rt.a(v5_apijump.c.obj)
                0x0384870c                vexTaskGetIndex
 .text.vexTaskSleep
                0x0384871c       0x10 c:\Users\chase\AppData\Roaming\Code\User\globalStorage\vexrobotics.vexcode\sdk\cpp\V5\V5_20220726_10_00_00/vexv5\libv5rt.a(v5_apijump.c.obj)
                0x0384871c                vexTaskSleep
 .text.vexTasksDump
                0x0384872c       0x1c c:\Users\chase\AppData\Roaming\Code\User\globalStorage\vexrobotics.vexcode\sdk\cpp\V5\V5_20220726_10_00_00/vexv5\libv5rt.a(v5_apijump.c.obj)
                0x0384872c                vexTasksDump
 .text.vexTaskGetTaskIndex
                0x03848748       0x10 c:\Users\chase\AppData\Roaming\Code\User\globalStorage\vexrobotics.vexcode\sdk\cpp\V5\V5_20220726_10_00_00/vexv5\libv5rt.a(v5_apijump.c.obj)
                0x03848748                vexTaskGetTaskIndex
 .text.vexTaskStopAll
                0x03848758       0x10 c:\Users\chase\AppData\Roaming\Code\User\globalStorage\vexrobotics.vexcode\sdk\cpp\V5\V5_20220726_10_00_00/vexv5\libv5rt.a(v5_apijump.c.obj)
                0x03848758                vexTaskStopAll
 .text.vexTaskRemoveAllUser
                0x03848768       0x34 c:\Users\chase\AppData\Roaming\Code\User\globalStorage\vexrobotics.vexcode\sdk\cpp\V5\V5_20220726_10_00_00/vexv5\libv5rt.a(v5_apijump.c.obj)
                0x03848768                vexTaskRemoveAllUser
 .text.vexTaskCompletionIdSet
                0x0384879c       0x10 c:\Users\chase\AppData\Roaming\Code\User\globalStorage\vexrobotics.vexcode\sdk\cpp\V5\V5_20220726_10_00_00/vexv5\libv5rt.a(v5_apijump.c.obj)
                0x0384879c                vexTaskCompletionIdSet
 .text.vexTaskStopWithId
                0x038487ac       0x10 c:\Users\chase\AppData\Roaming\Code\User\globalStorage\vexrobotics.vexcode\sdk\cpp\V5\V5_20220726_10_00_00/vexv5\libv5rt.a(v5_apijump.c.obj)
                0x038487ac                vexTaskStopWithId
 .text.vexTaskGetCallbackAndId
                0x038487bc       0x54 c:\Users\chase\AppData\Roaming\Code\User\globalStorage\vexrobotics.vexcode\sdk\cpp\V5\V5_20220726_10_00_00/vexv5\libv5rt.a(v5_apijump.c.obj)
                0x038487bc                vexTaskGetCallbackAndId
 .text.vexCriticalSection
                0x03848810       0x2c c:\Users\chase\AppData\Roaming\Code\User\globalStorage\vexrobotics.vexcode\sdk\cpp\V5\V5_20220726_10_00_00/vexv5\libv5rt.a(v5_apijump.c.obj)
                0x03848810                vexCriticalSection
 .text.vexEventAdd
                0x0384883c       0x34 c:\Users\chase\AppData\Roaming\Code\User\globalStorage\vexrobotics.vexcode\sdk\cpp\V5\V5_20220726_10_00_00/vexv5\libv5rt.a(v5_apijump.c.obj)
                0x0384883c                vexEventAdd
 .text.vexEventUserIndexGet
                0x03848870       0x1c c:\Users\chase\AppData\Roaming\Code\User\globalStorage\vexrobotics.vexcode\sdk\cpp\V5\V5_20220726_10_00_00/vexv5\libv5rt.a(v5_apijump.c.obj)