Archive member included because of file (symbol)

c:\Users\khand\AppData\Roaming\Code\User\globalStorage\vexrobotics.vexcode\sdk\cpp\V5\V5_20220726_10_00_00/vexv5\libv5rt.a(v5_startup.c.obj)
                              (vexStartup)
c:\Users\khand\AppData\Roaming\Code\User\globalStorage\vexrobotics.vexcode\sdk\cpp\V5\V5_20220726_10_00_00/vexv5\libv5rt.a(v5_util.c.obj)
                              c:\Users\khand\AppData\Roaming\Code\User\globalStorage\vexrobotics.vexcode\sdk\cpp\V5\V5_20220726_10_00_00/vexv5\libv5rt.a(v5_startup.c.obj) (vexStdlibVersionLinked)
c:\Users\khand\AppData\Roaming\Code\User\globalStorage\vexrobotics.vexcode\sdk\cpp\V5\V5_20220726_10_00_00/vexv5\libv5rt.a(v5_apijump.c.obj)
                              c:\Users\khand\AppData\Roaming\Code\User\globalStorage\vexrobotics.vexcode\sdk\cpp\V5\V5_20220726_10_00_00/vexv5\libv5rt.a(v5_startup.c.obj) (vexPrivateApiEnable)
c:\Users\khand\AppData\Roaming\Code\User\globalStorage\vexrobotics.vexcode\sdk\cpp\V5\V5_20220726_10_00_00/vexv5\libv5rt.a(v5_apiversions.c.obj)
                              c:\Users\khand\AppData\Roaming\Code\User\globalStorage\vexrobotics.vexcode\sdk\cpp\V5\V5_20220726_10_00_00/vexv5\libv5rt.a(v5_apijump.c.obj) (vexSystemVersion)
c:\Users\khand\AppData\Roaming\Code\User\globalStorage\vexrobotics.vexcode\sdk\cpp\V5\V5_20220726_10_00_00/vexv5\libv5rt.a(vex_global.cpp.obj)
                              build/src/main.o (vex::wait(double, vex::timeUnits))
c:\Users\khand\AppData\Roaming\Code\User\globalStorage\vexrobotics.vexcode\sdk\cpp\V5\V5_20220726_10_00_00/vexv5\libv5rt.a(vex_motor.cpp.obj)
                              build/src/main.o (vex::motor::~motor())
c:\Users\khand\AppData\Roaming\Code\User\globalStorage\vexrobotics.vexcode\sdk\cpp\V5\V5_20220726_10_00_00/vexv5\libv5rt.a(vex_vision.cpp.obj)
                              build/src/robot-config.o (vex::vision::~vision())
c:\Users\khand\AppData\Roaming\Code\User\globalStorage\vexrobotics.vexcode\sdk\cpp\V5\V5_20220726_10_00_00/vexv5\libv5rt.a(vex_imu.cpp.obj)
                              build/src/JAR-Template/drive.o (vex::inertial::setRotation(double, vex::rotationUnits))
c:\Users\khand\AppData\Roaming\Code\User\globalStorage\vexrobotics.vexcode\sdk\cpp\V5\V5_20220726_10_00_00/vexv5\libv5rt.a(vex_rotation.cpp.obj)
                              build/src/main.o (vex::rotation::~rotation())
c:\Users\khand\AppData\Roaming\Code\User\globalStorage\vexrobotics.vexcode\sdk\cpp\V5\V5_20220726_10_00_00/vexv5\libv5rt.a(vex_optical.cpp.obj)
                              build/src/robot-config.o (vex::optical::~optical())
c:\Users\khand\AppData\Roaming\Code\User\globalStorage\vexrobotics.vexcode\sdk\cpp\V5\V5_20220726_10_00_00/vexv5\libv5rt.a(vex_controller.cpp.obj)
                              build/src/robot-config.o (vex::controller::~controller())
c:\Users\khand\AppData\Roaming\Code\User\globalStorage\vexrobotics.vexcode\sdk\cpp\V5\V5_20220726_10_00_00/vexv5\libv5rt.a(vex_task.cpp.obj)
                              build/src/JAR-Template/drive.o (vex::task::task())
c:\Users\khand\AppData\Roaming\Code\User\globalStorage\vexrobotics.vexcode\sdk\cpp\V5\V5_20220726_10_00_00/vexv5\libv5rt.a(vex_thread.cpp.obj)
                              c:\Users\khand\AppData\Roaming\Code\User\globalStorage\vexrobotics.vexcode\sdk\cpp\V5\V5_20220726_10_00_00/vexv5\libv5rt.a(vex_global.cpp.obj) (vex::this_thread::sleep_for(unsigned long))
c:\Users\khand\AppData\Roaming\Code\User\globalStorage\vexrobotics.vexcode\sdk\cpp\V5\V5_20220726_10_00_00/vexv5\libv5rt.a(vex_event.cpp.obj)
                              c:\Users\khand\AppData\Roaming\Code\User\globalStorage\vexrobotics.vexcode\sdk\cpp\V5\V5_20220726_10_00_00/vexv5\libv5rt.a(vex_imu.cpp.obj) (vex::event::init(unsigned long, unsigned long, void (*)()))
c:\Users\khand\AppData\Roaming\Code\User\globalStorage\vexrobotics.vexcode\sdk\cpp\V5\V5_20220726_10_00_00/vexv5\libv5rt.a(vex_mevent.cpp.obj)
                              c:\Users\khand\AppData\Roaming\Code\User\globalStorage\vexrobotics.vexcode\sdk\cpp\V5\V5_20220726_10_00_00/vexv5\libv5rt.a(vex_controller.cpp.obj) (vex::mevent::mevent(unsigned long, unsigned long))
c:\Users\khand\AppData\Roaming\Code\User\globalStorage\vexrobotics.vexcode\sdk\cpp\V5\V5_20220726_10_00_00/vexv5\libv5rt.a(vex_brain.cpp.obj)
                              build/src/robot-config.o (vex::brain::brain())
c:\Users\khand\AppData\Roaming\Code\User\globalStorage\vexrobotics.vexcode\sdk\cpp\V5\V5_20220726_10_00_00/vexv5\libv5rt.a(vex_competition.cpp.obj)
                              build/src/main.o (vex::competition::competition())
c:\Users\khand\AppData\Roaming\Code\User\globalStorage\vexrobotics.vexcode\sdk\cpp\V5\V5_20220726_10_00_00/vexv5\libv5rt.a(vex_triport.cpp.obj)
                              build/src/main.o (vex::triport::~triport())
c:\Users\khand\AppData\Roaming\Code\User\globalStorage\vexrobotics.vexcode\sdk\cpp\V5\V5_20220726_10_00_00/vexv5\libv5rt.a(vex_color.cpp.obj)
[...]
Memory Configuration

Name             Origin             Length             Attributes
ps7_ddr_0_S_AXI_BASEADDR 0x03800000         0x04800000
*default*        0x00000000         0xffffffff

Linker script and memory map

                0x00002000                _STACK_SIZE = DEFINED (_STACK_SIZE)?_STACK_SIZE:0x2000
                0x00100000                _HEAP_SIZE = DEFINED (_HEAP_SIZE)?_HEAP_SIZE:0x100000
                0x00000400                _ABORT_STACK_SIZE = DEFINED (_ABORT_STACK_SIZE)?_ABORT_STACK_SIZE:0x400
                0x00000800                _SUPERVISOR_STACK_SIZE = DEFINED (_SUPERVISOR_STACK_SIZE)?_SUPERVISOR_STACK_SIZE:0x800
                0x00000400                _IRQ_STACK_SIZE = DEFINED (_IRQ_STACK_SIZE)?_IRQ_STACK_SIZE:0x400
                0x00000400                _FIQ_STACK_SIZE = DEFINED (_FIQ_STACK_SIZE)?_FIQ_STACK_SIZE:0x400
                0x00000400                _UNDEF_STACK_SIZE = DEFINED (_UNDEF_STACK_SIZE)?_UNDEF_STACK_SIZE:0x400

.text           0x03800000     0x54f8
 *(.vectors)
 *(.boot_data)
 .boot_data     0x03800000       0x20 c:\Users\khand\AppData\Roaming\Code\User\globalStorage\vexrobotics.vexcode\sdk\cpp\V5\V5_20220726_10_00_00/vexv5\libv5rt.a(v5_startup.c.obj)
                0x03800000                vexCodeSig
                0x00000020                . = 0x20
 *(.boot)
 .boot          0x03800020       0xbc c:\Users\khand\AppData\Roaming\Code\User\globalStorage\vexrobotics.vexcode\sdk\cpp\V5\V5_20220726_10_00_00/vexv5\libv5rt.a(v5_startup.c.obj)
                0x03800020                vexStartup
                0x03800100                . = ALIGN (0x40)
 *fill*         0x038000dc       0x24 
 *(.freertos_vectors)
 *(.text)
 *(.text.*)
 .text._ZN14IntakeControls4initEv
                0x03800100       0x40 build/src/functions.o
                0x03800100                IntakeControls::init()
 .text._ZN14IntakeControls3runEv
                0x03800140       0x60 build/src/functions.o
                0x03800140                IntakeControls::run()
 .text._ZN14IntakeControls4backEv
                0x038001a0       0x60 build/src/functions.o
                0x038001a0                IntakeControls::back()
 .text._Z11RightWingCBv
                0x03800200       0x40 build/src/functions.o
                0x03800200                RightWingCB()
 .text._Z10LeftWingCBv
                0x03800240       0x40 build/src/functions.o
                0x03800240                LeftWingCB()
 .text._Z11BothWingsCBv
                0x03800280       0x70 build/src/functions.o
                0x03800280                BothWingsCB()
 .text._Z6HangCBv
                0x038002f0       0x40 build/src/functions.o
                0x038002f0                HangCB()
 .text._Z12Intake2Wingsv
                0x03800330       0xe4 build/src/functions.o
                0x03800330                Intake2Wings()
 .text._ZN3vex11motor_groupC2IJNS_5motorES2_EEERS2_DpRT_
                0x03800414       0x44 build/src/main.o
                0x03800414                vex::motor_group::motor_group<vex::motor, vex::motor>(vex::motor&, vex::motor&, vex::motor&)
 .text._ZN5DriveD2Ev
                0x03800458       0x7c build/src/main.o
                0x03800458                Drive::~Drive()
 *fill*         0x038004d4        0x4 
 .text._Z9pre_autonv
                0x038004d8       0x98 build/src/main.o
                0x038004d8                pre_auton()
 .text._Z10autonomousv
                0x03800570       0x2c build/src/main.o
                0x03800570                autonomous()
 *fill*         0x0380059c        0x4 
 .text._Z11usercontrolv
                0x038005a0      0x210 build/src/main.o
                0x038005a0                usercontrol()
 .text.main     0x038007b0       0x68 build/src/main.o
                0x038007b0                main
 .text._GLOBAL__sub_I_main.cpp
                0x03800818      0x178 build/src/main.o
 .text._Z17default_constantsv
                0x03800990      0x10c build/src/autons.o
                0x03800990                default_constants()
 *fill*         0x03800a9c        0x4 
 .text._Z11scoreInGoalv
                0x03800aa0       0xa0 build/src/autons.o
                0x03800aa0                scoreInGoal()
 .text._Z9ThreeBallv
                0x03800b40      0x148 build/src/autons.o
                0x03800b40                ThreeBall()
 .text._Z15getCurrentAutonv
                0x03800c88       0x10 build/src/screen.o
                0x03800c88                getCurrentAuton()
 .text._Z11vexcodeInitv
                0x03800c98        0x4 build/src/robot-config.o
                0x03800c98                vexcodeInit()
 .text._GLOBAL__sub_I_robot_config.cpp
                0x03800c9c      0x3b0 build/src/robot-config.o
 .text._Z15reduce_0_to_360f
                0x0380104c       0x7c build/src/JAR-Template/util.o
                0x0380104c                reduce_0_to_360(float)
 .text._Z26reduce_negative_180_to_180f
                0x038010c8       0x90 build/src/JAR-Template/util.o
                0x038010c8                reduce_negative_180_to_180(float)
 .text._Z5clampfff
                0x03801158       0x2c build/src/JAR-Template/util.o
                0x03801158                clamp(float, float, float)
 .text._Z11is_reversedd
                0x03801184       0x18 build/src/JAR-Template/util.o
                0x03801184                is_reversed(double)
 *fill*         0x0380119c        0x4 
 .text._Z7to_voltf
                0x038011a0       0x30 build/src/JAR-Template/util.o
                0x038011a0                to_volt(float)
 .text._Z7to_porti
                0x038011d0       0x14 build/src/JAR-Template/util.o
                0x038011d0                to_port(int)
 .text._Z8deadbandff
                0x038011e4       0x28 build/src/JAR-Template/util.o
                0x038011e4                deadband(float, float)
 .text._ZN4Odom22set_physical_distancesEff
                0x0380120c        0x8 build/src/JAR-Template/odom.o
                0x0380120c                Odom::set_physical_distances(float, float)
 *fill*         0x03801214        0x4 
 .text._ZN5DriveC2E11drive_setupN3vex11motor_groupES2_ifffiiiiiffiff
                0x03801218      0x238 build/src/JAR-Template/drive.o
                0x03801218                Drive::Drive(drive_setup, vex::motor_group, vex::motor_group, int, float, float, float, int, int, int, int, int, float, float, int, float, float)
                0x03801218                Drive::Drive(drive_setup, vex::motor_group, vex::motor_group, int, float, float, float, int, int, int, int, int, float, float, int, float, float)
 .text._ZN5Drive18drive_with_voltageEff
                0x03801450       0x6c build/src/JAR-Template/drive.o
                0x03801450                Drive::drive_with_voltage(float, float)
 .text._ZN5Drive18set_turn_constantsEfffff
                0x038014bc       0x1c build/src/JAR-Template/drive.o
                0x038014bc                Drive::set_turn_constants(float, float, float, float, float)
 .text._ZN5Drive19set_drive_constantsEfffff
                0x038014d8       0x1c build/src/JAR-Template/drive.o
                0x038014d8                Drive::set_drive_constants(float, float, float, float, float)
 .text._ZN5Drive21set_heading_constantsEfffff
                0x038014f4       0x1c build/src/JAR-Template/drive.o
                0x038014f4                Drive::set_heading_constants(float, float, float, float, float)
 .text._ZN5Drive19set_swing_constantsEfffff
                0x03801510       0x1c build/src/JAR-Template/drive.o
                0x03801510                Drive::set_swing_constants(float, float, float, float, float)
 .text._ZN5Drive24set_turn_exit_conditionsEfff
                0x0380152c        0xc build/src/JAR-Template/drive.o
                0x0380152c                Drive::set_turn_exit_conditions(float, float, float)
 .text._ZN5Drive25set_drive_exit_conditionsEfff
                0x03801538        0xc build/src/JAR-Template/drive.o
                0x03801538                Drive::set_drive_exit_conditions(float, float, float)
 .text._ZN5Drive25set_swing_exit_conditionsEfff
                0x03801544        0xc build/src/JAR-Template/drive.o
                0x03801544                Drive::set_swing_exit_conditions(float, float, float)
 .text._ZN5Drive20get_absolute_headingEv
                0x03801550       0x48 build/src/JAR-Template/drive.o
                0x03801550                Drive::get_absolute_heading()
 .text._ZN5Drive13turn_to_angleEf
                0x03801598       0x50 build/src/JAR-Template/drive.o
                0x03801598                Drive::turn_to_angle(float)
 .text._ZN5Drive13turn_to_angleEfffffffff
                0x038015e8      0x178 build/src/JAR-Template/drive.o
                0x038015e8                Drive::turn_to_angle(float, float, float, float, float, float, float, float, float)
 .text._ZN5Drive14drive_distanceEf
                0x03801760       0x80 build/src/JAR-Template/drive.o
                0x03801760                Drive::drive_distance(float)
 .text._ZN5Drive14drive_distanceEfffffffffffffff
                0x038017e0      0x2e0 build/src/JAR-Template/drive.o
                0x038017e0                Drive::drive_distance(float, float, float, float, float, float, float, float, float, float, float, float, float, float, float)
 .text._ZN5Drive14control_arcadeEv
                0x03801ac0      0x114 build/src/JAR-Template/drive.o
                0x03801ac0                Drive::control_arcade()
 .text._ZN5Drive22control_arcade_reverseEv
                0x03801bd4      0x114 build/src/JAR-Template/drive.o
                0x03801bd4                Drive::control_arcade_reverse()
 .text._ZN3PIDC2Efffff
                0x03801ce8       0x2c build/src/JAR-Template/PID.o
                0x03801ce8                PID::PID(float, float, float, float, float)
                0x03801ce8                PID::PID(float, float, float, float, float)
 .text._ZN3PIDC2Effffffff
                0x03801d14       0x44 build/src/JAR-Template/PID.o
                0x03801d14                PID::PID(float, float, float, float, float, float, float, float)
                0x03801d14                PID::PID(float, float, float, float, float, float, float, float)
 .text._ZN3PID7computeEf
                0x03801d58       0xd0 build/src/JAR-Template/PID.o
                0x03801d58                PID::compute(float)
 .text._ZN3PID10is_settledEv
                0x03801e28       0x44 build/src/JAR-Template/PID.o
                0x03801e28                PID::is_settled()
 .text.vexMain  0x03801e6c       0xb0 c:\Users\khand\AppData\Roaming\Code\User\globalStorage\vexrobotics.vexcode\sdk\cpp\V5\V5_20220726_10_00_00/vexv5\libv5rt.a(v5_startup.c.obj)
                0x03801e6c                vexMain
 .text.__vex_function_prolog
                0x03801f1c       0x18 c:\Users\khand\AppData\Roaming\Code\User\globalStorage\vexrobotics.vexcode\sdk\cpp\V5\V5_20220726_10_00_00/vexv5\libv5rt.a(v5_startup.c.obj)
                0x03801f1c                __vex_function_prolog
 .text._init    0x03801f34        0x4 c:\Users\khand\AppData\Roaming\Code\User\globalStorage\vexrobotics.vexcode\sdk\cpp\V5\V5_20220726_10_00_00/vexv5\libv5rt.a(v5_startup.c.obj)
                0x03801f34                _init
 .text._fini    0x03801f38        0x4 c:\Users\khand\AppData\Roaming\Code\User\globalStorage\vexrobotics.vexcode\sdk\cpp\V5\V5_20220726_10_00_00/vexv5\libv5rt.a(v5_startup.c.obj)
                0x03801f38                _fini
 .text.vexStdlibVersionLinked
                0x03801f3c        0xc c:\Users\khand\AppData\Roaming\Code\User\globalStorage\vexrobotics.vexcode\sdk\cpp\V5\V5_20220726_10_00_00/vexv5\libv5rt.a(v5_util.c.obj)
                0x03801f3c                vexStdlibVersionLinked
 .text.vexStdlibVersionVerify
                0x03801f48       0x30 c:\Users\khand\AppData\Roaming\Code\User\globalStorage\vexrobotics.vexcode\sdk\cpp\V5\V5_20220726_10_00_00/vexv5\libv5rt.a(v5_util.c.obj)
                0x03801f48                vexStdlibVersionVerify
 .text.vexPrivateApiEnable
                0x03801f78       0x10 c:\Users\khand\AppData\Roaming\Code\User\globalStorage\vexrobotics.vexcode\sdk\cpp\V5\V5_20220726_10_00_00/vexv5\libv5rt.a(v5_apijump.c.obj)
                0x03801f78                vexPrivateApiEnable
 .text.vexStdlibMismatchError
                0x03801f88       0x3c c:\Users\khand\AppData\Roaming\Code\User\globalStorage\vexrobotics.vexcode\sdk\cpp\V5\V5_20220726_10_00_00/vexv5\libv5rt.a(v5_apijump.c.obj)
                0x03801f88                vexStdlibMismatchError
 .text.vexTaskAdd
                0x03801fc4       0x10 c:\Users\khand\AppData\Roaming\Code\User\globalStorage\vexrobotics.vexcode\sdk\cpp\V5\V5_20220726_10_00_00/vexv5\libv5rt.a(v5_apijump.c.obj)
                0x03801fc4                vexTaskAdd
 .text.vexTasksRun
                0x03801fd4       0x10 c:\Users\khand\AppData\Roaming\Code\User\globalStorage\vexrobotics.vexcode\sdk\cpp\V5\V5_20220726_10_00_00/vexv5\libv5rt.a(v5_apijump.c.obj)
                0x03801fd4                vexTasksRun
 .text.vexTaskYield
                0x03801fe4       0x10 c:\Users\khand\AppData\Roaming\Code\User\globalStorage\vexrobotics.vexcode\sdk\cpp\V5\V5_20220726_10_00_00/vexv5\libv5rt.a(v5_apijump.c.obj)
                0x03801fe4                vexTaskYield
 .text.vexTaskCheckTimeslice
                0x03801ff4       0x10 c:\Users\khand\AppData\Roaming\Code\User\globalStorage\vexrobotics.vexcode\sdk\cpp\V5\V5_20220726_10_00_00/vexv5\libv5rt.a(v5_apijump.c.obj)
                0x03801ff4                vexTaskCheckTimeslice
 .text.vexTaskGetIndex
                0x03802004       0x10 c:\Users\khand\AppData\Roaming\Code\User\globalStorage\vexrobotics.vexcode\sdk\cpp\V5\V5_20220726_10_00_00/vexv5\libv5rt.a(v5_apijump.c.obj)
                0x03802004                vexTaskGetIndex
 .text.vexTaskSleep
                0x03802014       0x10 c:\Users\khand\AppData\Roaming\Code\User\globalStorage\vexrobotics.vexcode\sdk\cpp\V5\V5_20220726_10_00_00/vexv5\libv5rt.a(v5_apijump.c.obj)
                0x03802014                vexTaskSleep
 .text.vexTasksDump
                0x03802024       0x1c c:\Users\khand\AppData\Roaming\Code\User\globalStorage\vexrobotics.vexcode\sdk\cpp\V5\V5_20220726_10_00_00/vexv5\libv5rt.a(v5_apijump.c.obj)
                0x03802024                vexTasksDump
 .text.vexTaskGetTaskIndex
                0x03802040       0x10 c:\Users\khand\AppData\Roaming\Code\User\globalStorage\vexrobotics.vexcode\sdk\cpp\V5\V5_20220726_10_00_00/vexv5\libv5rt.a(v5_apijump.c.obj)
                0x03802040                vexTaskGetTaskIndex
 .text.vexTaskStopAll
                0x03802050       0x10 c:\Users\khand\AppData\Roaming\Code\User\globalStorage\vexrobotics.vexcode\sdk\cpp\V5\V5_20220726_10_00_00/vexv5\libv5rt.a(v5_apijump.c.obj)
                0x03802050                vexTaskStopAll
 .text.vexTaskRemoveAllUser
                0x03802060       0x34 c:\Users\khand\AppData\Roaming\Code\User\globalStorage\vexrobotics.vexcode\sdk\cpp\V5\V5_20220726_10_00_00/vexv5\libv5rt.a(v5_apijump.c.obj)
                0x03802060                vexTaskRemoveAllUser
 .text.vexTaskCompletionIdSet
                0x03802094       0x10 c:\Users\khand\AppData\Roaming\Code\User\globalStorage\vexrobotics.vexcode\sdk\cpp\V5\V5_20220726_10_00_00/vexv5\libv5rt.a(v5_apijump.c.obj)
                0x03802094                vexTaskCompletionIdSet
 .text.vexTaskStopWithId
                0x038020a4       0x10 c:\Users\khand\AppData\Roaming\Code\User\globalStorage\vexrobotics.vexcode\sdk\cpp\V5\V5_20220726_10_00_00/vexv5\libv5rt.a(v5_apijump.c.obj)
                0x038020a4                vexTaskStopWithId
 .text.vexTaskGetCallbackAndId
                0x038020b4       0x54 c:\Users\khand\AppData\Roaming\Code\User\globalStorage\vexrobotics.vexcode\sdk\cpp\V5\V5_20220726_10_00_00/vexv5\libv5rt.a(v5_apijump.c.obj)
                0x038020b4                vexTaskGetCallbackAndId
 .text.vexCriticalSection
                0x03802108       0x2c c:\Users\khand\AppData\Roaming\Code\User\globalStorage\vexrobotics.vexcode\sdk\cpp\V5\V5_20220726_10_00_00/vexv5\libv5rt.a(v5_apijump.c.obj)
                0x03802108                vexCriticalSection
 .text.vexEventAdd
                0x03802134       0x34 c:\Users\khand\AppData\Roaming\Code\User\globalStorage\vexrobotics.vexcode\sdk\cpp\V5\V5_20220726_10_00_00/vexv5\libv5rt.a(v5_apijump.c.obj)
                0x03802134                vexEventAdd
 .text.vexEventUserIndexGet
                0x03802168       0x1c c:\Users\khand\AppData\Roaming\Code\User\globalStorage\vexrobotics.vexcode\sdk\cpp\V5\V5_20220726_10_00_00/vexv5\libv5rt.a(v5_apijump.c.obj)
                0x03802168                vexEventUserIndexGet
 .text.vexEventAddWithArg
                0x03802184       0x3c c:\Users\khand\AppData\Roaming\Code\User\globalStorage\vexrobotics.vexcode\sdk\cpp\V5\V5_20220726_10_00_00/vexv5\libv5rt.a(v5_apijump.c.obj)
                0x03802184                vexEventAddWithArg
 .text.vexEventsCleanup
                0x038021c0       0x2c c:\Users\khand\AppData\Roaming\Code\User\globalStorage\vexrobotics.vexcode\sdk\cpp\V5\V5_20220726_10_00_00/vexv5\libv5rt.a(v5_apijump.c.obj)
                0x038021c0                vexEventsCleanup
 .text.vexDebug
                0x038021ec       0x38 c:\Users\khand\AppData\Roaming\Code\User\globalStorage\vexrobotics.vexcode\sdk\cpp\V5\V5_20220726_10_00_00/vexv5\libv5rt.a(v5_apijump.c.obj)
                0x038021ec                vexDebug
 .text.vex_sprintf
                0x03802224       0x40 c:\Users\khand\AppData\Roaming\Code\User\globalStorage\vexrobotics.vexcode\sdk\cpp\V5\V5_20220726_10_00_00/vexv5\libv5rt.a(v5_apijump.c.obj)
                0x03802224                vex_sprintf
 .text.vex_vsnprintf
                0x03802264       0x3c c:\Users\khand\AppData\Roaming\Code\User\globalStorage\vexrobotics.vexcode\sdk\cpp\V5\V5_20220726_10_00_00/vexv5\libv5rt.a(v5_apijump.c.obj)
                0x03802264                vex_vsnprintf
 .text.vexSystemTimeGet
                0x038022a0       0x1c c:\Users\khand\AppData\Roaming\Code\User\globalStorage\vexrobotics.vexcode\sdk\cpp\V5\V5_20220726_10_00_00/vexv5\libv5rt.a(v5_apijump.c.obj)
                0x038022a0                vexSystemTimeGet
 .text.vexSystemExitRequest
                0x038022bc       0x1c c:\Users\khand\AppData\Roaming\Code\User\globalStorage\vexrobotics.vexcode\sdk\cpp\V5\V5_20220726_10_00_00/vexv5\libv5rt.a(v5_apijump.c.obj)
                0x038022bc                vexSystemExitRequest
 .text.vexDeviceGetByIndex
                0x038022d8       0x24 c:\Users\khand\AppData\Roaming\Code\User\globalStorage\vexrobotics.vexcode\sdk\cpp\V5\V5_20220726_10_00_00/vexv5\libv5rt.a(v5_apijump.c.obj)
                0x038022d8                vexDeviceGetByIndex
 .text.vexControllerGet
                0x038022fc       0x2c c:\Users\khand\AppData\Roaming\Code\User\globalStorage\vexrobotics.vexcode\sdk\cpp\V5\V5_20220726_10_00_00/vexv5\libv5rt.a(v5_apijump.c.obj)
                0x038022fc                vexControllerGet
 .text.vexControllerTextSet
                0x03802328       0x74 c:\Users\khand\AppData\Roaming\Code\User\globalStorage\vexrobotics.vexcode\sdk\cpp\V5\V5_20220726_10_00_00/vexv5\libv5rt.a(v5_apijump.c.obj)
                0x03802328                vexControllerTextSet
 .text.vexDeviceAdiPortConfigSet
                0x0380239c       0x34 c:\Users\khand\AppData\Roaming\Code\User\globalStorage\vexrobotics.vexcode\sdk\cpp\V5\V5_20220726_10_00_00/vexv5\libv5rt.a(v5_apijump.c.obj)
                0x0380239c                vexDeviceAdiPortConfigSet
 .text.vexDeviceAdiPortConfigGet
                0x038023d0       0x2c c:\Users\khand\AppData\Roaming\Code\User\globalStorage\vexrobotics.vexcode\sdk\cpp\V5\V5_20220726_10_00_00/vexv5\libv5rt.a(v5_apijump.c.obj)
                0x038023d0                vexDeviceAdiPortConfigGet
 .text.vexDeviceAdiValueSet
                0x038023fc       0x34 c:\Users\khand\AppData\Roaming\Code\User\globalStorage\vexrobotics.vexcode\sdk\cpp\V5\V5_20220726_10_00_00/vexv5\libv5rt.a(v5_apijump.c.obj)
                0x038023fc                vexDeviceAdiValueSet
 .text.vexDeviceAdiValueGet
                0x03802430       0x2c c:\Users\khand\AppData\Roaming\Code\User\globalStorage\vexrobotics.vexcode\sdk\cpp\V5\V5_20220726_10_00_00/vexv5\libv5rt.a(v5_apijump.c.obj)
                0x03802430                vexDeviceAdiValueGet
 .text.vexDeviceMotorVelocitySet
                0x0380245c       0x2c c:\Users\khand\AppData\Roaming\Code\User\globalStorage\vexrobotics.vexcode\sdk\cpp\V5\V5_20220726_10_00_00/vexv5\libv5rt.a(v5_apijump.c.obj)
                0x0380245c                vexDeviceMotorVelocitySet
 .text.vexDeviceMotorVoltageSet
                0x03802488       0x2c c:\Users\khand\AppData\Roaming\Code\User\globalStorage\vexrobotics.vexcode\sdk\cpp\V5\V5_20220726_10_00_00/vexv5\libv5rt.a(v5_apijump.c.obj)
                0x03802488                vexDeviceMotorVoltageSet
 .text.vexDeviceMotorVelocityGet
                0x038024b4       0x24 c:\Users\khand\AppData\Roaming\Code\User\globalStorage\vexrobotics.vexcode\sdk\cpp\V5\V5_20220726_10_00_00/vexv5\libv5rt.a(v5_apijump.c.obj)
                0x038024b4                vexDeviceMotorVelocityGet
 .text.vexDeviceMotorActualVelocityGet
                0x038024d8       0x24 c:\Users\khand\AppData\Roaming\Code\User\globalStorage\vexrobotics.vexcode\sdk\cpp\V5\V5_20220726_10_00_00/vexv5\libv5rt.a(v5_apijump.c.obj)
                0x038024d8                vexDeviceMotorActualVelocityGet
 .text.vexDeviceMotorModeGet
                0x038024fc       0x24 c:\Users\khand\AppData\Roaming\Code\User\globalStorage\vexrobotics.vexcode\sdk\cpp\V5\V5_20220726_10_00_00/vexv5\libv5rt.a(v5_apijump.c.obj)
                0x038024fc                vexDeviceMotorModeGet
 .text.vexDeviceMotorCurrentLimitSet
                0x03802520       0x2c c:\Users\khand\AppData\Roaming\Code\User\globalStorage\vexrobotics.vexcode\sdk\cpp\V5\V5_20220726_10_00_00/vexv5\libv5rt.a(v5_apijump.c.obj)
                0x03802520                vexDeviceMotorCurrentLimitSet
 .text.vexDeviceMotorZeroPositionFlagGet
                0x0380254c       0x24 c:\Users\khand\AppData\Roaming\Code\User\globalStorage\vexrobotics.vexcode\sdk\cpp\V5\V5_20220726_10_00_00/vexv5\libv5rt.a(v5_apijump.c.obj)
                0x0380254c                vexDeviceMotorZeroPositionFlagGet
 .text.vexDeviceMotorReverseFlagSet
                0x03802570       0x2c c:\Users\khand\AppData\Roaming\Code\User\globalStorage\vexrobotics.vexcode\sdk\cpp\V5\V5_20220726_10_00_00/vexv5\libv5rt.a(v5_apijump.c.obj)
                0x03802570                vexDeviceMotorReverseFlagSet
 .text.vexDeviceMotorEncoderUnitsSet
                0x0380259c       0x2c c:\Users\khand\AppData\Roaming\Code\User\globalStorage\vexrobotics.vexcode\sdk\cpp\V5\V5_20220726_10_00_00/vexv5\libv5rt.a(v5_apijump.c.obj)
                0x0380259c                vexDeviceMotorEncoderUnitsSet
 .text.vexDeviceMotorBrakeModeSet
                0x038025c8       0x2c c:\Users\khand\AppData\Roaming\Code\User\globalStorage\vexrobotics.vexcode\sdk\cpp\V5\V5_20220726_10_00_00/vexv5\libv5rt.a(v5_apijump.c.obj)
                0x038025c8                vexDeviceMotorBrakeModeSet
 .text.vexDeviceMotorPositionSet
                0x038025f4       0x34 c:\Users\khand\AppData\Roaming\Code\User\globalStorage\vexrobotics.vexcode\sdk\cpp\V5\V5_20220726_10_00_00/vexv5\libv5rt.a(v5_apijump.c.obj)
                0x038025f4                vexDeviceMotorPositionSet
 .text.vexDeviceMotorPositionGet
                0x03802628       0x24 c:\Users\khand\AppData\Roaming\Code\User\globalStorage\vexrobotics.vexcode\sdk\cpp\V5\V5_20220726_10_00_00/vexv5\libv5rt.a(v5_apijump.c.obj)
                0x03802628                vexDeviceMotorPositionGet
 .text.vexDeviceMotorRelativeTargetSet
                0x0380264c       0x3c c:\Users\khand\AppData\Roaming\Code\User\globalStorage\vexrobotics.vexcode\sdk\cpp\V5\V5_20220726_10_00_00/vexv5\libv5rt.a(v5_apijump.c.obj)
                0x0380264c                vexDeviceMotorRelativeTargetSet
 .text.vexDeviceMotorGearingSet
                0x03802688       0x2c c:\Users\khand\AppData\Roaming\Code\User\globalStorage\vexrobotics.vexcode\sdk\cpp\V5\V5_20220726_10_00_00/vexv5\libv5rt.a(v5_apijump.c.obj)
                0x03802688                vexDeviceMotorGearingSet
 .text.vexDeviceMotorGearingGet
                0x038026b4       0x24 c:\Users\khand\AppData\Roaming\Code\User\globalStorage\vexrobotics.vexcode\sdk\cpp\V5\V5_20220726_10_00_00/vexv5\libv5rt.a(v5_apijump.c.obj)
                0x038026b4                vexDeviceMotorGearingGet
 .text.vexDeviceVisionModeSet
                0x038026d8       0x2c c:\Users\khand\AppData\Roaming\Code\User\globalStorage\vexrobotics.vexcode\sdk\cpp\V5\V5_20220726_10_00_00/vexv5\libv5rt.a(v5_apijump.c.obj)
                0x038026d8                vexDeviceVisionModeSet
 .text.vexDeviceVisionObjectCountGet
                0x03802704       0x24 c:\Users\khand\AppData\Roaming\Code\User\globalStorage\vexrobotics.vexcode\sdk\cpp\V5\V5_20220726_10_00_00/vexv5\libv5rt.a(v5_apijump.c.obj)
                0x03802704                vexDeviceVisionObjectCountGet
 .text.vexDeviceVisionObjectGet
                0x03802728       0x34 c:\Users\khand\AppData\Roaming\Code\User\globalStorage\vexrobotics.vexcode\sdk\cpp\V5\V5_20220726_10_00_00/vexv5\libv5rt.a(v5_apijump.c.obj)
                0x03802728                vexDeviceVisionObjectGet
 .text.vexDeviceVisionBrightnessSet
                0x0380275c       0x2c c:\Users\khand\AppData\Roaming\Code\User\globalStorage\vexrobotics.vexcode\sdk\cpp\V5\V5_20220726_10_00_00/vexv5\libv5rt.a(v5_apijump.c.obj)
                0x0380275c                vexDeviceVisionBrightnessSet
 .text.vexDeviceVisionLedModeSet
                0x03802788       0x2c c:\Users\khand\AppData\Roaming\Code\User\globalStorage\vexrobotics.vexcode\sdk\cpp\V5\V5_20220726_10_00_00/vexv5\libv5rt.a(v5_apijump.c.obj)
                0x03802788                vexDeviceVisionLedModeSet
 .text.vexDeviceVisionLedColorSet
                0x038027b4       0x30 c:\Users\khand\AppData\Roaming\Code\User\globalStorage\vexrobotics.vexcode\sdk\cpp\V5\V5_20220726_10_00_00/vexv5\libv5rt.a(v5_apijump.c.obj)
                0x038027b4                vexDeviceVisionLedColorSet
 .text.vexDeviceImuReset
                0x038027e4       0x24 c:\Users\khand\AppData\Roaming\Code\User\globalStorage\vexrobotics.vexcode\sdk\cpp\V5\V5_20220726_10_00_00/vexv5\libv5rt.a(v5_apijump.c.obj)
                0x038027e4                vexDeviceImuReset
 .text.vexDeviceImuHeadingGet
                0x03802808       0x24 c:\Users\khand\AppData\Roaming\Code\User\globalStorage\vexrobotics.vexcode\sdk\cpp\V5\V5_20220726_10_00_00/vexv5\libv5rt.a(v5_apijump.c.obj)
                0x03802808                vexDeviceImuHeadingGet
 .text.vexDeviceImuDegreesGet
                0x0380282c       0x24 c:\Users\khand\AppData\Roaming\Code\User\globalStorage\vexrobotics.vexcode\sdk\cpp\V5\V5_20220726_10_00_00/vexv5\libv5rt.a(v5_apijump.c.obj)
                0x0380282c                vexDeviceImuDegreesGet
 .text.vexDeviceImuStatusGet
                0x03802850       0x24 c:\Users\khand\AppData\Roaming\Code\User\globalStorage\vexrobotics.vexcode\sdk\cpp\V5\V5_20220726_10_00_00/vexv5\libv5rt.a(v5_apijump.c.obj)
                0x03802850                vexDeviceImuStatusGet
 .text.vexDeviceAbsEncAngleGet
                0x03802874       0x24 c:\Users\khand\AppData\Roaming\Code\User\globalStorage\vexrobotics.vexcode\sdk\cpp\V5\V5_20220726_10_00_00/vexv5\libv5rt.a(v5_apijump.c.obj)
                0x03802874                vexDeviceAbsEncAngleGet
 .text.vexDeviceAbsEncReverseFlagSet
                0x03802898       0x2c c:\Users\khand\AppData\Roaming\Code\User\globalStorage\vexrobotics.vexcode\sdk\cpp\V5\V5_20220726_10_00_00/vexv5\libv5rt.a(v5_apijump.c.obj)
                0x03802898                vexDeviceAbsEncReverseFlagSet
 .text.vexDeviceOpticalHueGet
                0x038028c4       0x24 c:\Users\khand\AppData\Roaming\Code\User\globalStorage\vexrobotics.vexcode\sdk\cpp\V5\V5_20220726_10_00_00/vexv5\libv5rt.a(v5_apijump.c.obj)
                0x038028c4                vexDeviceOpticalHueGet
 .text.vexDeviceOpticalProximityGet
                0x038028e8       0x24 c:\Users\khand\AppData\Roaming\Code\User\globalStorage\vexrobotics.vexcode\sdk\cpp\V5\V5_20220726_10_00_00/vexv5\libv5rt.a(v5_apijump.c.obj)
                0x038028e8                vexDeviceOpticalProximityGet
 .text.vexDeviceOpticalGestureEnable
                0x0380290c       0x24 c:\Users\khand\AppData\Roaming\Code\User\globalStorage\vexrobotics.vexcode\sdk\cpp\V5\V5_20220726_10_00_00/vexv5\libv5rt.a(v5_apijump.c.obj)
                0x0380290c                vexDeviceOpticalGestureEnable
 .text.vexDeviceOpticalGestureDisable
                0x03802930       0x24 c:\Users\khand\AppData\Roaming\Code\User\globalStorage\vexrobotics.vexcode\sdk\cpp\V5\V5_20220726_10_00_00/vexv5\libv5rt.a(v5_apijump.c.obj)
                0x03802930                vexDeviceOpticalGestureDisable
 .text.vexDeviceOpticalProximityThreshold
                0x03802954       0x2c c:\Users\khand\AppData\Roaming\Code\User\globalStorage\vexrobotics.vexcode\sdk\cpp\V5\V5_20220726_10_00_00/vexv5\libv5rt.a(v5_apijump.c.obj)
                0x03802954                vexDeviceOpticalProximityThreshold
 .text.vexDisplayForegroundColor
                0x03802980       0x24 c:\Users\khand\AppData\Roaming\Code\User\globalStorage\vexrobotics.vexcode\sdk\cpp\V5\V5_20220726_10_00_00/vexv5\libv5rt.a(v5_apijump.c.obj)
                0x03802980                vexDisplayForegroundColor
 .text.vexDisplayBackgroundColor
                0x038029a4       0x24 c:\Users\khand\AppData\Roaming\Code\User\globalStorage\vexrobotics.vexcode\sdk\cpp\V5\V5_20220726_10_00_00/vexv5\libv5rt.a(v5_apijump.c.obj)
                0x038029a4                vexDisplayBackgroundColor
 .text.vexDisplayTextReference
                0x038029c8       0x24 c:\Users\khand\AppData\Roaming\Code\User\globalStorage\vexrobotics.vexcode\sdk\cpp\V5\V5_20220726_10_00_00/vexv5\libv5rt.a(v5_apijump.c.obj)
                0x038029c8                vexDisplayTextReference
 .text.vexDisplayTextSize
                0x038029ec       0x2c c:\Users\khand\AppData\Roaming\Code\User\globalStorage\vexrobotics.vexcode\sdk\cpp\V5\V5_20220726_10_00_00/vexv5\libv5rt.a(v5_apijump.c.obj)
                0x038029ec                vexDisplayTextSize
 .text.vexDisplayFontNamedSet
                0x03802a18       0x24 c:\Users\khand\AppData\Roaming\Code\User\globalStorage\vexrobotics.vexcode\sdk\cpp\V5\V5_20220726_10_00_00/vexv5\libv5rt.a(v5_apijump.c.obj)
                0x03802a18                vexDisplayFontNamedSet
 .text.vexSystemStdlibImpureDataAddr
                0x03802a3c       0x28 c:\Users\khand\AppData\Roaming\Code\User\globalStorage\vexrobotics.vexcode\sdk\cpp\V5\V5_20220726_10_00_00/vexv5\libv5rt.a(v5_apijump.c.obj)
                0x03802a3c                vexSystemStdlibImpureDataAddr
 .text.vexSystemStdlibImpureDataSize
                0x03802a64       0x28 c:\Users\khand\AppData\Roaming\Code\User\globalStorage\vexrobotics.vexcode\sdk\cpp\V5\V5_20220726_10_00_00/vexv5\libv5rt.a(v5_apijump.c.obj)
                0x03802a64                vexSystemStdlibImpureDataSize
 .text.vexSystemSaveUserData
                0x03802a8c       0x3c c:\Users\khand\AppData\Roaming\Code\User\globalStorage\vexrobotics.vexcode\sdk\cpp\V5\V5_20220726_10_00_00/vexv5\libv5rt.a(v5_apijump.c.obj)
                0x03802a8c                vexSystemSaveUserData
 .text.vexDisplayThemeIdGet
                0x03802ac8       0x38 c:\Users\khand\AppData\Roaming\Code\User\globalStorage\vexrobotics.vexcode\sdk\cpp\V5\V5_20220726_10_00_00/vexv5\libv5rt.a(v5_apijump.c.obj)
                0x03802ac8                vexDisplayThemeIdGet
 .text.vexDeviceEventMaskSet
                0x03802b00       0x48 c:\Users\khand\AppData\Roaming\Code\User\globalStorage\vexrobotics.vexcode\sdk\cpp\V5\V5_20220726_10_00_00/vexv5\libv5rt.a(v5_apijump.c.obj)
                0x03802b00                vexDeviceEventMaskSet
 .text.vexDeviceEventMaskGet
                0x03802b48       0x3c c:\Users\khand\AppData\Roaming\Code\User\globalStorage\vexrobotics.vexcode\sdk\cpp\V5\V5_20220726_10_00_00/vexv5\libv5rt.a(v5_apijump.c.obj)
                0x03802b48                vexDeviceEventMaskGet
 .text.vexSystemVersion
                0x03802b84       0x10 c:\Users\khand\AppData\Roaming\Code\User\globalStorage\vexrobotics.vexcode\sdk\cpp\V5\V5_20220726_10_00_00/vexv5\libv5rt.a(v5_apiversions.c.obj)
                0x03802b84                vexSystemVersion
 .text.vexStdlibVersion
                0x03802b94       0x10 c:\Users\khand\AppData\Roaming\Code\User\globalStorage\vexrobotics.vexcode\sdk\cpp\V5\V5_20220726_10_00_00/vexv5\libv5rt.a(v5_apiversions.c.obj)
                0x03802b94                vexStdlibVersion
 *fill*         0x03802ba4        0x4 
 .text._ZN3vex4waitEdNS_9timeUnitsE
                0x03802ba8       0x30 c:\Users\khand\AppData\Roaming\Code\User\globalStorage\vexrobotics.vexcode\sdk\cpp\V5\V5_20220726_10_00_00/vexv5\libv5rt.a(vex_global.cpp.obj)
                0x03802ba8                vex::wait(double, vex::timeUnits)
 .text._ZN3vex5motorD2Ev
                0x03802bd8       0x20 c:\Users\khand\AppData\Roaming\Code\User\globalStorage\vexrobotics.vexcode\sdk\cpp\V5\V5_20220726_10_00_00/vexv5\libv5rt.a(vex_motor.cpp.obj)
                0x03802bd8                vex::motor::~motor()
                0x03802bd8                vex::motor::~motor()
 .text._ZN3vex5motorD0Ev
                0x03802bf8       0x1c c:\Users\khand\AppData\Roaming\Code\User\globalStorage\vexrobotics.vexcode\sdk\cpp\V5\V5_20220726_10_00_00/vexv5\libv5rt.a(vex_motor.cpp.obj)
                0x03802bf8                vex::motor::~motor()
 .text._ZN3vex5motor9installedEv
                0x03802c14       0x18 c:\Users\khand\AppData\Roaming\Code\User\globalStorage\vexrobotics.vexcode\sdk\cpp\V5\V5_20220726_10_00_00/vexv5\libv5rt.a(vex_motor.cpp.obj)
                0x03802c14                vex::motor::installed()
 .text._ZN3vex5motor15defaultStoppingENS_9brakeTypeE
                0x03802c2c       0x30 c:\Users\khand\AppData\Roaming\Code\User\globalStorage\vexrobotics.vexcode\sdk\cpp\V5\V5_20220726_10_00_00/vexv5\libv5rt.a(vex_motor.cpp.obj)
                0x03802c2c                vex::motor::defaultStopping(vex::brakeType)
 .text._ZN3vex5motor11setStoppingENS_9brakeTypeE
                0x03802c5c        0x4 c:\Users\khand\AppData\Roaming\Code\User\globalStorage\vexrobotics.vexcode\sdk\cpp\V5\V5_20220726_10_00_00/vexv5\libv5rt.a(vex_motor.cpp.obj)
                0x03802c5c                vex::motor::setStopping(vex::brakeType)
 .text._ZN3vex5motorC2El
                0x03802c60       0x78 c:\Users\khand\AppData\Roaming\Code\User\globalStorage\vexrobotics.vexcode\sdk\cpp\V5\V5_20220726_10_00_00/vexv5\libv5rt.a(vex_motor.cpp.obj)
                0x03802c60                vex::motor::motor(long)
                0x03802c60                vex::motor::motor(long)
 .text._ZN3vex5motorC2ElNS_11gearSettingEb
                0x03802cd8       0x34 c:\Users\khand\AppData\Roaming\Code\User\globalStorage\vexrobotics.vexcode\sdk\cpp\V5\V5_20220726_10_00_00/vexv5\libv5rt.a(vex_motor.cpp.obj)
                0x03802cd8                vex::motor::motor(long, vex::gearSetting, bool)
                0x03802cd8                vex::motor::motor(long, vex::gearSetting, bool)
 .text._ZN3vex5motorC2Elb
                0x03802d0c       0x24 c:\Users\khand\AppData\Roaming\Code\User\globalStorage\vexrobotics.vexcode\sdk\cpp\V5\V5_20220726_10_00_00/vexv5\libv5rt.a(vex_motor.cpp.obj)
                0x03802d0c                vex::motor::motor(long, bool)
                0x03802d0c                vex::motor::motor(long, bool)
 .text._ZN3vex5motor4spinENS_13directionTypeEdNS_12voltageUnitsE
                0x03802d30       0x50 c:\Users\khand\AppData\Roaming\Code\User\globalStorage\vexrobotics.vexcode\sdk\cpp\V5\V5_20220726_10_00_00/vexv5\libv5rt.a(vex_motor.cpp.obj)
                0x03802d30                vex::motor::spin(vex::directionType, double, vex::voltageUnits)
 .text._ZN3vex5motor14isSpinningModeEv
                0x03802d80       0x48 c:\Users\khand\AppData\Roaming\Code\User\globalStorage\vexrobotics.vexcode\sdk\cpp\V5\V5_20220726_10_00_00/vexv5\libv5rt.a(vex_motor.cpp.obj)
                0x03802d80                vex::motor::isSpinningMode()
 .text._ZN3vex5motor4stopENS_9brakeTypeE
                0x03802dc8       0x30 c:\Users\khand\AppData\Roaming\Code\User\globalStorage\vexrobotics.vexcode\sdk\cpp\V5\V5_20220726_10_00_00/vexv5\libv5rt.a(vex_motor.cpp.obj)
                0x03802dc8                vex::motor::stop(vex::brakeType)
 .text._ZN3vex5motor4stopEv
                0x03802df8        0x8 c:\Users\khand\AppData\Roaming\Code\User\globalStorage\vexrobotics.vexcode\sdk\cpp\V5\V5_20220726_10_00_00/vexv5\libv5rt.a(vex_motor.cpp.obj)
                0x03802df8                vex::motor::stop()
 .text._ZN3vex5motor12setMaxTorqueEdNS_12percentUnitsE
                0x03802e00       0x88 c:\Users\khand\AppData\Roaming\Code\User\globalStorage\vexrobotics.vexcode\sdk\cpp\V5\V5_20220726_10_00_00/vexv5\libv5rt.a(vex_motor.cpp.obj)
                0x03802e00                vex::motor::setMaxTorque(double, vex::percentUnits)
 .text._ZN3vex5motor16velocityToScaledEdNS_13velocityUnitsE
                0x03802e88       0x5c c:\Users\khand\AppData\Roaming\Code\User\globalStorage\vexrobotics.vexcode\sdk\cpp\V5\V5_20220726_10_00_00/vexv5\libv5rt.a(vex_motor.cpp.obj)
                0x03802e88                vex::motor::velocityToScaled(double, vex::velocityUnits)
 .text._ZN3vex5motor8velocityENS_13velocityUnitsE
                0x03802ee4       0x30 c:\Users\khand\AppData\Roaming\Code\User\globalStorage\vexrobotics.vexcode\sdk\cpp\V5\V5_20220726_10_00_00/vexv5\libv5rt.a(vex_motor.cpp.obj)
                0x03802ee4                vex::motor::velocity(vex::velocityUnits)
 .text._ZN3vex5motor5valueEv
                0x03802f14       0x1c c:\Users\khand\AppData\Roaming\Code\User\globalStorage\vexrobotics.vexcode\sdk\cpp\V5\V5_20220726_10_00_00/vexv5\libv5rt.a(vex_motor.cpp.obj)
                0x03802f14                vex::motor::value()
 .text._ZN3vex5motor16scaledToVelocityEdNS_13velocityUnitsE
                0x03802f30       0xa4 c:\Users\khand\AppData\Roaming\Code\User\globalStorage\vexrobotics.vexcode\sdk\cpp\V5\V5_20220726_10_00_00/vexv5\libv5rt.a(vex_motor.cpp.obj)
                0x03802f30                vex::motor::scaledToVelocity(double, vex::velocityUnits)
 .text._ZN3vex5motor4spinENS_13directionTypeEdNS_13velocityUnitsE
                0x03802fd4       0x5c c:\Users\khand\AppData\Roaming\Code\User\globalStorage\vexrobotics.vexcode\sdk\cpp\V5\V5_20220726_10_00_00/vexv5\libv5rt.a(vex_motor.cpp.obj)
                0x03802fd4                vex::motor::spin(vex::directionType, double, vex::velocityUnits)
 .text._ZN3vex5motor11setVelocityEdNS_13velocityUnitsE
                0x03803030       0x54 c:\Users\khand\AppData\Roaming\Code\User\globalStorage\vexrobotics.vexcode\sdk\cpp\V5\V5_20220726_10_00_00/vexv5\libv5rt.a(vex_motor.cpp.obj)
                0x03803030                vex::motor::setVelocity(double, vex::velocityUnits)
 .text._ZN3vex5motor16setRotationUnitsENS_13rotationUnitsE
                0x03803084       0x1c c:\Users\khand\AppData\Roaming\Code\User\globalStorage\vexrobotics.vexcode\sdk\cpp\V5\V5_20220726_10_00_00/vexv5\libv5rt.a(vex_motor.cpp.obj)
                0x03803084                vex::motor::setRotationUnits(vex::rotationUnits)
 .text._ZN3vex5motor7spinForEdNS_13rotationUnitsEdNS_13velocityUnitsEb
                0x038030a0       0xf4 c:\Users\khand\AppData\Roaming\Code\User\globalStorage\vexrobotics.vexcode\sdk\cpp\V5\V5_20220726_10_00_00/vexv5\libv5rt.a(vex_motor.cpp.obj)
                0x038030a0                vex::motor::spinFor(double, vex::rotationUnits, double, vex::velocityUnits, bool)
 .text._ZN3vex5motor7spinForENS_13directionTypeEdNS_13rotationUnitsEb
                0x03803194       0x3c c:\Users\khand\AppData\Roaming\Code\User\globalStorage\vexrobotics.vexcode\sdk\cpp\V5\V5_20220726_10_00_00/vexv5\libv5rt.a(vex_motor.cpp.obj)
                0x03803194                vex::motor::spinFor(vex::directionType, double, vex::rotationUnits, bool)
 .text._ZN3vex5motor8positionENS_13rotationUnitsE
                0x038031d0       0x44 c:\Users\khand\AppData\Roaming\Code\User\globalStorage\vexrobotics.vexcode\sdk\cpp\V5\V5_20220726_10_00_00/vexv5\libv5rt.a(vex_motor.cpp.obj)
                0x038031d0                vex::motor::position(vex::rotationUnits)
 .text._ZN3vex6vision9installedEv
                0x03803214       0x18 c:\Users\khand\AppData\Roaming\Code\User\globalStorage\vexrobotics.vexcode\sdk\cpp\V5\V5_20220726_10_00_00/vexv5\libv5rt.a(vex_vision.cpp.obj)
                0x03803214                vex::vision::installed()
 .text._ZN3vex6visionD2Ev
                0x0380322c       0x38 c:\Users\khand\AppData\Roaming\Code\User\globalStorage\vexrobotics.vexcode\sdk\cpp\V5\V5_20220726_10_00_00/vexv5\libv5rt.a(vex_vision.cpp.obj)
                0x0380322c                vex::vision::~vision()
                0x0380322c                vex::vision::~vision()
 .text._ZN3vex6visionD0Ev
                0x03803264       0x1c c:\Users\khand\AppData\Roaming\Code\User\globalStorage\vexrobotics.vexcode\sdk\cpp\V5\V5_20220726_10_00_00/vexv5\libv5rt.a(vex_vision.cpp.obj)
                0x03803264                vex::vision::~vision()
 .text._ZN3vex6vision7setModeENS0_13detectionModeE
                0x03803280       0x18 c:\Users\khand\AppData\Roaming\Code\User\globalStorage\vexrobotics.vexcode\sdk\cpp\V5\V5_20220726_10_00_00/vexv5\libv5rt.a(vex_vision.cpp.obj)
                0x03803280                vex::vision::setMode(vex::vision::detectionMode)
 .text._ZN3vex6vision13setBrightnessEh
                0x03803298       0x30 c:\Users\khand\AppData\Roaming\Code\User\globalStorage\vexrobotics.vexcode\sdk\cpp\V5\V5_20220726_10_00_00/vexv5\libv5rt.a(vex_vision.cpp.obj)
                0x03803298                vex::vision::setBrightness(unsigned char)
 .text._ZN3vex6vision10setLedModeENS0_7ledModeE
                0x038032c8       0x18 c:\Users\khand\AppData\Roaming\Code\User\globalStorage\vexrobotics.vexcode\sdk\cpp\V5\V5_20220726_10_00_00/vexv5\libv5rt.a(vex_vision.cpp.obj)
                0x038032c8                vex::vision::setLedMode(vex::vision::ledMode)
 .text._ZN3vex6vision11setLedColorEhhh
                0x038032e0       0x30 c:\Users\khand\AppData\Roaming\Code\User\globalStorage\vexrobotics.vexcode\sdk\cpp\V5\V5_20220726_10_00_00/vexv5\libv5rt.a(vex_vision.cpp.obj)
                0x038032e0                vex::vision::setLedColor(unsigned char, unsigned char, unsigned char)
 .text._ZN3vex6vision9signatureD2Ev
                0x03803310        0x4 c:\Users\khand\AppData\Roaming\Code\User\globalStorage\vexrobotics.vexcode\sdk\cpp\V5\V5_20220726_10_00_00/vexv5\libv5rt.a(vex_vision.cpp.obj)
                0x03803310                vex::vision::signature::~signature()
                0x03803310                vex::vision::signature::~signature()
 .text._ZN3vex6vision9signature5clearEv
                0x03803314       0x38 c:\Users\khand\AppData\Roaming\Code\User\globalStorage\vexrobotics.vexcode\sdk\cpp\V5\V5_20220726_10_00_00/vexv5\libv5rt.a(vex_vision.cpp.obj)
                0x03803314                vex::vision::signature::clear()
 .text._ZN3vex6vision9signatureC2Ev
                0x0380334c       0x60 c:\Users\khand\AppData\Roaming\Code\User\globalStorage\vexrobotics.vexcode\sdk\cpp\V5\V5_20220726_10_00_00/vexv5\libv5rt.a(vex_vision.cpp.obj)
                0x0380334c                vex::vision::signature::signature()
                0x0380334c                vex::vision::signature::signature()
 .text._ZN3vex6vision9signatureC2Elllllllfl
                0x038033ac       0x5c c:\Users\khand\AppData\Roaming\Code\User\globalStorage\vexrobotics.vexcode\sdk\cpp\V5\V5_20220726_10_00_00/vexv5\libv5rt.a(vex_vision.cpp.obj)
                0x038033ac                vex::vision::signature::signature(long, long, long, long, long, long, long, float, long)
                0x038033ac                vex::vision::signature::signature(long, long, long, long, long, long, long, float, long)
 .text._ZN3vex6vision6object3setE22_V5_DeviceVisionObject
                0x03803408       0x78 c:\Users\khand\AppData\Roaming\Code\User\globalStorage\vexrobotics.vexcode\sdk\cpp\V5\V5_20220726_10_00_00/vexv5\libv5rt.a(vex_vision.cpp.obj)
                0x03803408                vex::vision::object::set(_V5_DeviceVisionObject)
 .text._ZN3vex6vision6object5clearEv
                0x03803480       0x38 c:\Users\khand\AppData\Roaming\Code\User\globalStorage\vexrobotics.vexcode\sdk\cpp\V5\V5_20220726_10_00_00/vexv5\libv5rt.a(vex_vision.cpp.obj)
                0x03803480                vex::vision::object::clear()
 .text._ZN3vex6vision6objectC2Ev
                0x038034b8       0x58 c:\Users\khand\AppData\Roaming\Code\User\globalStorage\vexrobotics.vexcode\sdk\cpp\V5\V5_20220726_10_00_00/vexv5\libv5rt.a(vex_vision.cpp.obj)
                0x038034b8                vex::vision::object::object()
                0x038034b8                vex::vision::object::object()
 .text._ZN3vex6vision13_clearObjectsEv
                0x03803510       0x40 c:\Users\khand\AppData\Roaming\Code\User\globalStorage\vexrobotics.vexcode\sdk\cpp\V5\V5_20220726_10_00_00/vexv5\libv5rt.a(vex_vision.cpp.obj)
                0x03803510                vex::vision::_clearObjects()
 .text._ZN3vex6vision6objectaSERKS1_
                0x03803550       0x74 c:\Users\khand\AppData\Roaming\Code\User\globalStorage\vexrobotics.vexcode\sdk\cpp\V5\V5_20220726_10_00_00/vexv5\libv5rt.a(vex_vision.cpp.obj)
                0x03803550                vex::vision::object::operator=(vex::vision::object const&)
 .text._ZN3vex6vision12takeSnapshotEmm
                0x038035c4       0xf4 c:\Users\khand\AppData\Roaming\Code\User\globalStorage\vexrobotics.vexcode\sdk\cpp\V5\V5_20220726_10_00_00/vexv5\libv5rt.a(vex_vision.cpp.obj)
                0x038035c4                vex::vision::takeSnapshot(unsigned long, unsigned long)
 .text._ZN3vex6vision12takeSnapshotEm
                0x038036b8        0x8 c:\Users\khand\AppData\Roaming\Code\User\globalStorage\vexrobotics.vexcode\sdk\cpp\V5\V5_20220726_10_00_00/vexv5\libv5rt.a(vex_vision.cpp.obj)
                0x038036b8                vex::vision::takeSnapshot(unsigned long)
 .text._ZN3vex6vision5valueEv
                0x038036c0        0x8 c:\Users\khand\AppData\Roaming\Code\User\globalStorage\vexrobotics.vexcode\sdk\cpp\V5\V5_20220726_10_00_00/vexv5\libv5rt.a(vex_vision.cpp.obj)
                0x038036c0                vex::vision::value()
 .text._ZN3vex6vision6objectaSEl
                0x038036c8       0x38 c:\Users\khand\AppData\Roaming\Code\User\globalStorage\vexrobotics.vexcode\sdk\cpp\V5\V5_20220726_10_00_00/vexv5\libv5rt.a(vex_vision.cpp.obj)
                0x038036c8                vex::vision::object::operator=(long)
 .text._ZN3vex6visionC2El
                0x03803700       0xa4 c:\Users\khand\AppData\Roaming\Code\User\globalStorage\vexrobotics.vexcode\sdk\cpp\V5\V5_20220726_10_00_00/vexv5\libv5rt.a(vex_vision.cpp.obj)
                0x03803700                vex::vision::vision(long)
                0x03803700                vex::vision::vision(long)
 .text._ZN3vex8inertial11getTurnTypeEv
                0x038037a4        0x8 c:\Users\khand\AppData\Roaming\Code\User\globalStorage\vexrobotics.vexcode\sdk\cpp\V5\V5_20220726_10_00_00/vexv5\libv5rt.a(vex_imu.cpp.obj)
                0x038037a4                vex::inertial::getTurnType()
 .text._ZThn16_N3vex8inertial11getTurnTypeEv
                0x038037ac        0x8 c:\Users\khand\AppData\Roaming\Code\User\globalStorage\vexrobotics.vexcode\sdk\cpp\V5\V5_20220726_10_00_00/vexv5\libv5rt.a(vex_imu.cpp.obj)
                0x038037ac                non-virtual thunk to vex::inertial::getTurnType()
 *fill*         0x038037b4        0x4 
 .text._ZN3vex8inertial10setHeadingEdNS_13rotationUnitsE
                0x038037b8       0x58 c:\Users\khand\AppData\Roaming\Code\User\globalStorage\vexrobotics.vexcode\sdk\cpp\V5\V5_20220726_10_00_00/vexv5\libv5rt.a(vex_imu.cpp.obj)
                0x038037b8                vex::inertial::setHeading(double, vex::rotationUnits)
 .text._ZThn16_N3vex8inertial10setHeadingEdNS_13rotationUnitsE
                0x03803810        0x8 c:\Users\khand\AppData\Roaming\Code\User\globalStorage\vexrobotics.vexcode\sdk\cpp\V5\V5_20220726_10_00_00/vexv5\libv5rt.a(vex_imu.cpp.obj)
                0x03803810                non-virtual thunk to vex::inertial::setHeading(double, vex::rotationUnits)
 .text._ZN3vex8inertial11setRotationEdNS_13rotationUnitsE
                0x03803818       0x58 c:\Users\khand\AppData\Roaming\Code\User\globalStorage\vexrobotics.vexcode\sdk\cpp\V5\V5_20220726_10_00_00/vexv5\libv5rt.a(vex_imu.cpp.obj)
                0x03803818                vex::inertial::setRotation(double, vex::rotationUnits)
 .text._ZThn16_N3vex8inertial11setRotationEdNS_13rotationUnitsE
                0x03803870        0x8 c:\Users\khand\AppData\Roaming\Code\User\globalStorage\vexrobotics.vexcode\sdk\cpp\V5\V5_20220726_10_00_00/vexv5\libv5rt.a(vex_imu.cpp.obj)
                0x03803870                non-virtual thunk to vex::inertial::setRotation(double, vex::rotationUnits)
 .text._ZN3vex8inertialD2Ev
                0x03803878       0x20 c:\Users\khand\AppData\Roaming\Code\User\globalStorage\vexrobotics.vexcode\sdk\cpp\V5\V5_20220726_10_00_00/vexv5\libv5rt.a(vex_imu.cpp.obj)
                0x03803878                vex::inertial::~inertial()
                0x03803878                vex::inertial::~inertial()
 .text._ZThn16_N3vex8inertialD1Ev
                0x03803898        0x8 c:\Users\khand\AppData\Roaming\Code\User\globalStorage\vexrobotics.vexcode\sdk\cpp\V5\V5_20220726_10_00_00/vexv5\libv5rt.a(vex_imu.cpp.obj)
                0x03803898                non-virtual thunk to vex::inertial::~inertial()
 .text._ZN3vex8inertialD0Ev
                0x038038a0       0x1c c:\Users\khand\AppData\Roaming\Code\User\globalStorage\vexrobotics.vexcode\sdk\cpp\V5\V5_20220726_10_00_00/vexv5\libv5rt.a(vex_imu.cpp.obj)
                0x038038a0                vex::inertial::~inertial()
 .text._ZThn16_N3vex8inertialD0Ev
                0x038038bc        0x8 c:\Users\khand\AppData\Roaming\Code\User\globalStorage\vexrobotics.vexcode\sdk\cpp\V5\V5_20220726_10_00_00/vexv5\libv5rt.a(vex_imu.cpp.obj)
                0x038038bc                non-virtual thunk to vex::inertial::~inertial()
 .text._ZN3vex8inertial9installedEv
                0x038038c4       0x18 c:\Users\khand\AppData\Roaming\Code\User\globalStorage\vexrobotics.vexcode\sdk\cpp\V5\V5_20220726_10_00_00/vexv5\libv5rt.a(vex_imu.cpp.obj)
                0x038038c4                vex::inertial::installed()
 .text._ZN3vex8inertial5angleENS_13rotationUnitsE
                0x038038dc       0x6c c:\Users\khand\AppData\Roaming\Code\User\globalStorage\vexrobotics.vexcode\sdk\cpp\V5\V5_20220726_10_00_00/vexv5\libv5rt.a(vex_imu.cpp.obj)
                0x038038dc                vex::inertial::angle(vex::rotationUnits)
 .text._ZThn16_N3vex8inertial5angleENS_13rotationUnitsE
                0x03803948        0x8 c:\Users\khand\AppData\Roaming\Code\User\globalStorage\vexrobotics.vexcode\sdk\cpp\V5\V5_20220726_10_00_00/vexv5\libv5rt.a(vex_imu.cpp.obj)
                0x03803948                non-virtual thunk to vex::inertial::angle(vex::rotationUnits)
 .text._ZN3vex8inertial7headingENS_13rotationUnitsE
                0x03803950        0x4 c:\Users\khand\AppData\Roaming\Code\User\globalStorage\vexrobotics.vexcode\sdk\cpp\V5\V5_20220726_10_00_00/vexv5\libv5rt.a(vex_imu.cpp.obj)
                0x03803950                vex::inertial::heading(vex::rotationUnits)
 .text._ZThn16_N3vex8inertial7headingENS_13rotationUnitsE
                0x03803954        0x8 c:\Users\khand\AppData\Roaming\Code\User\globalStorage\vexrobotics.vexcode\sdk\cpp\V5\V5_20220726_10_00_00/vexv5\libv5rt.a(vex_imu.cpp.obj)
                0x03803954                non-virtual thunk to vex::inertial::heading(vex::rotationUnits)
 .text._ZN3vex8inertial5valueEv
                0x0380395c       0x1c c:\Users\khand\AppData\Roaming\Code\User\globalStorage\vexrobotics.vexcode\sdk\cpp\V5\V5_20220726_10_00_00/vexv5\libv5rt.a(vex_imu.cpp.obj)
                0x0380395c                vex::inertial::value()
 .text._ZN3vex8inertial8rotationENS_13rotationUnitsE
                0x03803978       0x48 c:\Users\khand\AppData\Roaming\Code\User\globalStorage\vexrobotics.vexcode\sdk\cpp\V5\V5_20220726_10_00_00/vexv5\libv5rt.a(vex_imu.cpp.obj)
                0x03803978                vex::inertial::rotation(vex::rotationUnits)
 .text._ZThn16_N3vex8inertial8rotationENS_13rotationUnitsE
                0x038039c0        0x8 c:\Users\khand\AppData\Roaming\Code\User\globalStorage\vexrobotics.vexcode\sdk\cpp\V5\V5_20220726_10_00_00/vexv5\libv5rt.a(vex_imu.cpp.obj)
                0x038039c0                non-virtual thunk to vex::inertial::rotation(vex::rotationUnits)
 .text._ZN3vex8inertial13isCalibratingEv
                0x038039c8       0x38 c:\Users\khand\AppData\Roaming\Code\User\globalStorage\vexrobotics.vexcode\sdk\cpp\V5\V5_20220726_10_00_00/vexv5\libv5rt.a(vex_imu.cpp.obj)
                0x038039c8                vex::inertial::isCalibrating()
 .text._ZThn16_N3vex8inertial13isCalibratingEv
                0x03803a00        0x8 c:\Users\khand\AppData\Roaming\Code\User\globalStorage\vexrobotics.vexcode\sdk\cpp\V5\V5_20220726_10_00_00/vexv5\libv5rt.a(vex_imu.cpp.obj)
                0x03803a00                non-virtual thunk to vex::inertial::isCalibrating()
 .text._ZN3vex8inertialC2ElNS_8turnTypeE
                0x03803a08       0x4c c:\Users\khand\AppData\Roaming\Code\User\globalStorage\vexrobotics.vexcode\sdk\cpp\V5\V5_20220726_10_00_00/vexv5\libv5rt.a(vex_imu.cpp.obj)
                0x03803a08                vex::inertial::inertial(long, vex::turnType)
                0x03803a08                vex::inertial::inertial(long, vex::turnType)
 .text._ZN3vex8inertial16startCalibrationEl
                0x03803a54       0x20 c:\Users\khand\AppData\Roaming\Code\User\globalStorage\vexrobotics.vexcode\sdk\cpp\V5\V5_20220726_10_00_00/vexv5\libv5rt.a(vex_imu.cpp.obj)
                0x03803a54                vex::inertial::startCalibration(long)
 .text._ZN3vex8inertial9calibrateEl
                0x03803a74        0xc c:\Users\khand\AppData\Roaming\Code\User\globalStorage\vexrobotics.vexcode\sdk\cpp\V5\V5_20220726_10_00_00/vexv5\libv5rt.a(vex_imu.cpp.obj)
                0x03803a74                vex::inertial::calibrate(long)
                0x03803a78                non-virtual thunk to vex::inertial::calibrate(long)
 .text._ZN3vex8rotationD2Ev
                0x03803a80       0x20 c:\Users\khand\AppData\Roaming\Code\User\globalStorage\vexrobotics.vexcode\sdk\cpp\V5\V5_20220726_10_00_00/vexv5\libv5rt.a(vex_rotation.cpp.obj)
                0x03803a80                vex::rotation::~rotation()
                0x03803a80                vex::rotation::~rotation()
 .text._ZN3vex8rotationD0Ev
                0x03803aa0       0x1c c:\Users\khand\AppData\Roaming\Code\User\globalStorage\vexrobotics.vexcode\sdk\cpp\V5\V5_20220726_10_00_00/vexv5\libv5rt.a(vex_rotation.cpp.obj)
                0x03803aa0                vex::rotation::~rotation()
 .text._ZN3vex8rotation9installedEv
                0x03803abc       0x18 c:\Users\khand\AppData\Roaming\Code\User\globalStorage\vexrobotics.vexcode\sdk\cpp\V5\V5_20220726_10_00_00/vexv5\libv5rt.a(vex_rotation.cpp.obj)
                0x03803abc                vex::rotation::installed()
 .text._ZN3vex8rotation5valueEv
                0x03803ad4        0x8 c:\Users\khand\AppData\Roaming\Code\User\globalStorage\vexrobotics.vexcode\sdk\cpp\V5\V5_20220726_10_00_00/vexv5\libv5rt.a(vex_rotation.cpp.obj)
                0x03803ad4                vex::rotation::value()
 .text._ZN3vex8rotationC2Elb
                0x03803adc       0x30 c:\Users\khand\AppData\Roaming\Code\User\globalStorage\vexrobotics.vexcode\sdk\cpp\V5\V5_20220726_10_00_00/vexv5\libv5rt.a(vex_rotation.cpp.obj)
                0x03803adc                vex::rotation::rotation(long, bool)
                0x03803adc                vex::rotation::rotation(long, bool)
 .text._ZN3vex7opticalD2Ev
                0x03803b0c       0x20 c:\Users\khand\AppData\Roaming\Code\User\globalStorage\vexrobotics.vexcode\sdk\cpp\V5\V5_20220726_10_00_00/vexv5\libv5rt.a(vex_optical.cpp.obj)
                0x03803b0c                vex::optical::~optical()
                0x03803b0c                vex::optical::~optical()
 .text._ZN3vex7opticalD0Ev
                0x03803b2c       0x1c c:\Users\khand\AppData\Roaming\Code\User\globalStorage\vexrobotics.vexcode\sdk\cpp\V5\V5_20220726_10_00_00/vexv5\libv5rt.a(vex_optical.cpp.obj)
                0x03803b2c                vex::optical::~optical()
 .text._ZN3vex7optical9installedEv
                0x03803b48       0x18 c:\Users\khand\AppData\Roaming\Code\User\globalStorage\vexrobotics.vexcode\sdk\cpp\V5\V5_20220726_10_00_00/vexv5\libv5rt.a(vex_optical.cpp.obj)
                0x03803b48                vex::optical::installed()
 .text._ZN3vex7optical3hueEv
                0x03803b60        0x8 c:\Users\khand\AppData\Roaming\Code\User\globalStorage\vexrobotics.vexcode\sdk\cpp\V5\V5_20220726_10_00_00/vexv5\libv5rt.a(vex_optical.cpp.obj)
                0x03803b60                vex::optical::hue()
 .text._ZN3vex7optical5valueEv
                0x03803b68       0x18 c:\Users\khand\AppData\Roaming\Code\User\globalStorage\vexrobotics.vexcode\sdk\cpp\V5\V5_20220726_10_00_00/vexv5\libv5rt.a(vex_optical.cpp.obj)
                0x03803b68                vex::optical::value()
 .text._ZN3vex7optical12isNearObjectEv
                0x03803b80       0x24 c:\Users\khand\AppData\Roaming\Code\User\globalStorage\vexrobotics.vexcode\sdk\cpp\V5\V5_20220726_10_00_00/vexv5\libv5rt.a(vex_optical.cpp.obj)
                0x03803b80                vex::optical::isNearObject()
 .text._ZN3vex7optical13gestureEnableEv
                0x03803ba4        0x8 c:\Users\khand\AppData\Roaming\Code\User\globalStorage\vexrobotics.vexcode\sdk\cpp\V5\V5_20220726_10_00_00/vexv5\libv5rt.a(vex_optical.cpp.obj)
                0x03803ba4                vex::optical::gestureEnable()
 .text._ZN3vex7optical14gestureDisableEv
                0x03803bac        0x8 c:\Users\khand\AppData\Roaming\Code\User\globalStorage\vexrobotics.vexcode\sdk\cpp\V5\V5_20220726_10_00_00/vexv5\libv5rt.a(vex_optical.cpp.obj)
                0x03803bac                vex::optical::gestureDisable()
 .text._ZN3vex7opticalC2Elb
                0x03803bb4       0x54 c:\Users\khand\AppData\Roaming\Code\User\globalStorage\vexrobotics.vexcode\sdk\cpp\V5\V5_20220726_10_00_00/vexv5\libv5rt.a(vex_optical.cpp.obj)
                0x03803bb4                vex::optical::optical(long, bool)
                0x03803bb4                vex::optical::optical(long, bool)
 .text._ZN3vex10controllerD2Ev
                0x03803c08        0x4 c:\Users\khand\AppData\Roaming\Code\User\globalStorage\vexrobotics.vexcode\sdk\cpp\V5\V5_20220726_10_00_00/vexv5\libv5rt.a(vex_controller.cpp.obj)
                0x03803c08                vex::controller::~controller()
                0x03803c08                vex::controller::~controller()
 .text._ZN3vex10controller5valueE19_V5_ControllerIndex
                0x03803c0c        0x8 c:\Users\khand\AppData\Roaming\Code\User\globalStorage\vexrobotics.vexcode\sdk\cpp\V5\V5_20220726_10_00_00/vexv5\libv5rt.a(vex_controller.cpp.obj)
                0x03803c0c                vex::controller::value(_V5_ControllerIndex)
 .text._ZNK3vex10controller6button8pressingEv
                0x03803c14       0xc8 c:\Users\khand\AppData\Roaming\Code\User\globalStorage\vexrobotics.vexcode\sdk\cpp\V5\V5_20220726_10_00_00/vexv5\libv5rt.a(vex_controller.cpp.obj)
                0x03803c14                vex::controller::button::pressing() const
 .text._ZNK3vex10controller6button7pressedEPFvvE
                0x03803cdc      0x108 c:\Users\khand\AppData\Roaming\Code\User\globalStorage\vexrobotics.vexcode\sdk\cpp\V5\V5_20220726_10_00_00/vexv5\libv5rt.a(vex_controller.cpp.obj)
                0x03803cdc                vex::controller::button::pressed(void (*)()) const
 .text._ZNK3vex10controller6button21_buttonToPressedEventEv
                0x03803de4       0x20 c:\Users\khand\AppData\Roaming\Code\User\globalStorage\vexrobotics.vexcode\sdk\cpp\V5\V5_20220726_10_00_00/vexv5\libv5rt.a(vex_controller.cpp.obj)
                0x03803de4                vex::controller::button::_buttonToPressedEvent() const
 .text._ZNK3vex10controller6button22_buttonToReleasedEventEv
                0x03803e04       0x20 c:\Users\khand\AppData\Roaming\Code\User\globalStorage\vexrobotics.vexcode\sdk\cpp\V5\V5_20220726_10_00_00/vexv5\libv5rt.a(vex_controller.cpp.obj)
                0x03803e04                vex::controller::button::_buttonToReleasedEvent() const
 .text._ZN3vex10controller6buttonC2ENS0_11tButtonTypeEPS0_
                0x03803e24       0x48 c:\Users\khand\AppData\Roaming\Code\User\globalStorage\vexrobotics.vexcode\sdk\cpp\V5\V5_20220726_10_00_00/vexv5\libv5rt.a(vex_controller.cpp.obj)
                0x03803e24                vex::controller::button::button(vex::controller::tButtonType, vex::controller*)
                0x03803e24                vex::controller::button::button(vex::controller::tButtonType, vex::controller*)
 .text._ZNK3vex10controller4axis5valueEv
                0x03803e6c       0x58 c:\Users\khand\AppData\Roaming\Code\User\globalStorage\vexrobotics.vexcode\sdk\cpp\V5\V5_20220726_10_00_00/vexv5\libv5rt.a(vex_controller.cpp.obj)
                0x03803e6c                vex::controller::axis::value() const
 .text._ZNK3vex10controller4axis23_joystickToChangedEventEv
                0x03803ec4       0x20 c:\Users\khand\AppData\Roaming\Code\User\globalStorage\vexrobotics.vexcode\sdk\cpp\V5\V5_20220726_10_00_00/vexv5\libv5rt.a(vex_controller.cpp.obj)
                0x03803ec4                vex::controller::axis::_joystickToChangedEvent() const
 .text._ZN3vex10controller4axisC2ENS0_9tAxisTypeEPS0_
                0x03803ee4       0x2c c:\Users\khand\AppData\Roaming\Code\User\globalStorage\vexrobotics.vexcode\sdk\cpp\V5\V5_20220726_10_00_00/vexv5\libv5rt.a(vex_controller.cpp.obj)
                0x03803ee4                vex::controller::axis::axis(vex::controller::tAxisType, vex::controller*)
                0x03803ee4                vex::controller::axis::axis(vex::controller::tAxisType, vex::controller*)
 .text._ZN3vex10controllerC2ENS_14controllerTypeE
                0x03803f10      0x16c c:\Users\khand\AppData\Roaming\Code\User\globalStorage\vexrobotics.vexcode\sdk\cpp\V5\V5_20220726_10_00_00/vexv5\libv5rt.a(vex_controller.cpp.obj)
                0x03803f10                vex::controller::controller(vex::controllerType)
                0x03803f10                vex::controller::controller(vex::controllerType)
 .text._ZN3vex10controller3lcd15getControllerIdEv
                0x0380407c       0x10 c:\Users\khand\AppData\Roaming\Code\User\globalStorage\vexrobotics.vexcode\sdk\cpp\V5\V5_20220726_10_00_00/vexv5\libv5rt.a(vex_controller.cpp.obj)
                0x0380407c                vex::controller::lcd::getControllerId()
 .text._ZN3vex10controller3lcd9setCursorEll
                0x0380408c       0x40 c:\Users\khand\AppData\Roaming\Code\User\globalStorage\vexrobotics.vexcode\sdk\cpp\V5\V5_20220726_10_00_00/vexv5\libv5rt.a(vex_controller.cpp.obj)
                0x0380408c                vex::controller::lcd::setCursor(long, long)
 .text._ZN3vex10controller3lcd5printEPKcz
                0x038040cc       0x80 c:\Users\khand\AppData\Roaming\Code\User\globalStorage\vexrobotics.vexcode\sdk\cpp\V5\V5_20220726_10_00_00/vexv5\libv5rt.a(vex_controller.cpp.obj)
                0x038040cc                vex::controller::lcd::print(char const*, ...)
 .text._ZN3vex4taskC2Ev
                0x0380414c       0x28 c:\Users\khand\AppData\Roaming\Code\User\globalStorage\vexrobotics.vexcode\sdk\cpp\V5\V5_20220726_10_00_00/vexv5\libv5rt.a(vex_task.cpp.obj)
                0x0380414c                vex::task::task()
                0x0380414c                vex::task::task()
 .text._ZN3vex4taskC2EPFivE
                0x03804174       0x5c c:\Users\khand\AppData\Roaming\Code\User\globalStorage\vexrobotics.vexcode\sdk\cpp\V5\V5_20220726_10_00_00/vexv5\libv5rt.a(vex_task.cpp.obj)
                0x03804174                vex::task::task(int (*)())
                0x03804174                vex::task::task(int (*)())
 .text._ZN3vex4taskD2Ev
                0x038041d0        0x4 c:\Users\khand\AppData\Roaming\Code\User\globalStorage\vexrobotics.vexcode\sdk\cpp\V5\V5_20220726_10_00_00/vexv5\libv5rt.a(vex_task.cpp.obj)
                0x038041d0                vex::task::~task()
                0x038041d0                vex::task::~task()
 .text._ZN3vex4task4stopEPvi
                0x038041d4       0x1c c:\Users\khand\AppData\Roaming\Code\User\globalStorage\vexrobotics.vexcode\sdk\cpp\V5\V5_20220726_10_00_00/vexv5\libv5rt.a(vex_task.cpp.obj)
                0x038041d4                vex::task::stop(void*, int)
 .text._ZN3vex4task5sleepEm
                0x038041f0        0x4 c:\Users\khand\AppData\Roaming\Code\User\globalStorage\vexrobotics.vexcode\sdk\cpp\V5\V5_20220726_10_00_00/vexv5\libv5rt.a(vex_task.cpp.obj)
                0x038041f0                vex::task::sleep(unsigned long)
 .text._ZN3vex4task6_indexEPFivE
                0x038041f4       0x14 c:\Users\khand\AppData\Roaming\Code\User\globalStorage\vexrobotics.vexcode\sdk\cpp\V5\V5_20220726_10_00_00/vexv5\libv5rt.a(vex_task.cpp.obj)
                0x038041f4                vex::task::_index(int (*)())
 .text._ZN3vex4task8_stopAllEv
                0x03804208       0x3c c:\Users\khand\AppData\Roaming\Code\User\globalStorage\vexrobotics.vexcode\sdk\cpp\V5\V5_20220726_10_00_00/vexv5\libv5rt.a(vex_task.cpp.obj)
                0x03804208                vex::task::_stopAll()
 .text._ZN3vex11this_thread9sleep_forEm
                0x03804244        0x4 c:\Users\khand\AppData\Roaming\Code\User\globalStorage\vexrobotics.vexcode\sdk\cpp\V5\V5_20220726_10_00_00/vexv5\libv5rt.a(vex_thread.cpp.obj)
                0x03804244                vex::this_thread::sleep_for(unsigned long)
 .text._ZN3vex5event4initEmmPFvvE
                0x03804248        0x4 c:\Users\khand\AppData\Roaming\Code\User\globalStorage\vexrobotics.vexcode\sdk\cpp\V5\V5_20220726_10_00_00/vexv5\libv5rt.a(vex_event.cpp.obj)
                0x03804248                vex::event::init(unsigned long, unsigned long, void (*)())
 .text._ZN3vex5event4initEmmPFvPvES1_
                0x0380424c        0x4 c:\Users\khand\AppData\Roaming\Code\User\globalStorage\vexrobotics.vexcode\sdk\cpp\V5\V5_20220726_10_00_00/vexv5\libv5rt.a(vex_event.cpp.obj)
                0x0380424c                vex::event::init(unsigned long, unsigned long, void (*)(void*), void*)
 .text._ZN3vex5event9userindexEv
                0x03804250        0x4 c:\Users\khand\AppData\Roaming\Code\User\globalStorage\vexrobotics.vexcode\sdk\cpp\V5\V5_20220726_10_00_00/vexv5\libv5rt.a(vex_event.cpp.obj)
                0x03804250                vex::event::userindex()
 .text._ZZN3vex6meventC4EmmENUlvE_4_FUNEv
                0x03804254        0x4 c:\Users\khand\AppData\Roaming\Code\User\globalStorage\vexrobotics.vexcode\sdk\cpp\V5\V5_20220726_10_00_00/vexv5\libv5rt.a(vex_mevent.cpp.obj)
 .text._ZN3vex6meventC2Emm
                0x03804258       0x70 c:\Users\khand\AppData\Roaming\Code\User\globalStorage\vexrobotics.vexcode\sdk\cpp\V5\V5_20220726_10_00_00/vexv5\libv5rt.a(vex_mevent.cpp.obj)
                0x03804258                vex::mevent::mevent(unsigned long, unsigned long)
                0x03804258                vex::mevent::mevent(unsigned long, unsigned long)
 .text._ZN3vex5brain9_getIndexEv
                0x038042c8       0x10 c:\Users\khand\AppData\Roaming\Code\User\globalStorage\vexrobotics.vexcode\sdk\cpp\V5\V5_20220726_10_00_00/vexv5\libv5rt.a(vex_brain.cpp.obj)
                0x038042c8                vex::brain::_getIndex()
 .text._ZN3vex5brain3lcd9setCursorEll
                0x038042d8       0x44 c:\Users\khand\AppData\Roaming\Code\User\globalStorage\vexrobotics.vexcode\sdk\cpp\V5\V5_20220726_10_00_00/vexv5\libv5rt.a(vex_brain.cpp.obj)
                0x038042d8                vex::brain::lcd::setCursor(long, long)
 .text._ZN3vex5brain3lcd7setFontENS_8fontTypeE
                0x0380431c      0x23c c:\Users\khand\AppData\Roaming\Code\User\globalStorage\vexrobotics.vexcode\sdk\cpp\V5\V5_20220726_10_00_00/vexv5\libv5rt.a(vex_brain.cpp.obj)
                0x0380431c                vex::brain::lcd::setFont(vex::fontType)
 .text._ZN3vex5brain3lcdC2Ev
                0x03804558       0x94 c:\Users\khand\AppData\Roaming\Code\User\globalStorage\vexrobotics.vexcode\sdk\cpp\V5\V5_20220726_10_00_00/vexv5\libv5rt.a(vex_brain.cpp.obj)
                0x03804558                vex::brain::lcd::lcd()
                0x03804558                vex::brain::lcd::lcd()
 .text._ZN3vex5brainC2Ev
                0x038045ec       0x3c c:\Users\khand\AppData\Roaming\Code\User\globalStorage\vexrobotics.vexcode\sdk\cpp\V5\V5_20220726_10_00_00/vexv5\libv5rt.a(vex_brain.cpp.obj)
                0x038045ec                vex::brain::brain()
                0x038045ec                vex::brain::brain()
 .text._ZN3vex5brainD2Ev
                0x03804628       0x20 c:\Users\khand\AppData\Roaming\Code\User\globalStorage\vexrobotics.vexcode\sdk\cpp\V5\V5_20220726_10_00_00/vexv5\libv5rt.a(vex_brain.cpp.obj)
                0x03804628                vex::brain::~brain()
                0x03804628                vex::brain::~brain()
 .text._ZN3vex11competition8_disableEPv
                0x03804648       0xa4 c:\Users\khand\AppData\Roaming\Code\User\globalStorage\vexrobotics.vexcode\sdk\cpp\V5\V5_20220726_10_00_00/vexv5\libv5rt.a(vex_competition.cpp.obj)
                0x03804648                vex::competition::_disable(void*)
 .text._ZN3vex11competition11_autonomousEv
                0x038046ec       0x80 c:\Users\khand\AppData\Roaming\Code\User\globalStorage\vexrobotics.vexcode\sdk\cpp\V5\V5_20220726_10_00_00/vexv5\libv5rt.a(vex_competition.cpp.obj)
                0x038046ec                vex::competition::_autonomous()
 .text._ZN3vex11competition14_drivercontrolEv
                0x0380476c       0x80 c:\Users\khand\AppData\Roaming\Code\User\globalStorage\vexrobotics.vexcode\sdk\cpp\V5\V5_20220726_10_00_00/vexv5\libv5rt.a(vex_competition.cpp.obj)
                0x0380476c                vex::competition::_drivercontrol()
 .text._ZN3vex11competitionC2Ev
                0x038047ec      0x13c c:\Users\khand\AppData\Roaming\Code\User\globalStorage\vexrobotics.vexcode\sdk\cpp\V5\V5_20220726_10_00_00/vexv5\libv5rt.a(vex_competition.cpp.obj)
                0x038047ec                vex::competition::competition()
                0x038047ec                vex::competition::competition()
 .text._ZN3vex11competitionD2Ev
                0x03804928        0x4 c:\Users\khand\AppData\Roaming\Code\User\globalStorage\vexrobotics.vexcode\sdk\cpp\V5\V5_20220726_10_00_00/vexv5\libv5rt.a(vex_competition.cpp.obj)
                0x03804928                vex::competition::~competition()
                0x03804928                vex::competition::~competition()
 .text._ZN3vex11competition10autonomousEPFvvE
                0x0380492c       0x44 c:\Users\khand\AppData\Roaming\Code\User\globalStorage\vexrobotics.vexcode\sdk\cpp\V5\V5_20220726_10_00_00/vexv5\libv5rt.a(vex_competition.cpp.obj)
                0x0380492c                vex::competition::autonomous(void (*)())
 .text._ZN3vex11competition13drivercontrolEPFvvE
                0x03804970       0x44 c:\Users\khand\AppData\Roaming\Code\User\globalStorage\vexrobotics.vexcode\sdk\cpp\V5\V5_20220726_10_00_00/vexv5\libv5rt.a(vex_competition.cpp.obj)
                0x03804970                vex::competition::drivercontrol(void (*)())
 .text._ZN3vex7triportD2Ev
                0x038049b4       0x38 c:\Users\khand\AppData\Roaming\Code\User\globalStorage\vexrobotics.vexcode\sdk\cpp\V5\V5_20220726_10_00_00/vexv5\libv5rt.a(vex_triport.cpp.obj)
                0x038049b4                vex::triport::~triport()
                0x038049b4                vex::triport::~triport()
 .text._ZN3vex7triportD0Ev
                0x038049ec       0x1c c:\Users\khand\AppData\Roaming\Code\User\globalStorage\vexrobotics.vexcode\sdk\cpp\V5\V5_20220726_10_00_00/vexv5\libv5rt.a(vex_triport.cpp.obj)
                0x038049ec                vex::triport::~triport()
 .text._ZN3vex7triport9installedEv
                0x03804a08       0x18 c:\Users\khand\AppData\Roaming\Code\User\globalStorage\vexrobotics.vexcode\sdk\cpp\V5\V5_20220726_10_00_00/vexv5\libv5rt.a(vex_triport.cpp.obj)
                0x03804a08                vex::triport::installed()
 .text._ZN3vex7triport4portC2ElPS0_
                0x03804a20       0x74 c:\Users\khand\AppData\Roaming\Code\User\globalStorage\vexrobotics.vexcode\sdk\cpp\V5\V5_20220726_10_00_00/vexv5\libv5rt.a(vex_triport.cpp.obj)
                0x03804a20                vex::triport::port::port(long, vex::triport*)
                0x03804a20                vex::triport::port::port(long, vex::triport*)
 .text._ZN3vex7triportC2El
                0x03804a94       0xf0 c:\Users\khand\AppData\Roaming\Code\User\globalStorage\vexrobotics.vexcode\sdk\cpp\V5\V5_20220726_10_00_00/vexv5\libv5rt.a(vex_triport.cpp.obj)
                0x03804a94                vex::triport::triport(long)
                0x03804a94                vex::triport::triport(long)
 .text._ZN3vex7triport4port4typeENS_11triportTypeE
                0x03804b84       0x30 c:\Users\khand\AppData\Roaming\Code\User\globalStorage\vexrobotics.vexcode\sdk\cpp\V5\V5_20220726_10_00_00/vexv5\libv5rt.a(vex_triport.cpp.obj)
                0x03804b84                vex::triport::port::type(vex::triportType)
 .text._ZN3vex7triport4port4typeEv
                0x03804bb4       0x38 c:\Users\khand\AppData\Roaming\Code\User\globalStorage\vexrobotics.vexcode\sdk\cpp\V5\V5_20220726_10_00_00/vexv5\libv5rt.a(vex_triport.cpp.obj)
                0x03804bb4                vex::triport::port::type()
 .text._ZN3vex7triport4port5valueEv
                0x03804bec       0x14 c:\Users\khand\AppData\Roaming\Code\User\globalStorage\vexrobotics.vexcode\sdk\cpp\V5\V5_20220726_10_00_00/vexv5\libv5rt.a(vex_triport.cpp.obj)
                0x03804bec                vex::triport::port::value()
 .text._ZN3vex7triport4port5valueEl
                0x03804c00       0x18 c:\Users\khand\AppData\Roaming\Code\User\globalStorage\vexrobotics.vexcode\sdk\cpp\V5\V5_20220726_10_00_00/vexv5\libv5rt.a(vex_triport.cpp.obj)
                0x03804c00                vex::triport::port::value(long)
 .text._ZN3vex11__trideviceC2ERNS_7triport4portENS_11triportTypeE
                0x03804c18       0x5c c:\Users\khand\AppData\Roaming\Code\User\globalStorage\vexrobotics.vexcode\sdk\cpp\V5\V5_20220726_10_00_00/vexv5\libv5rt.a(vex_triport.cpp.obj)
                0x03804c18                vex::__tridevice::__tridevice(vex::triport::port&, vex::triportType)
                0x03804c18                vex::__tridevice::__tridevice(vex::triport::port&, vex::triportType)
 .text._ZN3vex11digital_outC2ERNS_7triport4portE
                0x03804c74       0x18 c:\Users\khand\AppData\Roaming\Code\User\globalStorage\vexrobotics.vexcode\sdk\cpp\V5\V5_20220726_10_00_00/vexv5\libv5rt.a(vex_triport.cpp.obj)
                0x03804c74                vex::digital_out::digital_out(vex::triport::port&)
                0x03804c74                vex::digital_out::digital_out(vex::triport::port&)
 .text._ZN3vex11digital_outD2Ev
                0x03804c8c        0x4 c:\Users\khand\AppData\Roaming\Code\User\globalStorage\vexrobotics.vexcode\sdk\cpp\V5\V5_20220726_10_00_00/vexv5\libv5rt.a(vex_triport.cpp.obj)
                0x03804c8c                vex::digital_out::~digital_out()
                0x03804c8c                vex::digital_out::~digital_out()
 .text._ZN3vex11digital_out5valueEv
                0x03804c90        0x8 c:\Users\khand\AppData\Roaming\Code\User\globalStorage\vexrobotics.vexcode\sdk\cpp\V5\V5_20220726_10_00_00/vexv5\libv5rt.a(vex_triport.cpp.obj)
                0x03804c90                vex::digital_out::value()
 .text._ZN3vex11digital_out3setEb
                0x03804c98        0x8 c:\Users\khand\AppData\Roaming\Code\User\globalStorage\vexrobotics.vexcode\sdk\cpp\V5\V5_20220726_10_00_00/vexv5\libv5rt.a(vex_triport.cpp.obj)
                0x03804c98                vex::digital_out::set(bool)
 .text._ZN3vex7encoderC2ERNS_7triport4portE
                0x03804ca0       0x20 c:\Users\khand\AppData\Roaming\Code\User\globalStorage\vexrobotics.vexcode\sdk\cpp\V5\V5_20220726_10_00_00/vexv5\libv5rt.a(vex_triport.cpp.obj)
                0x03804ca0                vex::encoder::encoder(vex::triport::port&)
                0x03804ca0                vex::encoder::encoder(vex::triport::port&)
 .text._ZN3vex7encoderD2Ev
                0x03804cc0        0x4 c:\Users\khand\AppData\Roaming\Code\User\globalStorage\vexrobotics.vexcode\sdk\cpp\V5\V5_20220726_10_00_00/vexv5\libv5rt.a(vex_triport.cpp.obj)
                0x03804cc0                vex::encoder::~encoder()
                0x03804cc0                vex::encoder::~encoder()
 .text._ZN3vex5colorD2Ev
                0x03804cc4        0x4 c:\Users\khand\AppData\Roaming\Code\User\globalStorage\vexrobotics.vexcode\sdk\cpp\V5\V5_20220726_10_00_00/vexv5\libv5rt.a(vex_color.cpp.obj)
                0x03804cc4                vex::color::~color()
                0x03804cc4                vex::color::~color()
 .text.startup._GLOBAL__sub_I__ZN3vex5color5blackE
                0x03804cc8      0x164 c:\Users\khand\AppData\Roaming\Code\User\globalStorage\vexrobotics.vexcode\sdk\cpp\V5\V5_20220726_10_00_00/vexv5\libv5rt.a(vex_color.cpp.obj)
 .text._ZN3vex5timerD2Ev
                0x03804e2c        0x4 c:\Users\khand\AppData\Roaming\Code\User\globalStorage\vexrobotics.vexcode\sdk\cpp\V5\V5_20220726_10_00_00/vexv5\libv5rt.a(vex_timer.cpp.obj)
                0x03804e2c                vex::timer::~timer()
                0x03804e2c                vex::timer::~timer()
 .text._ZN3vex5timer5clearEv
                0x03804e30       0x1c c:\Users\khand\AppData\Roaming\Code\User\globalStorage\vexrobotics.vexcode\sdk\cpp\V5\V5_20220726_10_00_00/vexv5\libv5rt.a(vex_timer.cpp.obj)
                0x03804e30                vex::timer::clear()
 .text._ZN3vex5timerC2Ev
                0x03804e4c       0x14 c:\Users\khand\AppData\Roaming\Code\User\globalStorage\vexrobotics.vexcode\sdk\cpp\V5\V5_20220726_10_00_00/vexv5\libv5rt.a(vex_timer.cpp.obj)
                0x03804e4c                vex::timer::timer()
                0x03804e4c                vex::timer::timer()
 .text._ZN3vex11motor_group18motor_group_motorsC2Ev
                0x03804e60       0x28 c:\Users\khand\AppData\Roaming\Code\User\globalStorage\vexrobotics.vexcode\sdk\cpp\V5\V5_20220726_10_00_00/vexv5\libv5rt.a(vex_motorgroup.cpp.obj)
                0x03804e60                vex::motor_group::motor_group_motors::motor_group_motors()
                0x03804e60                vex::motor_group::motor_group_motors::motor_group_motors()
 .text._ZN3vex11motor_group18motor_group_motorsC2ERKS1_
                0x03804e88       0x20 c:\Users\khand\AppData\Roaming\Code\User\globalStorage\vexrobotics.vexcode\sdk\cpp\V5\V5_20220726_10_00_00/vexv5\libv5rt.a(vex_motorgroup.cpp.obj)
                0x03804e88                vex::motor_group::motor_group_motors::motor_group_motors(vex::motor_group::motor_group_motors const&)
                0x03804e88                vex::motor_group::motor_group_motors::motor_group_motors(vex::motor_group::motor_group_motors const&)
 .text._ZN3vex11motor_groupC2Ev
                0x03804ea8       0x1c c:\Users\khand\AppData\Roaming\Code\User\globalStorage\vexrobotics.vexcode\sdk\cpp\V5\V5_20220726_10_00_00/vexv5\libv5rt.a(vex_motorgroup.cpp.obj)
                0x03804ea8                vex::motor_group::motor_group()
                0x03804ea8                vex::motor_group::motor_group()
 .text._ZN3vex11motor_groupD2Ev
                0x03804ec4        0x4 c:\Users\khand\AppData\Roaming\Code\User\globalStorage\vexrobotics.vexcode\sdk\cpp\V5\V5_20220726_10_00_00/vexv5\libv5rt.a(vex_motorgroup.cpp.obj)
                0x03804ec4                vex::motor_group::~motor_group()
                0x03804ec4                vex::motor_group::~motor_group()
 .text._ZN3vex11motor_group9_addMotorERNS_5motorE
                0x03804ec8       0x20 c:\Users\khand\AppData\Roaming\Code\User\globalStorage\vexrobotics.vexcode\sdk\cpp\V5\V5_20220726_10_00_00/vexv5\libv5rt.a(vex_motorgroup.cpp.obj)
                0x03804ec8                vex::motor_group::_addMotor(vex::motor&)
 .text._ZN3vex11motor_group4spinENS_13directionTypeEdNS_12voltageUnitsE
                0x03804ee8       0x54 c:\Users\khand\AppData\Roaming\Code\User\globalStorage\vexrobotics.vexcode\sdk\cpp\V5\V5_20220726_10_00_00/vexv5\libv5rt.a(vex_motorgroup.cpp.obj)
                0x03804ee8                vex::motor_group::spin(vex::directionType, double, vex::voltageUnits)
 .text._ZN3vex11motor_group4stopENS_9brakeTypeE
                0x03804f3c       0x38 c:\Users\khand\AppData\Roaming\Code\User\globalStorage\vexrobotics.vexcode\sdk\cpp\V5\V5_20220726_10_00_00/vexv5\libv5rt.a(vex_motorgroup.cpp.obj)
                0x03804f3c                vex::motor_group::stop(vex::brakeType)
 .text._ZN3vex11motor_group8positionENS_13rotationUnitsE
                0x03804f74        0xc c:\Users\khand\AppData\Roaming\Code\User\globalStorage\vexrobotics.vexcode\sdk\cpp\V5\V5_20220726_10_00_00/vexv5\libv5rt.a(vex_motorgroup.cpp.obj)
                0x03804f74                vex::motor_group::position(vex::rotationUnits)
 .text.vexAdiPortConfigSet
                0x03804f80       0x28 c:\Users\khand\AppData\Roaming\Code\User\globalStorage\vexrobotics.vexcode\sdk\cpp\V5\V5_20220726_10_00_00/vexv5\libv5rt.a(v5_apiuser.c.obj)
                0x03804f80                vexAdiPortConfigSet
 .text.vexAdiPortConfigGet
                0x03804fa8       0x28 c:\Users\khand\AppData\Roaming\Code\User\globalStorage\vexrobotics.vexcode\sdk\cpp\V5\V5_20220726_10_00_00/vexv5\libv5rt.a(v5_apiuser.c.obj)
                0x03804fa8                vexAdiPortConfigGet
 .text.vexAdiValueSet
                0x03804fd0       0x28 c:\Users\khand\AppData\Roaming\Code\User\globalStorage\vexrobotics.vexcode\sdk\cpp\V5\V5_20220726_10_00_00/vexv5\libv5rt.a(v5_apiuser.c.obj)
                0x03804fd0                vexAdiValueSet
 .text.vexAdiValueGet
                0x03804ff8       0x20 c:\Users\khand\AppData\Roaming\Code\User\globalStorage\vexrobotics.vexcode\sdk\cpp\V5\V5_20220726_10_00_00/vexv5\libv5rt.a(v5_apiuser.c.obj)
                0x03804ff8                vexAdiValueGet
 .text.vexMotorVelocitySet
                0x03805018       0x20 c:\Users\khand\AppData\Roaming\Code\User\globalStorage\vexrobotics.vexcode\sdk\cpp\V5\V5_20220726_10_00_00/vexv5\libv5rt.a(v5_apiuser.c.obj)
                0x03805018                vexMotorVelocitySet
 .text.vexMotorVoltageSet
                0x03805038       0x20 c:\Users\khand\AppData\Roaming\Code\User\globalStorage\vexrobotics.vexcode\sdk\cpp\V5\V5_20220726_10_00_00/vexv5\libv5rt.a(v5_apiuser.c.obj)
                0x03805038                vexMotorVoltageSet
 .text.vexMotorVelocityGet
                0x03805058       0x18 c:\Users\khand\AppData\Roaming\Code\User\globalStorage\vexrobotics.vexcode\sdk\cpp\V5\V5_20220726_10_00_00/vexv5\libv5rt.a(v5_apiuser.c.obj)
                0x03805058                vexMotorVelocityGet
 .text.vexMotorActualVelocityGet
                0x03805070       0x24 c:\Users\khand\AppData\Roaming\Code\User\globalStorage\vexrobotics.vexcode\sdk\cpp\V5\V5_20220726_10_00_00/vexv5\libv5rt.a(v5_apiuser.c.obj)
                0x03805070                vexMotorActualVelocityGet
 .text.vexMotorModeGet
                0x03805094       0x18 c:\Users\khand\AppData\Roaming\Code\User\globalStorage\vexrobotics.vexcode\sdk\cpp\V5\V5_20220726_10_00_00/vexv5\libv5rt.a(v5_apiuser.c.obj)
                0x03805094                vexMotorModeGet
 .text.vexMotorCurrentLimitSet
                0x038050ac       0x20 c:\Users\khand\AppData\Roaming\Code\User\globalStorage\vexrobotics.vexcode\sdk\cpp\V5\V5_20220726_10_00_00/vexv5\libv5rt.a(v5_apiuser.c.obj)
                0x038050ac                vexMotorCurrentLimitSet
 .text.vexMotorZeroPositionFlagGet
                0x038050cc       0x18 c:\Users\khand\AppData\Roaming\Code\User\globalStorage\vexrobotics.vexcode\sdk\cpp\V5\V5_20220726_10_00_00/vexv5\libv5rt.a(v5_apiuser.c.obj)
                0x038050cc                vexMotorZeroPositionFlagGet
 .text.vexMotorReverseFlagSet
                0x038050e4       0x20 c:\Users\khand\AppData\Roaming\Code\User\globalStorage\vexrobotics.vexcode\sdk\cpp\V5\V5_20220726_10_00_00/vexv5\libv5rt.a(v5_apiuser.c.obj)
                0x038050e4                vexMotorReverseFlagSet
 .text.vexMotorEncoderUnitsSet
                0x03805104       0x20 c:\Users\khand\AppData\Roaming\Code\User\globalStorage\vexrobotics.vexcode\sdk\cpp\V5\V5_20220726_10_00_00/vexv5\libv5rt.a(v5_apiuser.c.obj)
                0x03805104                vexMotorEncoderUnitsSet
 .text.vexMotorBrakeModeSet
                0x03805124       0x20 c:\Users\khand\AppData\Roaming\Code\User\globalStorage\vexrobotics.vexcode\sdk\cpp\V5\V5_20220726_10_00_00/vexv5\libv5rt.a(v5_apiuser.c.obj)
                0x03805124                vexMotorBrakeModeSet
 .text.vexMotorPositionSet
                0x03805144       0x28 c:\Users\khand\AppData\Roaming\Code\User\globalStorage\vexrobotics.vexcode\sdk\cpp\V5\V5_20220726_10_00_00/vexv5\libv5rt.a(v5_apiuser.c.obj)
                0x03805144                vexMotorPositionSet
 .text.vexMotorPositionGet
                0x0380516c       0x24 c:\Users\khand\AppData\Roaming\Code\User\globalStorage\vexrobotics.vexcode\sdk\cpp\V5\V5_20220726_10_00_00/vexv5\libv5rt.a(v5_apiuser.c.obj)
                0x0380516c                vexMotorPositionGet
 .text.vexMotorRelativeTargetSet
                0x03805190       0x30 c:\Users\khand\AppData\Roaming\Code\User\globalStorage\vexrobotics.vexcode\sdk\cpp\V5\V5_20220726_10_00_00/vexv5\libv5rt.a(v5_apiuser.c.obj)
                0x03805190                vexMotorRelativeTargetSet
 .text.vexMotorGearingSet
                0x038051c0       0x20 c:\Users\khand\AppData\Roaming\Code\User\globalStorage\vexrobotics.vexcode\sdk\cpp\V5\V5_20220726_10_00_00/vexv5\libv5rt.a(v5_apiuser.c.obj)
                0x038051c0                vexMotorGearingSet
 .text.vexMotorGearingGet
                0x038051e0       0x18 c:\Users\khand\AppData\Roaming\Code\User\globalStorage\vexrobotics.vexcode\sdk\cpp\V5\V5_20220726_10_00_00/vexv5\libv5rt.a(v5_apiuser.c.obj)
                0x038051e0                vexMotorGearingGet
 .text.vexVisionModeSet
                0x038051f8       0x20 c:\Users\khand\AppData\Roaming\Code\User\globalStorage\vexrobotics.vexcode\sdk\cpp\V5\V5_20220726_10_00_00/vexv5\libv5rt.a(v5_apiuser.c.obj)
                0x038051f8                vexVisionModeSet
 .text.vexVisionObjectCountGet
                0x03805218       0x18 c:\Users\khand\AppData\Roaming\Code\User\globalStorage\vexrobotics.vexcode\sdk\cpp\V5\V5_20220726_10_00_00/vexv5\libv5rt.a(v5_apiuser.c.obj)
                0x03805218                vexVisionObjectCountGet
 .text.vexVisionObjectGet
                0x03805230       0x28 c:\Users\khand\AppData\Roaming\Code\User\globalStorage\vexrobotics.vexcode\sdk\cpp\V5\V5_20220726_10_00_00/vexv5\libv5rt.a(v5_apiuser.c.obj)
                0x03805230                vexVisionObjectGet
 .text.vexVisionBrightnessSet
                0x03805258       0x20 c:\Users\khand\AppData\Roaming\Code\User\globalStorage\vexrobotics.vexcode\sdk\cpp\V5\V5_20220726_10_00_00/vexv5\libv5rt.a(v5_apiuser.c.obj)
                0x03805258                vexVisionBrightnessSet
 .text.vexVisionLedModeSet
                0x03805278       0x20 c:\Users\khand\AppData\Roaming\Code\User\globalStorage\vexrobotics.vexcode\sdk\cpp\V5\V5_20220726_10_00_00/vexv5\libv5rt.a(v5_apiuser.c.obj)
                0x03805278                vexVisionLedModeSet
 .text.vexVisionLedColorSet
                0x03805298       0x2c c:\Users\khand\AppData\Roaming\Code\User\globalStorage\vexrobotics.vexcode\sdk\cpp\V5\V5_20220726_10_00_00/vexv5\libv5rt.a(v5_apiuser.c.obj)
                0x03805298                vexVisionLedColorSet
 .text.vexImuReset
                0x038052c4       0x10 c:\Users\khand\AppData\Roaming\Code\User\globalStorage\vexrobotics.vexcode\sdk\cpp\V5\V5_20220726_10_00_00/vexv5\libv5rt.a(v5_apiuser.c.obj)
                0x038052c4                vexImuReset
 .text.vexImuHeadingGet
                0x038052d4       0x10 c:\Users\khand\AppData\Roaming\Code\User\globalStorage\vexrobotics.vexcode\sdk\cpp\V5\V5_20220726_10_00_00/vexv5\libv5rt.a(v5_apiuser.c.obj)
                0x038052d4                vexImuHeadingGet
 .text.vexImuDegreesGet
                0x038052e4       0x10 c:\Users\khand\AppData\Roaming\Code\User\globalStorage\vexrobotics.vexcode\sdk\cpp\V5\V5_20220726_10_00_00/vexv5\libv5rt.a(v5_apiuser.c.obj)
                0x038052e4                vexImuDegreesGet
 .text.vexImuStatusGet
                0x038052f4       0x10 c:\Users\khand\AppData\Roaming\Code\User\globalStorage\vexrobotics.vexcode\sdk\cpp\V5\V5_20220726_10_00_00/vexv5\libv5rt.a(v5_apiuser.c.obj)
                0x038052f4                vexImuStatusGet
 .text.vexAbsEncAngleGet
                0x03805304       0x10 c:\Users\khand\AppData\Roaming\Code\User\globalStorage\vexrobotics.vexcode\sdk\cpp\V5\V5_20220726_10_00_00/vexv5\libv5rt.a(v5_apiuser.c.obj)
                0x03805304                vexAbsEncAngleGet
 .text.vexAbsEncReverseFlagSet
                0x03805314       0x18 c:\Users\khand\AppData\Roaming\Code\User\globalStorage\vexrobotics.vexcode\sdk\cpp\V5\V5_20220726_10_00_00/vexv5\libv5rt.a(v5_apiuser.c.obj)
                0x03805314                vexAbsEncReverseFlagSet
 .text.vexOpticalHueGet
                0x0380532c       0x10 c:\Users\khand\AppData\Roaming\Code\User\globalStorage\vexrobotics.vexcode\sdk\cpp\V5\V5_20220726_10_00_00/vexv5\libv5rt.a(v5_apiuser.c.obj)
                0x0380532c                vexOpticalHueGet
 .text.vexOpticalProximityGet
                0x0380533c       0x10 c:\Users\khand\AppData\Roaming\Code\User\globalStorage\vexrobotics.vexcode\sdk\cpp\V5\V5_20220726_10_00_00/vexv5\libv5rt.a(v5_apiuser.c.obj)
                0x0380533c                vexOpticalProximityGet
 .text.vexOpticalGestureEnable
                0x0380534c       0x10 c:\Users\khand\AppData\Roaming\Code\User\globalStorage\vexrobotics.vexcode\sdk\cpp\V5\V5_20220726_10_00_00/vexv5\libv5rt.a(v5_apiuser.c.obj)
                0x0380534c                vexOpticalGestureEnable
 .text.vexOpticalGestureDisable
                0x0380535c       0x10 c:\Users\khand\AppData\Roaming\Code\User\globalStorage\vexrobotics.vexcode\sdk\cpp\V5\V5_20220726_10_00_00/vexv5\libv5rt.a(v5_apiuser.c.obj)
                0x0380535c                vexOpticalGestureDisable
 .text.vexOpticalProximityThreshold
                0x0380536c       0x18 c:\Users\khand\AppData\Roaming\Code\User\globalStorage\vexrobotics.vexcode\sdk\cpp\V5\V5_20220726_10_00_00/vexv5\libv5rt.a(v5_apiuser.c.obj)
                0x0380536c                vexOpticalProximityThreshold
 .text.vexEventMaskSet
                0x03805384       0x28 c:\Users\khand\AppData\Roaming\Code\User\globalStorage\vexrobotics.vexcode\sdk\cpp\V5\V5_20220726_10_00_00/vexv5\libv5rt.a(v5_apiuser.c.obj)
                0x03805384                vexEventMaskSet
 .text.vexEventMaskGet
                0x038053ac       0x18 c:\Users\khand\AppData\Roaming\Code\User\globalStorage\vexrobotics.vexcode\sdk\cpp\V5\V5_20220726_10_00_00/vexv5\libv5rt.a(v5_apiuser.c.obj)
                0x038053ac                vexEventMaskGet
 .text._ZN3vex6deviceD2Ev
                0x038053c4        0x4 c:\Users\khand\AppData\Roaming\Code\User\globalStorage\vexrobotics.vexcode\sdk\cpp\V5\V5_20220726_10_00_00/vexv5\libv5rt.a(vex_device.cpp.obj)
                0x038053c4                vex::device::~device()
                0x038053c4                vex::device::~device()
 .text._ZN3vex6device5valueEv
                0x038053c8        0x8 c:\Users\khand\AppData\Roaming\Code\User\globalStorage\vexrobotics.vexcode\sdk\cpp\V5\V5_20220726_10_00_00/vexv5\libv5rt.a(vex_device.cpp.obj)
                0x038053c8                vex::device::value()
 .text._ZN3vex6deviceD0Ev
                0x038053d0       0x14 c:\Users\khand\AppData\Roaming\Code\User\globalStorage\vexrobotics.vexcode\sdk\cpp\V5\V5_20220726_10_00_00/vexv5\libv5rt.a(vex_device.cpp.obj)
                0x038053d0                vex::device::~device()
 .text._ZN3vex6device4initEl
                0x038053e4       0x30 c:\Users\khand\AppData\Roaming\Code\User\globalStorage\vexrobotics.vexcode\sdk\cpp\V5\V5_20220726_10_00_00/vexv5\libv5rt.a(vex_device.cpp.obj)
                0x038053e4                vex::device::init(long)
 .text._ZN3vex6deviceC2El
                0x03805414       0x20 c:\Users\khand\AppData\Roaming\Code\User\globalStorage\vexrobotics.vexcode\sdk\cpp\V5\V5_20220726_10_00_00/vexv5\libv5rt.a(vex_device.cpp.obj)
                0x03805414                vex::device::device(long)
                0x03805414                vex::device::device(long)
 .text._ZN3vex6device4typeEv
                0x03805434       0x10 c:\Users\khand\AppData\Roaming\Code\User\globalStorage\vexrobotics.vexcode\sdk\cpp\V5\V5_20220726_10_00_00/vexv5\libv5rt.a(vex_device.cpp.obj)
                0x03805434                vex::device::type()
 .text._ZN3vex6device9installedEv
                0x03805444       0x14 c:\Users\khand\AppData\Roaming\Code\User\globalStorage\vexrobotics.vexcode\sdk\cpp\V5\V5_20220726_10_00_00/vexv5\libv5rt.a(vex_device.cpp.obj)
                0x03805444                vex::device::installed()
 .text.__libc_fini_array